<html>
<body>
<pre>
<h1>µVision Build Log</h1>
<h2>Tool Versions:</h2>
IDE-Version: ¦ÌVision V5.39.0.0
Copyright (C) 2023 ARM Ltd and ARM Germany GmbH. All rights reserved.
License Information: 11 11, 11, LIC=03C6R-KKCC3-Y8GFK-ZN0B8-S84HT-2NF3S
 
Tool Versions:
Toolchain:       MDK-ARM Plus  Version: 5.39.0.0
Toolchain Path:  C:\Users\Me\Software_Tool\Keil5\ARM\ARMCC\Bin
C Compiler:      Armcc.exe V5.06 update 7 (build 960)
Assembler:       Armasm.exe V5.06 update 7 (build 960)
Linker/Locator:  ArmLink.exe V5.06 update 7 (build 960)
Library Manager: ArmAr.exe V5.06 update 7 (build 960)
Hex Converter:   FromElf.exe V5.06 update 7 (build 960)
CPU DLL:         SARMCM3.DLL V5.39.0.0
Dialog DLL:      DCM.DLL V1.17.5.0
Target DLL:      STLink\ST-LINKIII-KEIL_SWO.dll V3.2.0.0
Dialog DLL:      TCM.DLL V1.56.4.0
 
<h2>Project:</h2>
C:\Users\Me\Desktop\Code\foc_usb\Foc\MDK-ARM\Foc.uvprojx
Project File Date:  05/12/2025

<h2>Output:</h2>
*** Using Compiler 'V5.06 update 7 (build 960)', folder: 'C:\Users\Me\Software_Tool\Keil5\ARM\ARMCC\Bin'
Build target 'Foc'
compiling usart.c...
compiling Bsp_Adc.c...
compiling freertos.c...
compiling stm32f4xx_hal_timebase_tim.c...
compiling usbd_conf.c...
compiling gpio.c...
compiling usb_device.c...
compiling usbd_desc.c...
compiling adc.c...
compiling i2c.c...
compiling spi.c...
compiling stm32f4xx_it.c...
compiling stm32f4xx_hal_msp.c...
compiling tim.c...
compiling dma.c...
compiling Bsp_DRV8301.c...
compiling Bsp_I2c.c...
compiling Bsp_Uart.c...
compiling main.c...
compiling stm32f4xx_hal_flash_ex.c...
compiling Foc.c...
compiling Usb.c...
compiling My_Sys.c...
..\Bsp\My_Sys.c(18): warning:  #550-D: variable "Electrical_angle"  was set but never used
  	uint16_t Electrical_angle;				//µç½Ç¶È
..\Bsp\My_Sys.c: 1 warning, 0 errors
compiling stm32f4xx_hal_rcc_ex.c...
compiling stm32f4xx_hal_tim_ex.c...
compiling stm32f4xx_hal_pcd_ex.c...
compiling stm32f4xx_hal_rcc.c...
compiling stm32f4xx_ll_adc.c...
compiling stm32f4xx_ll_usb.c...
compiling stm32f4xx_hal_flash_ramfunc.c...
compiling stm32f4xx_hal_pwr_ex.c...
compiling stm32f4xx_hal_gpio.c...
compiling stm32f4xx_hal_pcd.c...
compiling stm32f4xx_hal_tim.c...
compiling stm32f4xx_hal_flash.c...
compiling croutine.c...
compiling event_groups.c...
compiling stm32f4xx_hal_dma.c...
compiling stm32f4xx_hal_pwr.c...
compiling list.c...
compiling queue.c...
compiling stream_buffer.c...
compiling timers.c...
compiling tasks.c...
compiling heap_4.c...
compiling stm32f4xx_hal_cortex.c...
compiling port.c...
compiling stm32f4xx_hal_exti.c...
compiling stm32f4xx_hal_dma_ex.c...
compiling stm32f4xx_hal.c...
compiling stm32f4xx_hal_i2c_ex.c...
compiling stm32f4xx_hal_i2c.c...
compiling system_stm32f4xx.c...
compiling stm32f4xx_hal_adc_ex.c...
compiling stm32f4xx_hal_spi.c...
compiling stm32f4xx_hal_uart.c...
compiling usbd_hid.c...
compiling stm32f4xx_hal_adc.c...
compiling usbd_core.c...
compiling usbd_ctlreq.c...
compiling usbd_ioreq.c...
compiling cmsis_os2.c...
linking...
Program Size: Code=34136 RO-data=2568 RW-data=484 ZI-data=23868  
FromELF: creating hex file...
"Foc\Foc.axf" - 0 Error(s), 1 Warning(s).

<h2>Software Packages used:</h2>

Package Vendor: ARM
                http://www.keil.com/pack/ARM.CMSIS.5.9.0.pack
                ARM::CMSIS@5.9.0
                CMSIS (Common Microcontroller Software Interface Standard)
   * Component: CORE Version: 5.6.0

Package Vendor: Keil
                https://www.keil.com/pack/Keil.STM32F4xx_DFP.2.17.1.pack
                Keil::STM32F4xx_DFP@2.17.1
                STMicroelectronics STM32F4 Series Device Support, Drivers and Examples

<h2>Collection of Component include folders:</h2>
  ./RTE/_Foc
  C:/Users/Me/Software_Tool/Keil5/Pack/ARM/CMSIS/5.9.0/CMSIS/Core/Include
  C:/Users/Me/Software_Tool/Keil5/Pack/Keil/STM32F4xx_DFP/2.17.1/Drivers/CMSIS/Device/ST/STM32F4xx/Include

<h2>Collection of Component Files used:</h2>

   * Component: ARM::CMSIS:CORE@5.6.0
      Include file:  CMSIS/Core/Include/tz_context.h
Build Time Elapsed:  00:00:28
</pre>
</body>
</html>
