Component: ARM Compiler 5.06 update 7 (build 960) Tool: armlink [4d3601]

==============================================================================

Section Cross References

    startup_stm32f407xx.o(STACK) refers (Special) to heapauxi.o(.text) for __use_two_region_memory
    startup_stm32f407xx.o(HEAP) refers (Special) to heapauxi.o(.text) for __use_two_region_memory
    startup_stm32f407xx.o(RESET) refers (Special) to heapauxi.o(.text) for __use_two_region_memory
    startup_stm32f407xx.o(RESET) refers to startup_stm32f407xx.o(STACK) for __initial_sp
    startup_stm32f407xx.o(RESET) refers to startup_stm32f407xx.o(.text) for Reset_Handler
    startup_stm32f407xx.o(RESET) refers to stm32f4xx_it.o(i.NMI_Handler) for NMI_Handler
    startup_stm32f407xx.o(RESET) refers to stm32f4xx_it.o(i.HardFault_Handler) for HardFault_Handler
    startup_stm32f407xx.o(RESET) refers to stm32f4xx_it.o(i.MemManage_Handler) for MemManage_Handler
    startup_stm32f407xx.o(RESET) refers to stm32f4xx_it.o(i.BusFault_Handler) for BusFault_Handler
    startup_stm32f407xx.o(RESET) refers to stm32f4xx_it.o(i.UsageFault_Handler) for UsageFault_Handler
    startup_stm32f407xx.o(RESET) refers to port.o(.emb_text) for SVC_Handler
    startup_stm32f407xx.o(RESET) refers to stm32f4xx_it.o(i.DebugMon_Handler) for DebugMon_Handler
    startup_stm32f407xx.o(RESET) refers to cmsis_os2.o(i.SysTick_Handler) for SysTick_Handler
    startup_stm32f407xx.o(RESET) refers to stm32f4xx_it.o(i.TIM4_IRQHandler) for TIM4_IRQHandler
    startup_stm32f407xx.o(RESET) refers to stm32f4xx_it.o(i.USART1_IRQHandler) for USART1_IRQHandler
    startup_stm32f407xx.o(RESET) refers to stm32f4xx_it.o(i.TIM6_DAC_IRQHandler) for TIM6_DAC_IRQHandler
    startup_stm32f407xx.o(RESET) refers to stm32f4xx_it.o(i.TIM7_IRQHandler) for TIM7_IRQHandler
    startup_stm32f407xx.o(RESET) refers to stm32f4xx_it.o(i.DMA2_Stream0_IRQHandler) for DMA2_Stream0_IRQHandler
    startup_stm32f407xx.o(RESET) refers to stm32f4xx_it.o(i.OTG_FS_IRQHandler) for OTG_FS_IRQHandler
    startup_stm32f407xx.o(RESET) refers to stm32f4xx_it.o(i.DMA2_Stream7_IRQHandler) for DMA2_Stream7_IRQHandler
    startup_stm32f407xx.o(.text) refers (Special) to heapauxi.o(.text) for __use_two_region_memory
    startup_stm32f407xx.o(.text) refers to system_stm32f4xx.o(i.SystemInit) for SystemInit
    startup_stm32f407xx.o(.text) refers to __main.o(!!!main) for __main
    startup_stm32f407xx.o(.text) refers to startup_stm32f407xx.o(HEAP) for Heap_Mem
    startup_stm32f407xx.o(.text) refers to startup_stm32f407xx.o(STACK) for Stack_Mem
    main.o(i.HAL_TIM_PeriodElapsedCallback) refers to stm32f4xx_hal.o(i.HAL_IncTick) for HAL_IncTick
    main.o(i.HAL_TIM_PeriodElapsedCallback) refers to foc.o(i.Svpwm_ABC) for Svpwm_ABC
    main.o(i.HAL_TIM_PeriodElapsedCallback) refers to stm32f4xx_hal_uart.o(i.HAL_UART_Transmit_DMA) for HAL_UART_Transmit_DMA
    main.o(i.HAL_TIM_PeriodElapsedCallback) refers to bsp_adc.o(.bss) for dmaDataBuffer
    main.o(i.HAL_TIM_PeriodElapsedCallback) refers to main.o(.data) for .data
    main.o(i.HAL_TIM_PeriodElapsedCallback) refers to main.o(.bss) for .bss
    main.o(i.HAL_TIM_PeriodElapsedCallback) refers to usart.o(.bss) for huart1
    main.o(i.SystemClock_Config) refers to rt_memclr_w.o(.text) for __aeabi_memclr4
    main.o(i.SystemClock_Config) refers to stm32f4xx_hal_rcc.o(i.HAL_RCC_OscConfig) for HAL_RCC_OscConfig
    main.o(i.SystemClock_Config) refers to stm32f4xx_hal_rcc.o(i.HAL_RCC_ClockConfig) for HAL_RCC_ClockConfig
    main.o(i.main) refers to stm32f4xx_hal.o(i.HAL_Init) for HAL_Init
    main.o(i.main) refers to main.o(i.SystemClock_Config) for SystemClock_Config
    main.o(i.main) refers to gpio.o(i.MX_GPIO_Init) for MX_GPIO_Init
    main.o(i.main) refers to dma.o(i.MX_DMA_Init) for MX_DMA_Init
    main.o(i.main) refers to usart.o(i.MX_USART1_UART_Init) for MX_USART1_UART_Init
    main.o(i.main) refers to spi.o(i.MX_SPI1_Init) for MX_SPI1_Init
    main.o(i.main) refers to i2c.o(i.MX_I2C1_Init) for MX_I2C1_Init
    main.o(i.main) refers to tim.o(i.MX_TIM4_Init) for MX_TIM4_Init
    main.o(i.main) refers to adc.o(i.MX_ADC1_Init) for MX_ADC1_Init
    main.o(i.main) refers to tim.o(i.MX_TIM1_Init) for MX_TIM1_Init
    main.o(i.main) refers to tim.o(i.MX_TIM7_Init) for MX_TIM7_Init
    main.o(i.main) refers to stm32f4xx_hal.o(i.HAL_Delay) for HAL_Delay
    main.o(i.main) refers to stm32f4xx_hal_uart.o(i.HAL_UART_Receive_IT) for HAL_UART_Receive_IT
    main.o(i.main) refers to bsp_drv8301.o(i.Drv8301_Init) for Drv8301_Init
    main.o(i.main) refers to stm32f4xx_hal_tim.o(i.HAL_TIM_PWM_Start) for HAL_TIM_PWM_Start
    main.o(i.main) refers to stm32f4xx_hal_tim_ex.o(i.HAL_TIMEx_PWMN_Start) for HAL_TIMEx_PWMN_Start
    main.o(i.main) refers to stm32f4xx_hal_tim.o(i.HAL_TIM_Base_Start_IT) for HAL_TIM_Base_Start_IT
    main.o(i.main) refers to cmsis_os2.o(i.osKernelInitialize) for osKernelInitialize
    main.o(i.main) refers to freertos.o(i.MX_FREERTOS_Init) for MX_FREERTOS_Init
[...]
    HAL_PCD_MspInit                          0x0800298d   Thumb Code   122  usbd_conf.o(i.HAL_PCD_MspInit)
    HAL_PCD_ResetCallback                    0x08002a11   Thumb Code    44  usbd_conf.o(i.HAL_PCD_ResetCallback)
    HAL_PCD_ResumeCallback                   0x08002a3d   Thumb Code     8  usbd_conf.o(i.HAL_PCD_ResumeCallback)
    HAL_PCD_SOFCallback                      0x08002a45   Thumb Code     8  usbd_conf.o(i.HAL_PCD_SOFCallback)
    HAL_PCD_SetAddress                       0x08002a4d   Thumb Code    38  stm32f4xx_hal_pcd.o(i.HAL_PCD_SetAddress)
    HAL_PCD_SetupStageCallback               0x08002a73   Thumb Code    14  usbd_conf.o(i.HAL_PCD_SetupStageCallback)
    HAL_PCD_Start                            0x08002a81   Thumb Code    66  stm32f4xx_hal_pcd.o(i.HAL_PCD_Start)
    HAL_PCD_SuspendCallback                  0x08002ac5   Thumb Code    44  usbd_conf.o(i.HAL_PCD_SuspendCallback)
    HAL_RCC_ClockConfig                      0x08002af5   Thumb Code   288  stm32f4xx_hal_rcc.o(i.HAL_RCC_ClockConfig)
    HAL_RCC_GetClockConfig                   0x08002c29   Thumb Code    54  stm32f4xx_hal_rcc.o(i.HAL_RCC_GetClockConfig)
    HAL_RCC_GetHCLKFreq                      0x08002c69   Thumb Code     6  stm32f4xx_hal_rcc.o(i.HAL_RCC_GetHCLKFreq)
    HAL_RCC_GetPCLK1Freq                     0x08002c75   Thumb Code    20  stm32f4xx_hal_rcc.o(i.HAL_RCC_GetPCLK1Freq)
    HAL_RCC_GetPCLK2Freq                     0x08002c95   Thumb Code    20  stm32f4xx_hal_rcc.o(i.HAL_RCC_GetPCLK2Freq)
    HAL_RCC_GetSysClockFreq                  0x08002cb5   Thumb Code    88  stm32f4xx_hal_rcc.o(i.HAL_RCC_GetSysClockFreq)
    HAL_RCC_OscConfig                        0x08002d15   Thumb Code   856  stm32f4xx_hal_rcc.o(i.HAL_RCC_OscConfig)
    HAL_SPI_Init                             0x08003081   Thumb Code   188  stm32f4xx_hal_spi.o(i.HAL_SPI_Init)
    HAL_SPI_MspInit                          0x0800313d   Thumb Code    92  spi.o(i.HAL_SPI_MspInit)
    HAL_SPI_Receive                          0x080031a5   Thumb Code   340  stm32f4xx_hal_spi.o(i.HAL_SPI_Receive)
    HAL_SPI_Transmit                         0x080032f9   Thumb Code   358  stm32f4xx_hal_spi.o(i.HAL_SPI_Transmit)
    HAL_SPI_TransmitReceive                  0x0800345f   Thumb Code   496  stm32f4xx_hal_spi.o(i.HAL_SPI_TransmitReceive)
    HAL_TIMEx_BreakCallback                  0x0800364f   Thumb Code     2  stm32f4xx_hal_tim_ex.o(i.HAL_TIMEx_BreakCallback)
    HAL_TIMEx_CommutCallback                 0x08003651   Thumb Code     2  stm32f4xx_hal_tim_ex.o(i.HAL_TIMEx_CommutCallback)
    HAL_TIMEx_ConfigBreakDeadTime            0x08003653   Thumb Code    84  stm32f4xx_hal_tim_ex.o(i.HAL_TIMEx_ConfigBreakDeadTime)
    HAL_TIMEx_MasterConfigSynchronization    0x080036a9   Thumb Code   116  stm32f4xx_hal_tim_ex.o(i.HAL_TIMEx_MasterConfigSynchronization)
    HAL_TIMEx_PWMN_Start                     0x08003739   Thumb Code   164  stm32f4xx_hal_tim_ex.o(i.HAL_TIMEx_PWMN_Start)
    HAL_TIM_Base_Init                        0x080037f9   Thumb Code    90  stm32f4xx_hal_tim.o(i.HAL_TIM_Base_Init)
    HAL_TIM_Base_MspInit                     0x08003855   Thumb Code   112  tim.o(i.HAL_TIM_Base_MspInit)
    HAL_TIM_Base_Start_IT                    0x080038d5   Thumb Code   100  stm32f4xx_hal_tim.o(i.HAL_TIM_Base_Start_IT)
    HAL_TIM_ConfigClockSource                0x08003955   Thumb Code   220  stm32f4xx_hal_tim.o(i.HAL_TIM_ConfigClockSource)
    HAL_TIM_IC_CaptureCallback               0x08003a31   Thumb Code     2  stm32f4xx_hal_tim.o(i.HAL_TIM_IC_CaptureCallback)
    HAL_TIM_IRQHandler                       0x08003a33   Thumb Code   304  stm32f4xx_hal_tim.o(i.HAL_TIM_IRQHandler)
    HAL_TIM_MspPostInit                      0x08003b65   Thumb Code   108  tim.o(i.HAL_TIM_MspPostInit)
    HAL_TIM_OC_DelayElapsedCallback          0x08003be1   Thumb Code     2  stm32f4xx_hal_tim.o(i.HAL_TIM_OC_DelayElapsedCallback)
    HAL_TIM_PWM_ConfigChannel                0x08003be3   Thumb Code   204  stm32f4xx_hal_tim.o(i.HAL_TIM_PWM_ConfigChannel)
    HAL_TIM_PWM_Init                         0x08003caf   Thumb Code    90  stm32f4xx_hal_tim.o(i.HAL_TIM_PWM_Init)
    HAL_TIM_PWM_MspInit                      0x08003d09   Thumb Code     2  stm32f4xx_hal_tim.o(i.HAL_TIM_PWM_MspInit)
    HAL_TIM_PWM_PulseFinishedCallback        0x08003d0b   Thumb Code     2  stm32f4xx_hal_tim.o(i.HAL_TIM_PWM_PulseFinishedCallback)
    HAL_TIM_PWM_Start                        0x08003d0d   Thumb Code   172  stm32f4xx_hal_tim.o(i.HAL_TIM_PWM_Start)
    HAL_TIM_PeriodElapsedCallback            0x08003dd5   Thumb Code   252  main.o(i.HAL_TIM_PeriodElapsedCallback)
    HAL_TIM_TriggerCallback                  0x08003f09   Thumb Code     2  stm32f4xx_hal_tim.o(i.HAL_TIM_TriggerCallback)
    HAL_UARTEx_RxEventCallback               0x08003f0b   Thumb Code     2  stm32f4xx_hal_uart.o(i.HAL_UARTEx_RxEventCallback)
    HAL_UART_ErrorCallback                   0x08003f0d   Thumb Code     2  stm32f4xx_hal_uart.o(i.HAL_UART_ErrorCallback)
    HAL_UART_IRQHandler                      0x08003f11   Thumb Code   636  stm32f4xx_hal_uart.o(i.HAL_UART_IRQHandler)
    HAL_UART_Init                            0x08004191   Thumb Code   100  stm32f4xx_hal_uart.o(i.HAL_UART_Init)
    HAL_UART_MspInit                         0x080041f5   Thumb Code   158  usart.o(i.HAL_UART_MspInit)
    HAL_UART_Receive_IT                      0x080042a9   Thumb Code    28  stm32f4xx_hal_uart.o(i.HAL_UART_Receive_IT)
    HAL_UART_RxCpltCallback                  0x080042c5   Thumb Code     2  stm32f4xx_hal_uart.o(i.HAL_UART_RxCpltCallback)
    HAL_UART_Transmit                        0x080042c7   Thumb Code   160  stm32f4xx_hal_uart.o(i.HAL_UART_Transmit)
    HAL_UART_Transmit_DMA                    0x08004369   Thumb Code   120  stm32f4xx_hal_uart.o(i.HAL_UART_Transmit_DMA)
    HAL_UART_TxCpltCallback                  0x080043ed   Thumb Code     2  stm32f4xx_hal_uart.o(i.HAL_UART_TxCpltCallback)
    HAL_UART_TxHalfCpltCallback              0x080043ef   Thumb Code     2  stm32f4xx_hal_uart.o(i.HAL_UART_TxHalfCpltCallback)
    HardFault_Handler                        0x080043f1   Thumb Code     2  stm32f4xx_it.o(i.HardFault_Handler)
    MX_ADC1_Init                             0x0800442d   Thumb Code   216  adc.o(i.MX_ADC1_Init)
    MX_DMA_Init                              0x08004511   Thumb Code    56  dma.o(i.MX_DMA_Init)
    MX_FREERTOS_Init                         0x0800454d   Thumb Code    18  freertos.o(i.MX_FREERTOS_Init)
    MX_GPIO_Init                             0x0800456d   Thumb Code   254  gpio.o(i.MX_GPIO_Init)
    MX_I2C1_Init                             0x0800467d   Thumb Code    50  i2c.o(i.MX_I2C1_Init)
    MX_SPI1_Init                             0x080046bd   Thumb Code    62  spi.o(i.MX_SPI1_Init)
    MX_TIM1_Init                             0x08004705   Thumb Code   242  tim.o(i.MX_TIM1_Init)
    MX_TIM4_Init                             0x08004801   Thumb Code    96  tim.o(i.MX_TIM4_Init)
    MX_TIM7_Init                             0x08004869   Thumb Code    58  tim.o(i.MX_TIM7_Init)
    MX_USART1_UART_Init                      0x080048ad   Thumb Code    48  usart.o(i.MX_USART1_UART_Init)
    MX_USB_DEVICE_Init                       0x080048e5   Thumb Code    52  usb_device.o(i.MX_USB_DEVICE_Init)
    MemManage_Handler                        0x08004925   Thumb Code     2  stm32f4xx_it.o(i.MemManage_Handler)
    NMI_Handler                              0x08004927   Thumb Code     2  stm32f4xx_it.o(i.NMI_Handler)
    OTG_FS_IRQHandler                        0x08004929   Thumb Code     6  stm32f4xx_it.o(i.OTG_FS_IRQHandler)
    RevPack                                  0x08004aa3   Thumb Code    84  foc.o(i.RevPack)
    SectorJudge                              0x08004c89   Thumb Code    68  foc.o(i.SectorJudge)
    StartDefaultTask                         0x08004cd5   Thumb Code    12  freertos.o(i.StartDefaultTask)
    Svpwm_ABC                                0x08004ce1   Thumb Code   134  foc.o(i.Svpwm_ABC)
    SysTick_Handler                          0x08004d71   Thumb Code    26  cmsis_os2.o(i.SysTick_Handler)
    SystemClock_Config                       0x08004d8d   Thumb Code   140  main.o(i.SystemClock_Config)
    SystemInit                               0x08004e21   Thumb Code    12  system_stm32f4xx.o(i.SystemInit)
    TIM4_IRQHandler                          0x08004e31   Thumb Code     6  stm32f4xx_it.o(i.TIM4_IRQHandler)
    TIM6_DAC_IRQHandler                      0x08004e3d   Thumb Code     6  stm32f4xx_it.o(i.TIM6_DAC_IRQHandler)
    TIM7_IRQHandler                          0x08004e49   Thumb Code     6  stm32f4xx_it.o(i.TIM7_IRQHandler)
    TIM_Base_SetConfig                       0x08004e55   Thumb Code   164  stm32f4xx_hal_tim.o(i.TIM_Base_SetConfig)
    TIM_CCxChannelCmd                        0x08004f25   Thumb Code    26  stm32f4xx_hal_tim.o(i.TIM_CCxChannelCmd)
    TIM_ETR_SetConfig                        0x08004f59   Thumb Code    20  stm32f4xx_hal_tim.o(i.TIM_ETR_SetConfig)
    TIM_OC2_SetConfig                        0x08004fdd   Thumb Code    98  stm32f4xx_hal_tim.o(i.TIM_OC2_SetConfig)
    UART_Start_Receive_IT                    0x08005425   Thumb Code    54  stm32f4xx_hal_uart.o(i.UART_Start_Receive_IT)
    USART1_IRQHandler                        0x080054cd   Thumb Code     6  stm32f4xx_it.o(i.USART1_IRQHandler)
    USBD_ClrClassConfig                      0x080054d9   Thumb Code    20  usbd_core.o(i.USBD_ClrClassConfig)
    USBD_CoreFindEP                          0x080054ed   Thumb Code     4  usbd_core.o(i.USBD_CoreFindEP)
    USBD_CoreFindIF                          0x080054f1   Thumb Code     4  usbd_core.o(i.USBD_CoreFindIF)
    USBD_CtlContinueRx                       0x080054f5   Thumb Code    16  usbd_ioreq.o(i.USBD_CtlContinueRx)
    USBD_CtlContinueSendData                 0x08005505   Thumb Code    16  usbd_ioreq.o(i.USBD_CtlContinueSendData)
    USBD_CtlError                            0x08005515   Thumb Code    22  usbd_ctlreq.o(i.USBD_CtlError)
    USBD_CtlReceiveStatus                    0x0800552b   Thumb Code    22  usbd_ioreq.o(i.USBD_CtlReceiveStatus)
    USBD_CtlSendData                         0x08005541   Thumb Code    28  usbd_ioreq.o(i.USBD_CtlSendData)
    USBD_CtlSendStatus                       0x0800555d   Thumb Code    22  usbd_ioreq.o(i.USBD_CtlSendStatus)
    USBD_FS_ConfigStrDescriptor              0x08005575   Thumb Code    16  usbd_desc.o(i.USBD_FS_ConfigStrDescriptor)
    USBD_FS_DeviceDescriptor                 0x08005595   Thumb Code     8  usbd_desc.o(i.USBD_FS_DeviceDescriptor)
    USBD_FS_InterfaceStrDescriptor           0x080055a1   Thumb Code    16  usbd_desc.o(i.USBD_FS_InterfaceStrDescriptor)
    USBD_FS_LangIDStrDescriptor              0x080055c5   Thumb Code     8  usbd_desc.o(i.USBD_FS_LangIDStrDescriptor)
    USBD_FS_ManufacturerStrDescriptor        0x080055d1   Thumb Code    16  usbd_desc.o(i.USBD_FS_ManufacturerStrDescriptor)
    USBD_FS_ProductStrDescriptor             0x080055f9   Thumb Code    16  usbd_desc.o(i.USBD_FS_ProductStrDescriptor)
    USBD_FS_SerialStrDescriptor              0x08005625   Thumb Code    48  usbd_desc.o(i.USBD_FS_SerialStrDescriptor)
    USBD_GetEpDesc                           0x08005743   Thumb Code    58  usbd_core.o(i.USBD_GetEpDesc)
    USBD_GetNextDesc                         0x08005791   Thumb Code    14  usbd_core.o(i.USBD_GetNextDesc)
    USBD_GetString                           0x0800579f   Thumb Code    78  usbd_ctlreq.o(i.USBD_GetString)
    USBD_Get_USB_Status                      0x080057ed   Thumb Code    24  usbd_conf.o(i.USBD_Get_USB_Status)
    USBD_Init                                0x08005a21   Thumb Code    38  usbd_core.o(i.USBD_Init)
    USBD_LL_ClearStallEP                     0x08005a47   Thumb Code    18  usbd_conf.o(i.USBD_LL_ClearStallEP)
    USBD_LL_CloseEP                          0x08005a59   Thumb Code    18  usbd_conf.o(i.USBD_LL_CloseEP)
    USBD_LL_DataInStage                      0x08005a6b   Thumb Code   184  usbd_core.o(i.USBD_LL_DataInStage)
    USBD_LL_DataOutStage                     0x08005b23   Thumb Code   148  usbd_core.o(i.USBD_LL_DataOutStage)
    USBD_LL_DevConnected                     0x08005bb7   Thumb Code     4  usbd_core.o(i.USBD_LL_DevConnected)
    USBD_LL_DevDisconnected                  0x08005bbb   Thumb Code    30  usbd_core.o(i.USBD_LL_DevDisconnected)
    USBD_LL_Init                             0x08005bd9   Thumb Code    90  usbd_conf.o(i.USBD_LL_Init)
    USBD_LL_IsStallEP                        0x08005c39   Thumb Code    30  usbd_conf.o(i.USBD_LL_IsStallEP)
    USBD_LL_IsoINIncomplete                  0x08005c57   Thumb Code    40  usbd_core.o(i.USBD_LL_IsoINIncomplete)
    USBD_LL_IsoOUTIncomplete                 0x08005c7f   Thumb Code    40  usbd_core.o(i.USBD_LL_IsoOUTIncomplete)
    USBD_LL_OpenEP                           0x08005ca7   Thumb Code    24  usbd_conf.o(i.USBD_LL_OpenEP)
    USBD_LL_PrepareReceive                   0x08005cbf   Thumb Code    18  usbd_conf.o(i.USBD_LL_PrepareReceive)
    USBD_LL_Reset                            0x08005cd1   Thumb Code    94  usbd_core.o(i.USBD_LL_Reset)
    USBD_LL_Resume                           0x08005d2f   Thumb Code    20  usbd_core.o(i.USBD_LL_Resume)
    USBD_LL_SOF                              0x08005d43   Thumb Code    26  usbd_core.o(i.USBD_LL_SOF)
    USBD_LL_SetSpeed                         0x08005d5d   Thumb Code     6  usbd_core.o(i.USBD_LL_SetSpeed)
    USBD_LL_SetUSBAddress                    0x08005d63   Thumb Code    18  usbd_conf.o(i.USBD_LL_SetUSBAddress)
    USBD_LL_SetupStage                       0x08005d75   Thumb Code    96  usbd_core.o(i.USBD_LL_SetupStage)
    USBD_LL_StallEP                          0x08005dd5   Thumb Code    18  usbd_conf.o(i.USBD_LL_StallEP)
    USBD_LL_Start                            0x08005de7   Thumb Code    18  usbd_conf.o(i.USBD_LL_Start)
    USBD_LL_Suspend                          0x08005df9   Thumb Code    26  usbd_core.o(i.USBD_LL_Suspend)
    USBD_LL_Transmit                         0x08005e13   Thumb Code    18  usbd_conf.o(i.USBD_LL_Transmit)
    USBD_ParseSetupRequest                   0x08005e25   Thumb Code    44  usbd_ctlreq.o(i.USBD_ParseSetupRequest)
    USBD_RegisterClass                       0x08005e51   Thumb Code    58  usbd_core.o(i.USBD_RegisterClass)
    USBD_SetClassConfig                      0x08005e8b   Thumb Code    20  usbd_core.o(i.USBD_SetClassConfig)
    USBD_Start                               0x08005f59   Thumb Code     4  usbd_core.o(i.USBD_Start)
    USBD_StdDevReq                           0x08005f5d   Thumb Code   300  usbd_ctlreq.o(i.USBD_StdDevReq)
    USBD_StdEPReq                            0x08006089   Thumb Code   358  usbd_ctlreq.o(i.USBD_StdEPReq)
    USBD_StdItfReq                           0x080061ef   Thumb Code   114  usbd_ctlreq.o(i.USBD_StdItfReq)
    USBD_static_free                         0x08006261   Thumb Code     2  usbd_conf.o(i.USBD_static_free)
    USBD_static_malloc                       0x08006265   Thumb Code     4  usbd_conf.o(i.USBD_static_malloc)
    USB_ActivateEndpoint                     0x0800626d   Thumb Code   122  stm32f4xx_ll_usb.o(i.USB_ActivateEndpoint)
    USB_ActivateSetup                        0x080062ed   Thumb Code    28  stm32f4xx_ll_usb.o(i.USB_ActivateSetup)
    USB_CoreInit                             0x08006309   Thumb Code   126  stm32f4xx_ll_usb.o(i.USB_CoreInit)
    USB_DeactivateEndpoint                   0x080063d1   Thumb Code   194  stm32f4xx_ll_usb.o(i.USB_DeactivateEndpoint)
    USB_DevConnect                           0x0800649d   Thumb Code    28  stm32f4xx_ll_usb.o(i.USB_DevConnect)
    USB_DevDisconnect                        0x080064b9   Thumb Code    28  stm32f4xx_ll_usb.o(i.USB_DevDisconnect)
    USB_DevInit                              0x080064d5   Thumb Code   370  stm32f4xx_ll_usb.o(i.USB_DevInit)
    USB_DisableGlobalInt                     0x08006651   Thumb Code    12  stm32f4xx_ll_usb.o(i.USB_DisableGlobalInt)
    USB_EP0_OutStart                         0x0800665d   Thumb Code    84  stm32f4xx_ll_usb.o(i.USB_EP0_OutStart)
    USB_EPClearStall                         0x080066b5   Thumb Code    88  stm32f4xx_ll_usb.o(i.USB_EPClearStall)
    USB_EPSetStall                           0x0800670d   Thumb Code    88  stm32f4xx_ll_usb.o(i.USB_EPSetStall)
    USB_EPStartXfer                          0x08006765   Thumb Code   562  stm32f4xx_ll_usb.o(i.USB_EPStartXfer)
    USB_EPStopXfer                           0x0800699d   Thumb Code   158  stm32f4xx_ll_usb.o(i.USB_EPStopXfer)
    USB_EnableGlobalInt                      0x08006a3b   Thumb Code    12  stm32f4xx_ll_usb.o(i.USB_EnableGlobalInt)
    USB_FlushRxFifo                          0x08006a47   Thumb Code    56  stm32f4xx_ll_usb.o(i.USB_FlushRxFifo)
    USB_FlushTxFifo                          0x08006a7f   Thumb Code    60  stm32f4xx_ll_usb.o(i.USB_FlushTxFifo)
    USB_GetDevSpeed                          0x08006abb   Thumb Code    26  stm32f4xx_ll_usb.o(i.USB_GetDevSpeed)
    USB_GetMode                              0x08006ad5   Thumb Code     8  stm32f4xx_ll_usb.o(i.USB_GetMode)
    USB_ReadDevAllInEpInterrupt              0x08006add   Thumb Code    14  stm32f4xx_ll_usb.o(i.USB_ReadDevAllInEpInterrupt)
    USB_ReadDevAllOutEpInterrupt             0x08006aeb   Thumb Code    14  stm32f4xx_ll_usb.o(i.USB_ReadDevAllOutEpInterrupt)
    USB_ReadDevInEPInterrupt                 0x08006af9   Thumb Code    36  stm32f4xx_ll_usb.o(i.USB_ReadDevInEPInterrupt)
    USB_ReadDevOutEPInterrupt                0x08006b1d   Thumb Code    16  stm32f4xx_ll_usb.o(i.USB_ReadDevOutEPInterrupt)
    USB_ReadInterrupts                       0x08006b2d   Thumb Code     8  stm32f4xx_ll_usb.o(i.USB_ReadInterrupts)
    USB_ReadPacket                           0x08006b35   Thumb Code    62  stm32f4xx_ll_usb.o(i.USB_ReadPacket)
    USB_SetCurrentMode                       0x08006b73   Thumb Code    92  stm32f4xx_ll_usb.o(i.USB_SetCurrentMode)
    USB_SetDevAddress                        0x08006bcf   Thumb Code    34  stm32f4xx_ll_usb.o(i.USB_SetDevAddress)
    USB_SetTurnaroundTime                    0x08006bf1   Thumb Code   158  stm32f4xx_ll_usb.o(i.USB_SetTurnaroundTime)
    USB_WritePacket                          0x08006cd9   Thumb Code    40  stm32f4xx_ll_usb.o(i.USB_WritePacket)
    UsageFault_Handler                       0x08006d01   Thumb Code     2  stm32f4xx_it.o(i.UsageFault_Handler)
    V_Time                                   0x08006d05   Thumb Code   148  foc.o(i.V_Time)
    fputc                                    0x08006dc1   Thumb Code    20  bsp_uart.o(i.fputc)
    main                                     0x08006dd9   Thumb Code   160  main.o(i.main)
    osDelay                                  0x08006e91   Thumb Code    26  cmsis_os2.o(i.osDelay)
    osKernelInitialize                       0x08006ead   Thumb Code    32  cmsis_os2.o(i.osKernelInitialize)
    osKernelStart                            0x08006ed1   Thumb Code    48  cmsis_os2.o(i.osKernelStart)
    osThreadNew                              0x08006f09   Thumb Code   138  cmsis_os2.o(i.osThreadNew)
    pvPortMalloc                             0x08007729   Thumb Code   216  heap_4.o(i.pvPortMalloc)
    pxPortInitialiseStack                    0x08007805   Thumb Code    40  port.o(i.pxPortInitialiseStack)
    spi1_read_byte                           0x08007831   Thumb Code    50  bsp_drv8301.o(i.spi1_read_byte)
    spi1_write_byte                          0x0800786d   Thumb Code    50  bsp_drv8301.o(i.spi1_write_byte)
    uxListRemove                             0x080078a9   Thumb Code    38  list.o(i.uxListRemove)
    vApplicationGetIdleTaskMemory            0x080078d1   Thumb Code    16  cmsis_os2.o(i.vApplicationGetIdleTaskMemory)
    vApplicationGetTimerTaskMemory           0x080078e5   Thumb Code    18  cmsis_os2.o(i.vApplicationGetTimerTaskMemory)
    vListInitialise                          0x080078fd   Thumb Code    22  list.o(i.vListInitialise)
    vListInitialiseItem                      0x08007913   Thumb Code     6  list.o(i.vListInitialiseItem)
    vListInsert                              0x08007919   Thumb Code    48  list.o(i.vListInsert)
    vListInsertEnd                           0x08007949   Thumb Code    24  list.o(i.vListInsertEnd)
    vPortEnterCritical                       0x08007961   Thumb Code    54  port.o(i.vPortEnterCritical)
    vPortExitCritical                        0x080079a1   Thumb Code    34  port.o(i.vPortExitCritical)
    vPortFree                                0x080079c9   Thumb Code    94  heap_4.o(i.vPortFree)
    vPortSetupTimerInterrupt                 0x08007a2d   Thumb Code    32  port.o(i.vPortSetupTimerInterrupt)
    vPortValidateInterruptPriority           0x08007a51   Thumb Code    74  port.o(i.vPortValidateInterruptPriority)
    vQueueAddToRegistry                      0x08007aa5   Thumb Code    34  queue.o(i.vQueueAddToRegistry)
    vQueueWaitForMessageRestricted           0x08007acd   Thumb Code    68  queue.o(i.vQueueWaitForMessageRestricted)
    vTaskDelay                               0x08007b11   Thumb Code    66  tasks.o(i.vTaskDelay)
    vTaskInternalSetTimeOutState             0x08007b5d   Thumb Code    12  tasks.o(i.vTaskInternalSetTimeOutState)
    vTaskMissedYield                         0x08007b6d   Thumb Code     8  tasks.o(i.vTaskMissedYield)
    vTaskPlaceOnEventList                    0x08007b79   Thumb Code    44  tasks.o(i.vTaskPlaceOnEventList)
    vTaskPlaceOnEventListRestricted          0x08007ba9   Thumb Code    52  tasks.o(i.vTaskPlaceOnEventListRestricted)
    vTaskStartScheduler                      0x08007be1   Thumb Code   118  tasks.o(i.vTaskStartScheduler)
    vTaskSuspendAll                          0x08007c69   Thumb Code    10  tasks.o(i.vTaskSuspendAll)
    vTaskSwitchContext                       0x08007c79   Thumb Code    90  tasks.o(i.vTaskSwitchContext)
    xPortStartScheduler                      0x08007cdd   Thumb Code   222  port.o(i.xPortStartScheduler)
    xPortSysTickHandler                      0x08007dd1   Thumb Code    38  port.o(i.xPortSysTickHandler)
    xQueueGenericCreateStatic                0x08007dfd   Thumb Code   102  queue.o(i.xQueueGenericCreateStatic)
    xQueueGenericReset                       0x08007e65   Thumb Code   132  queue.o(i.xQueueGenericReset)
    xQueueGenericSend                        0x08007eed   Thumb Code   346  queue.o(i.xQueueGenericSend)
    xQueueGenericSendFromISR                 0x0800804d   Thumb Code   190  queue.o(i.xQueueGenericSendFromISR)
    xQueueReceive                            0x0800810d   Thumb Code   308  queue.o(i.xQueueReceive)
    xTaskCheckForTimeOut                     0x08008245   Thumb Code   112  tasks.o(i.xTaskCheckForTimeOut)
    xTaskCreate                              0x080082b9   Thumb Code    90  tasks.o(i.xTaskCreate)
    xTaskCreateStatic                        0x08008313   Thumb Code    86  tasks.o(i.xTaskCreateStatic)
    xTaskGetSchedulerState                   0x08008369   Thumb Code    22  tasks.o(i.xTaskGetSchedulerState)
    xTaskGetTickCount                        0x08008385   Thumb Code     6  tasks.o(i.xTaskGetTickCount)
    xTaskIncrementTick                       0x08008391   Thumb Code   192  tasks.o(i.xTaskIncrementTick)
    xTaskPriorityDisinherit                  0x08008459   Thumb Code   118  tasks.o(i.xTaskPriorityDisinherit)
    xTaskRemoveFromEventList                 0x080084d9   Thumb Code    98  tasks.o(i.xTaskRemoveFromEventList)
    xTaskResumeAll                           0x08008549   Thumb Code   182  tasks.o(i.xTaskResumeAll)
    xTimerCreateTimerTask                    0x0800860d   Thumb Code    78  timers.o(i.xTimerCreateTimerTask)
    xTimerGenericCommand                     0x0800866d   Thumb Code    98  timers.o(i.xTimerGenericCommand)
    _fp_init                                 0x080086d5   Thumb Code    10  fpinit.o(x$fpl$fpinit)
    __fplib_config_fpu_vfp                   0x080086dd   Thumb Code     0  fpinit.o(x$fpl$fpinit)
    __fplib_config_pureend_doubles           0x080086dd   Thumb Code     0  fpinit.o(x$fpl$fpinit)
    defaultTask_attributes                   0x080086e0   Data          36  freertos.o(.constdata)
    AHBPrescTable                            0x0800870c   Data          16  system_stm32f4xx.o(.constdata)
    APBPrescTable                            0x0800871c   Data           8  system_stm32f4xx.o(.constdata)
    __stdin_name                             0x08008724   Data           4  sys_io.o(.constdata)
    __stdout_name                            0x08008728   Data           4  sys_io.o(.constdata)
    __stderr_name                            0x0800872c   Data           4  sys_io.o(.constdata)
    sinTable_f32                             0x0800873c   Data        2052  arm_common_tables.o(.rodata.sinTable_f32)
    Region$$Table$$Base                      0x08008f40   Number         0  anon$$obj.o(Region$$Table)
    Region$$Table$$Limit                     0x08008f60   Number         0  anon$$obj.o(Region$$Table)
    Tpwm                                     0x20000000   Data           2  main.o(.data)
    aRxBuffer                                0x20000002   Data           3  main.o(.data)
    theta                                    0x20000008   Data           4  main.o(.data)
    FOC_Speed                                0x2000000c   Data           4  main.o(.data)
    Vbus                                     0x20000010   Data           4  main.o(.data)
    One_rad                                  0x20000014   Data           4  main.o(.data)
    ARR7                                     0x20000018   Data           4  main.o(.data)
    temp_Data                                0x2000001c   Data          16  main.o(.data)
    defaultTaskHandle                        0x2000002c   Data           4  freertos.o(.data)
    FS_Desc                                  0x20000030   Data          28  usbd_desc.o(.data)
    USBD_LangIDDesc                          0x2000004c   Data           4  usbd_desc.o(.data)
    USBD_FS_DeviceDesc                       0x20000050   Data          18  usbd_desc.o(.data)
    USBD_StringSerial                        0x20000064   Data          26  usbd_desc.o(.data)
    uwTickFreq                               0x20000080   Data           1  stm32f4xx_hal.o(.data)
    uwTickPrio                               0x20000084   Data           4  stm32f4xx_hal.o(.data)
    uwTick                                   0x20000088   Data           4  stm32f4xx_hal.o(.data)
    SystemCoreClock                          0x2000008c   Data           4  system_stm32f4xx.o(.data)
    pxCurrentTCB                             0x20000090   Data           4  tasks.o(.data)
    USBD_HID                                 0x20000114   Data          56  usbd_hid.o(.data)
    __aeabi_stdin                            0x200001d8   Data           4  stdio_streams.o(.data)
    __aeabi_stdout                           0x200001dc   Data           4  stdio_streams.o(.data)
    __aeabi_stderr                           0x200001e0   Data           4  stdio_streams.o(.data)
    Iabc_temp                                0x200001e4   Data          12  main.o(.bss)
    hadc1                                    0x200001f0   Data          72  adc.o(.bss)
    hdma_adc1                                0x20000238   Data          96  adc.o(.bss)
    hi2c1                                    0x20000298   Data          84  i2c.o(.bss)
    hspi1                                    0x200002ec   Data          88  spi.o(.bss)
    htim1                                    0x20000344   Data          72  tim.o(.bss)
    htim4                                    0x2000038c   Data          72  tim.o(.bss)
    htim7                                    0x200003d4   Data          72  tim.o(.bss)
    huart1                                   0x2000041c   Data          72  usart.o(.bss)
    hdma_usart1_tx                           0x20000464   Data          96  usart.o(.bss)
    htim6                                    0x200004c4   Data          72  stm32f4xx_hal_timebase_tim.o(.bss)
    hUsbDeviceFS                             0x2000050c   Data         732  usb_device.o(.bss)
    USBD_StrDesc                             0x200007e8   Data         512  usbd_desc.o(.bss)
    hpcd_USB_OTG_FS                          0x200009fc   Data        1252  usbd_conf.o(.bss)
    dmaDataBuffer                            0x20000ee0   Data          14  bsp_adc.o(.bss)
    xQueueRegistry                           0x20000ef0   Data          64  queue.o(.bss)
    __stdin                                  0x200057c4   Data          84  stdio_streams.o(.bss)
    __stdout                                 0x20005818   Data          84  stdio_streams.o(.bss)
    __stderr                                 0x2000586c   Data          84  stdio_streams.o(.bss)
    __libspace_start                         0x200058c0   Data          96  libspace.o(.bss)
    __temporary_stack_top$libspace           0x20005920   Data           0  libspace.o(.bss)



==============================================================================

Memory Map of the image

  Image Entry point : 0x08000189

  Load Region LR_IROM1 (Base: 0x08000000, Size: 0x00009144, Max: 0x00100000, ABSOLUTE, COMPRESSED[0x00009040])

    Execution Region ER_IROM1 (Exec base: 0x08000000, Load base: 0x08000000, Size: 0x00008f60, Max: 0x00100000, ABSOLUTE)

    Exec Addr    Load Addr    Size         Type   Attr      Idx    E Section Name        Object

    0x08000000   0x08000000   0x00000188   Data   RO            3    RESET               startup_stm32f407xx.o
    0x08000188   0x08000188   0x00000008   Code   RO         7817  * !!!main             c_w.l(__main.o)
    0x08000190   0x08000190   0x00000034   Code   RO         8171    !!!scatter          c_w.l(__scatter.o)
    0x080001c4   0x080001c4   0x0000005a   Code   RO         8169    !!dczerorl2         c_w.l(__dczerorl2.o)
    0x0800021e   0x0800021e   0x00000002   PAD
    0x08000220   0x08000220   0x0000001c   Code   RO         8173    !!handler_zi        c_w.l(__scatter_zi.o)
    0x0800023c   0x0800023c   0x00000000   Code   RO         7806    .ARM.Collect$$_printf_percent$$00000000  c_w.l(_printf_percent.o)
    0x0800023c   0x0800023c   0x00000006   Code   RO         7805    .ARM.Collect$$_printf_percent$$00000009  c_w.l(_printf_d.o)
    0x08000242   0x08000242   0x00000004   Code   RO         7840    .ARM.Collect$$_printf_percent$$00000017  c_w.l(_printf_percent_end.o)
    0x08000246   0x08000246   0x00000002   Code   RO         7976    .ARM.Collect$$libinit$$00000000  c_w.l(libinit.o)
    0x08000248   0x08000248   0x00000004   Code   RO         7977    .ARM.Collect$$libinit$$00000001  c_w.l(libinit2.o)
    0x0800024c   0x0800024c   0x00000000   Code   RO         7980    .ARM.Collect$$libinit$$00000004  c_w.l(libinit2.o)
    0x0800024c   0x0800024c   0x00000008   Code   RO         7981    .ARM.Collect$$libinit$$00000005  c_w.l(libinit2.o)
    0x08000254   0x08000254   0x00000000   Code   RO         7983    .ARM.Collect$$libinit$$0000000A  c_w.l(libinit2.o)
    0x08000254   0x08000254   0x00000000   Code   RO         7985    .ARM.Collect$$libinit$$0000000C  c_w.l(libinit2.o)
    0x08000254   0x08000254   0x00000000   Code   RO         7987    .ARM.Collect$$libinit$$0000000E  c_w.l(libinit2.o)
    0x08000254   0x08000254   0x00000000   Code   RO         7990    .ARM.Collect$$libinit$$00000011  c_w.l(libinit2.o)
    0x08000254   0x08000254   0x00000000   Code   RO         7992    .ARM.Collect$$libinit$$00000013  c_w.l(libinit2.o)
    0x08000254   0x08000254   0x00000000   Code   RO         7994    .ARM.Collect$$libinit$$00000015  c_w.l(libinit2.o)
    0x08000254   0x08000254   0x00000000   Code   RO         7996    .ARM.Collect$$libinit$$00000017  c_w.l(libinit2.o)
    0x08000254   0x08000254   0x00000000   Code   RO         7998    .ARM.Collect$$libinit$$00000019  c_w.l(libinit2.o)
    0x08000254   0x08000254   0x00000000   Code   RO         8000    .ARM.Collect$$libinit$$0000001B  c_w.l(libinit2.o)
    0x08000254   0x08000254   0x00000000   Code   RO         8002    .ARM.Collect$$libinit$$0000001D  c_w.l(libinit2.o)
    0x08000254   0x08000254   0x00000000   Code   RO         8004    .ARM.Collect$$libinit$$0000001F  c_w.l(libinit2.o)
    0x08000254   0x08000254   0x00000000   Code   RO         8006    .ARM.Collect$$libinit$$00000021  c_w.l(libinit2.o)
    0x08000254   0x08000254   0x00000000   Code   RO         8008    .ARM.Collect$$libinit$$00000023  c_w.l(libinit2.o)
    0x08000254   0x08000254   0x00000004   Code   RO         8009    .ARM.Collect$$libinit$$00000024  c_w.l(libinit2.o)
    0x08000258   0x08000258   0x00000000   Code   RO         8010    .ARM.Collect$$libinit$$00000025  c_w.l(libinit2.o)
    0x08000258   0x08000258   0x00000000   Code   RO         8014    .ARM.Collect$$libinit$$0000002C  c_w.l(libinit2.o)
    0x08000258   0x08000258   0x00000000   Code   RO         8016    .ARM.Collect$$libinit$$0000002E  c_w.l(libinit2.o)
    0x08000258   0x08000258   0x00000000   Code   RO         8018    .ARM.Collect$$libinit$$00000030  c_w.l(libinit2.o)
    0x08000258   0x08000258   0x00000000   Code   RO         8020    .ARM.Collect$$libinit$$00000032  c_w.l(libinit2.o)
    0x08000258   0x08000258   0x00000002   Code   RO         8021    .ARM.Collect$$libinit$$00000033  c_w.l(libinit2.o)
    0x0800025a   0x0800025a   0x00000002   Code   RO         8150    .ARM.Collect$$libshutdown$$00000000  c_w.l(libshutdown.o)
    0x0800025c   0x0800025c   0x00000000   Code   RO         8023    .ARM.Collect$$libshutdown$$00000002  c_w.l(libshutdown2.o)
    0x0800025c   0x0800025c   0x00000000   Code   RO         8025    .ARM.Collect$$libshutdown$$00000004  c_w.l(libshutdown2.o)
    0x0800025c   0x0800025c   0x00000004   Code   RO         8026    .ARM.Collect$$libshutdown$$00000005  c_w.l(libshutdown2.o)
    0x08000260   0x08000260   0x00000000   Code   RO         8027    .ARM.Collect$$libshutdown$$00000006  c_w.l(libshutdown2.o)
    0x08000260   0x08000260   0x00000000   Code   RO         8030    .ARM.Collect$$libshutdown$$00000009  c_w.l(libshutdown2.o)
    0x08000260   0x08000260   0x00000000   Code   RO         8033    .ARM.Collect$$libshutdown$$0000000C  c_w.l(libshutdown2.o)
    0x08000260   0x08000260   0x00000000   Code   RO         8035    .ARM.Collect$$libshutdown$$0000000E  c_w.l(libshutdown2.o)
    0x08000260   0x08000260   0x00000000   Code   RO         8038    .ARM.Collect$$libshutdown$$00000011  c_w.l(libshutdown2.o)
    0x08000260   0x08000260   0x00000002   Code   RO         8039    .ARM.Collect$$libshutdown$$00000012  c_w.l(libshutdown2.o)
    0x08000262   0x08000262   0x00000000   Code   RO         7831    .ARM.Collect$$rtentry$$00000000  c_w.l(__rtentry.o)
    0x08000262   0x08000262   0x00000000   Code   RO         7857    .ARM.Collect$$rtentry$$00000002  c_w.l(__rtentry2.o)
    0x08000262   0x08000262   0x00000006   Code   RO         7869    .ARM.Collect$$rtentry$$00000004  c_w.l(__rtentry4.o)
    0x08000268   0x08000268   0x00000000   Code   RO         7859    .ARM.Collect$$rtentry$$00000009  c_w.l(__rtentry2.o)
    0x08000268   0x08000268   0x00000004   Code   RO         7860    .ARM.Collect$$rtentry$$0000000A  c_w.l(__rtentry2.o)
    0x0800026c   0x0800026c   0x00000000   Code   RO         7862    .ARM.Collect$$rtentry$$0000000C  c_w.l(__rtentry2.o)
    0x0800026c   0x0800026c   0x00000008   Code   RO         7863    .ARM.Collect$$rtentry$$0000000D  c_w.l(__rtentry2.o)
    0x08000274   0x08000274   0x00000002   Code   RO         8046    .ARM.Collect$$rtexit$$00000000  c_w.l(rtexit.o)
    0x08000276   0x08000276   0x00000000   Code   RO         8096    .ARM.Collect$$rtexit$$00000002  c_w.l(rtexit2.o)
    0x08000276   0x08000276   0x00000004   Code   RO         8097    .ARM.Collect$$rtexit$$00000003  c_w.l(rtexit2.o)
    0x0800027a   0x0800027a   0x00000006   Code   RO         8098    .ARM.Collect$$rtexit$$00000004  c_w.l(rtexit2.o)
    0x08000280   0x08000280   0x000000be   Code   RO         7184    .emb_text           port.o
    0x0800033e   0x0800033e   0x00000002   PAD
    0x08000340   0x08000340   0x00000000   Code   RO         8102    .emb_text           c_w.l(maybetermalloc1.o)
    0x08000340   0x08000340   0x00000040   Code   RO            4    .text               startup_stm32f407xx.o
    0x08000380   0x08000380   0x000000ee   Code   RO         7775    .text               c_w.l(lludivv7m.o)
    0x0800046e   0x0800046e   0x00000002   PAD
    0x08000470   0x08000470   0x00000018   Code   RO         7779    .text               c_w.l(noretval__2printf.o)
    0x08000488   0x08000488   0x00000068   Code   RO         7781    .text               c_w.l(__printf.o)
    0x080004f0   0x080004f0   0x00000078   Code   RO         7783    .text               c_w.l(_printf_dec.o)
    0x08000568   0x08000568   0x0000008a   Code   RO         7807    .text               c_w.l(rt_memcpy_v6.o)
    0x080005f2   0x080005f2   0x00000010   Code   RO         7811    .text               c_w.l(aeabi_memset.o)
    0x08000602   0x08000602   0x0000004e   Code   RO         7813    .text               c_w.l(rt_memclr_w.o)
    0x08000650   0x08000650   0x00000006   Code   RO         7815    .text               c_w.l(heapauxi.o)
    0x08000656   0x08000656   0x000000b2   Code   RO         7836    .text               c_w.l(_printf_intcommon.o)
    0x08000708   0x08000708   0x00000024   Code   RO         7838    .text               c_w.l(_printf_char_file.o)
    0x0800072c   0x0800072c   0x00000064   Code   RO         7847    .text               c_w.l(rt_memcpy_w.o)
    0x08000790   0x08000790   0x00000044   Code   RO         7849    .text               c_w.l(rt_memclr.o)
    0x080007d4   0x080007d4   0x00000030   Code   RO         7873    .text               c_w.l(_printf_char_common.o)
    0x08000804   0x08000804   0x00000008   Code   RO         7875    .text               c_w.l(ferror.o)
    0x0800080c   0x0800080c   0x00000138   Code   RO         7877    .text               c_w.l(initio.o)
    0x08000944   0x08000944   0x00000066   Code   RO         7883    .text               c_w.l(sys_io.o)
    0x080009aa   0x080009aa   0x0000004a   Code   RO         7890    .text               c_w.l(sys_stackheap_outer.o)
    0x080009f4   0x080009f4   0x0000004e   Code   RO         7894    .text               c_w.l(h1_free.o)
    0x08000a42   0x08000a42   0x00000046   Code   RO         7950    .text               c_w.l(setvbuf.o)
    0x08000a88   0x08000a88   0x000000ec   Code   RO         7953    .text               c_w.l(fopen.o)
    0x08000b74   0x08000b74   0x0000004c   Code   RO         7955    .text               c_w.l(fclose.o)
    0x08000bc0   0x08000bc0   0x00000012   Code   RO         7961    .text               c_w.l(exit.o)
    0x08000bd2   0x08000bd2   0x0000000e   Code   RO         7967    .text               c_w.l(defsig_rtred_outer.o)
    0x08000be0   0x08000be0   0x00000008   Code   RO         8040    .text               c_w.l(libspace.o)
    0x08000be8   0x08000be8   0x00000002   Code   RO         8043    .text               c_w.l(use_no_semi.o)
    0x08000bea   0x08000bea   0x00000000   Code   RO         8045    .text               c_w.l(indicate_semi.o)
    0x08000bea   0x08000bea   0x00000002   PAD
    0x08000bec   0x08000bec   0x00000008   Code   RO         8053    .text               c_w.l(rt_heap_descriptor_intlibspace.o)
    0x08000bf4   0x08000bf4   0x00000004   Code   RO         8055    .text               c_w.l(hguard.o)
    0x08000bf8   0x08000bf8   0x0000008a   Code   RO         8057    .text               c_w.l(init_alloc.o)
    0x08000c82   0x08000c82   0x0000005e   Code   RO         8063    .text               c_w.l(h1_alloc.o)
    0x08000ce0   0x08000ce0   0x000000f8   Code   RO         8077    .text               c_w.l(fseek.o)
    0x08000dd8   0x08000dd8   0x000000f0   Code   RO         8079    .text               c_w.l(stdio.o)
    0x08000ec8   0x08000ec8   0x0000000a   Code   RO         8081    .text               c_w.l(defsig_exit.o)
    0x08000ed2   0x08000ed2   0x00000002   PAD
    0x08000ed4   0x08000ed4   0x00000034   Code   RO         8085    .text               c_w.l(defsig_rtred_inner.o)
    0x08000f08   0x08000f08   0x0000003e   Code   RO         8087    .text               c_w.l(strlen.o)
    0x08000f46   0x08000f46   0x00000002   PAD
    0x08000f48   0x08000f48   0x0000000c   Code   RO         8093    .text               c_w.l(sys_exit.o)
    0x08000f54   0x08000f54   0x0000000e   Code   RO         8104    .text               c_w.l(h1_init.o)
    0x08000f62   0x08000f62   0x00000034   Code   RO         8106    .text               c_w.l(h1_extend.o)
    0x08000f96   0x08000f96   0x00000042   Code   RO         8112    .text               c_w.l(ftell.o)
    0x08000fd8   0x08000fd8   0x00000032   Code   RO         8116    .text               c_w.l(defsig_general.o)
    0x0800100a   0x0800100a   0x0000000e   Code   RO         8118    .text               c_w.l(defsig_rtmem_outer.o)
    0x08001018   0x08001018   0x0000000e   Code   RO         8131    .text               c_w.l(sys_wrch.o)
    0x08001026   0x08001026   0x00000002   PAD
    0x08001028   0x08001028   0x00000008   Code   RO         8138    .text               c_w.l(rt_errno_addr_intlibspace.o)
    0x08001030   0x08001030   0x00000050   Code   RO         8144    .text               c_w.l(defsig_rtmem_inner.o)
    0x08001080   0x08001080   0x00000098   Code   RO         7636    .text.arm_cos_f32   arm_cortexM4lf_math.lib(arm_cos_f32.o)
    0x08001118   0x08001118   0x00000090   Code   RO         7645    .text.arm_sin_f32   arm_cortexM4lf_math.lib(arm_sin_f32.o)
    0x080011a8   0x080011a8   0x00000128   Code   RO         4053    i.ADC_Init          stm32f4xx_hal_adc.o
    0x080012d0   0x080012d0   0x00000002   Code   RO          606    i.BusFault_Handler  stm32f4xx_it.o
    0x080012d2   0x080012d2   0x000000fa   Code   RO         1233    i.CCR_ABC_Value     foc.o
    0x080013cc   0x080013cc   0x0000000c   Code   RO          607    i.DMA2_Stream0_IRQHandler  stm32f4xx_it.o
    0x080013d8   0x080013d8   0x0000000c   Code   RO          608    i.DMA2_Stream7_IRQHandler  stm32f4xx_it.o
    0x080013e4   0x080013e4   0x00000028   Code   RO         3359    i.DMA_CalcBaseAndBitshift  stm32f4xx_hal_dma.o
    0x0800140c   0x0800140c   0x00000054   Code   RO         3360    i.DMA_CheckFifoParam  stm32f4xx_hal_dma.o
    0x08001460   0x08001460   0x00000028   Code   RO         3361    i.DMA_SetConfig     stm32f4xx_hal_dma.o
    0x08001488   0x08001488   0x00000002   Code   RO          609    i.DebugMon_Handler  stm32f4xx_it.o
    0x0800148a   0x0800148a   0x00000002   PAD
    0x0800148c   0x0800148c   0x0000009c   Code   RO         1133    i.Drv8301_Init      bsp_drv8301.o
    0x08001528   0x08001528   0x00000004   Code   RO           13    i.Error_Handler     main.o
    0x0800152c   0x0800152c   0x0000014c   Code   RO         4055    i.HAL_ADC_ConfigChannel  stm32f4xx_hal_adc.o
    0x08001678   0x08001678   0x00000054   Code   RO         4064    i.HAL_ADC_Init      stm32f4xx_hal_adc.o
    0x080016cc   0x080016cc   0x000000b8   Code   RO          355    i.HAL_ADC_MspInit   adc.o
    0x08001784   0x08001784   0x00000092   Code   RO         3362    i.HAL_DMA_Abort     stm32f4xx_hal_dma.o
    0x08001816   0x08001816   0x00000024   Code   RO         3363    i.HAL_DMA_Abort_IT  stm32f4xx_hal_dma.o
    0x0800183a   0x0800183a   0x00000002   PAD
    0x0800183c   0x0800183c   0x000001a0   Code   RO         3367    i.HAL_DMA_IRQHandler  stm32f4xx_hal_dma.o
    0x080019dc   0x080019dc   0x000000d4   Code   RO         3368    i.HAL_DMA_Init      stm32f4xx_hal_dma.o
    0x08001ab0   0x08001ab0   0x0000006e   Code   RO         3372    i.HAL_DMA_Start_IT  stm32f4xx_hal_dma.o
    0x08001b1e   0x08001b1e   0x00000002   PAD
    0x08001b20   0x08001b20   0x00000024   Code   RO         3799    i.HAL_Delay         stm32f4xx_hal.o
    0x08001b44   0x08001b44   0x000001f0   Code   RO         3255    i.HAL_GPIO_Init     stm32f4xx_hal_gpio.o
    0x08001d34   0x08001d34   0x0000000a   Code   RO         3259    i.HAL_GPIO_WritePin  stm32f4xx_hal_gpio.o
    0x08001d3e   0x08001d3e   0x00000002   PAD
    0x08001d40   0x08001d40   0x0000000c   Code   RO         3805    i.HAL_GetTick       stm32f4xx_hal.o
    0x08001d4c   0x08001d4c   0x00000188   Code   RO         4339    i.HAL_I2C_Init      stm32f4xx_hal_i2c.o
    0x08001ed4   0x08001ed4   0x00000068   Code   RO          421    i.HAL_I2C_MspInit   i2c.o
    0x08001f3c   0x08001f3c   0x00000010   Code   RO         3811    i.HAL_IncTick       stm32f4xx_hal.o
    0x08001f4c   0x08001f4c   0x00000034   Code   RO         3812    i.HAL_Init          stm32f4xx_hal.o
    0x08001f80   0x08001f80   0x00000098   Code   RO          730    i.HAL_InitTick      stm32f4xx_hal_timebase_tim.o
    0x08002018   0x08002018   0x00000038   Code   RO          706    i.HAL_MspInit       stm32f4xx_hal_msp.o
    0x08002050   0x08002050   0x0000001a   Code   RO         3647    i.HAL_NVIC_EnableIRQ  stm32f4xx_hal_cortex.o
    0x0800206a   0x0800206a   0x00000002   PAD
    0x0800206c   0x0800206c   0x00000040   Code   RO         3653    i.HAL_NVIC_SetPriority  stm32f4xx_hal_cortex.o
    0x080020ac   0x080020ac   0x00000024   Code   RO         3654    i.HAL_NVIC_SetPriorityGrouping  stm32f4xx_hal_cortex.o
    0x080020d0   0x080020d0   0x00000002   Code   RO         2554    i.HAL_PCDEx_LPM_Callback  stm32f4xx_hal_pcd_ex.o
    0x080020d2   0x080020d2   0x00000008   Code   RO         2555    i.HAL_PCDEx_SetRxFiFo  stm32f4xx_hal_pcd_ex.o
    0x080020da   0x080020da   0x00000044   Code   RO         2556    i.HAL_PCDEx_SetTxFiFo  stm32f4xx_hal_pcd_ex.o
    0x0800211e   0x0800211e   0x00000008   Code   RO          899    i.HAL_PCD_ConnectCallback  usbd_conf.o
    0x08002126   0x08002126   0x00000012   Code   RO          900    i.HAL_PCD_DataInStageCallback  usbd_conf.o
    0x08002138   0x08002138   0x00000014   Code   RO          901    i.HAL_PCD_DataOutStageCallback  usbd_conf.o
    0x0800214c   0x0800214c   0x00000008   Code   RO          902    i.HAL_PCD_DisconnectCallback  usbd_conf.o
    0x08002154   0x08002154   0x0000001e   Code   RO         2324    i.HAL_PCD_EP_Abort  stm32f4xx_hal_pcd.o
    0x08002172   0x08002172   0x0000004a   Code   RO         2325    i.HAL_PCD_EP_Close  stm32f4xx_hal_pcd.o
    0x080021bc   0x080021bc   0x0000005a   Code   RO         2326    i.HAL_PCD_EP_ClrStall  stm32f4xx_hal_pcd.o
    0x08002216   0x08002216   0x00000062   Code   RO         2329    i.HAL_PCD_EP_Open   stm32f4xx_hal_pcd.o
    0x08002278   0x08002278   0x00000038   Code   RO         2330    i.HAL_PCD_EP_Receive  stm32f4xx_hal_pcd.o
    0x080022b0   0x080022b0   0x00000072   Code   RO         2331    i.HAL_PCD_EP_SetStall  stm32f4xx_hal_pcd.o
    0x08002322   0x08002322   0x00000032   Code   RO         2332    i.HAL_PCD_EP_Transmit  stm32f4xx_hal_pcd.o
    0x08002354   0x08002354   0x0000055c   Code   RO         2334    i.HAL_PCD_IRQHandler  stm32f4xx_hal_pcd.o
    0x080028b0   0x080028b0   0x00000008   Code   RO          903    i.HAL_PCD_ISOINIncompleteCallback  usbd_conf.o
    0x080028b8   0x080028b8   0x00000008   Code   RO          904    i.HAL_PCD_ISOOUTIncompleteCallback  usbd_conf.o
    0x080028c0   0x080028c0   0x000000cc   Code   RO         2337    i.HAL_PCD_Init      stm32f4xx_hal_pcd.o
    0x0800298c   0x0800298c   0x00000084   Code   RO          906    i.HAL_PCD_MspInit   usbd_conf.o
    0x08002a10   0x08002a10   0x0000002c   Code   RO          907    i.HAL_PCD_ResetCallback  usbd_conf.o
    0x08002a3c   0x08002a3c   0x00000008   Code   RO          908    i.HAL_PCD_ResumeCallback  usbd_conf.o
    0x08002a44   0x08002a44   0x00000008   Code   RO          909    i.HAL_PCD_SOFCallback  usbd_conf.o
    0x08002a4c   0x08002a4c   0x00000026   Code   RO         2343    i.HAL_PCD_SetAddress  stm32f4xx_hal_pcd.o
    0x08002a72   0x08002a72   0x0000000e   Code   RO          910    i.HAL_PCD_SetupStageCallback  usbd_conf.o
    0x08002a80   0x08002a80   0x00000042   Code   RO         2346    i.HAL_PCD_Start     stm32f4xx_hal_pcd.o
    0x08002ac2   0x08002ac2   0x00000002   PAD
    0x08002ac4   0x08002ac4   0x00000030   Code   RO          911    i.HAL_PCD_SuspendCallback  usbd_conf.o
    0x08002af4   0x08002af4   0x00000134   Code   RO         2901    i.HAL_RCC_ClockConfig  stm32f4xx_hal_rcc.o
    0x08002c28   0x08002c28   0x00000040   Code   RO         2905    i.HAL_RCC_GetClockConfig  stm32f4xx_hal_rcc.o
    0x08002c68   0x08002c68   0x0000000c   Code   RO         2906    i.HAL_RCC_GetHCLKFreq  stm32f4xx_hal_rcc.o
    0x08002c74   0x08002c74   0x00000020   Code   RO         2908    i.HAL_RCC_GetPCLK1Freq  stm32f4xx_hal_rcc.o
    0x08002c94   0x08002c94   0x00000020   Code   RO         2909    i.HAL_RCC_GetPCLK2Freq  stm32f4xx_hal_rcc.o
    0x08002cb4   0x08002cb4   0x00000060   Code   RO         2910    i.HAL_RCC_GetSysClockFreq  stm32f4xx_hal_rcc.o
    0x08002d14   0x08002d14   0x0000036c   Code   RO         2913    i.HAL_RCC_OscConfig  stm32f4xx_hal_rcc.o
    0x08003080   0x08003080   0x000000bc   Code   RO         4794    i.HAL_SPI_Init      stm32f4xx_hal_spi.o
    0x0800313c   0x0800313c   0x00000068   Code   RO          463    i.HAL_SPI_MspInit   spi.o
    0x080031a4   0x080031a4   0x00000154   Code   RO         4797    i.HAL_SPI_Receive   stm32f4xx_hal_spi.o
    0x080032f8   0x080032f8   0x00000166   Code   RO         4802    i.HAL_SPI_Transmit  stm32f4xx_hal_spi.o
    0x0800345e   0x0800345e   0x000001f0   Code   RO         4803    i.HAL_SPI_TransmitReceive  stm32f4xx_hal_spi.o
    0x0800364e   0x0800364e   0x00000002   Code   RO         2048    i.HAL_TIMEx_BreakCallback  stm32f4xx_hal_tim_ex.o
    0x08003650   0x08003650   0x00000002   Code   RO         2049    i.HAL_TIMEx_CommutCallback  stm32f4xx_hal_tim_ex.o
    0x08003652   0x08003652   0x00000054   Code   RO         2051    i.HAL_TIMEx_ConfigBreakDeadTime  stm32f4xx_hal_tim_ex.o
    0x080036a6   0x080036a6   0x00000002   PAD
    0x080036a8   0x080036a8   0x00000090   Code   RO         2067    i.HAL_TIMEx_MasterConfigSynchronization  stm32f4xx_hal_tim_ex.o
    0x08003738   0x08003738   0x000000c0   Code   RO         2078    i.HAL_TIMEx_PWMN_Start  stm32f4xx_hal_tim_ex.o
    0x080037f8   0x080037f8   0x0000005a   Code   RO         1344    i.HAL_TIM_Base_Init  stm32f4xx_hal_tim.o
    0x08003852   0x08003852   0x00000002   PAD
    0x08003854   0x08003854   0x00000080   Code   RO          505    i.HAL_TIM_Base_MspInit  tim.o
    0x080038d4   0x080038d4   0x00000080   Code   RO         1349    i.HAL_TIM_Base_Start_IT  stm32f4xx_hal_tim.o
    0x08003954   0x08003954   0x000000dc   Code   RO         1353    i.HAL_TIM_ConfigClockSource  stm32f4xx_hal_tim.o
    0x08003a30   0x08003a30   0x00000002   Code   RO         1378    i.HAL_TIM_IC_CaptureCallback  stm32f4xx_hal_tim.o
    0x08003a32   0x08003a32   0x00000130   Code   RO         1392    i.HAL_TIM_IRQHandler  stm32f4xx_hal_tim.o
    0x08003b62   0x08003b62   0x00000002   PAD
    0x08003b64   0x08003b64   0x0000007c   Code   RO          506    i.HAL_TIM_MspPostInit  tim.o
    0x08003be0   0x08003be0   0x00000002   Code   RO         1395    i.HAL_TIM_OC_DelayElapsedCallback  stm32f4xx_hal_tim.o
    0x08003be2   0x08003be2   0x000000cc   Code   RO         1416    i.HAL_TIM_PWM_ConfigChannel  stm32f4xx_hal_tim.o
    0x08003cae   0x08003cae   0x0000005a   Code   RO         1419    i.HAL_TIM_PWM_Init  stm32f4xx_hal_tim.o
    0x08003d08   0x08003d08   0x00000002   Code   RO         1421    i.HAL_TIM_PWM_MspInit  stm32f4xx_hal_tim.o
    0x08003d0a   0x08003d0a   0x00000002   Code   RO         1422    i.HAL_TIM_PWM_PulseFinishedCallback  stm32f4xx_hal_tim.o
    0x08003d0c   0x08003d0c   0x000000c8   Code   RO         1424    i.HAL_TIM_PWM_Start  stm32f4xx_hal_tim.o
    0x08003dd4   0x08003dd4   0x00000134   Code   RO           15    i.HAL_TIM_PeriodElapsedCallback  main.o
    0x08003f08   0x08003f08   0x00000002   Code   RO         1435    i.HAL_TIM_TriggerCallback  stm32f4xx_hal_tim.o
    0x08003f0a   0x08003f0a   0x00000002   Code   RO         5117    i.HAL_UARTEx_RxEventCallback  stm32f4xx_hal_uart.o
    0x08003f0c   0x08003f0c   0x00000002   Code   RO         5131    i.HAL_UART_ErrorCallback  stm32f4xx_hal_uart.o
    0x08003f0e   0x08003f0e   0x00000002   PAD
    0x08003f10   0x08003f10   0x00000280   Code   RO         5134    i.HAL_UART_IRQHandler  stm32f4xx_hal_uart.o
    0x08004190   0x08004190   0x00000064   Code   RO         5135    i.HAL_UART_Init     stm32f4xx_hal_uart.o
    0x080041f4   0x080041f4   0x000000b4   Code   RO          565    i.HAL_UART_MspInit  usart.o
    0x080042a8   0x080042a8   0x0000001c   Code   RO         5140    i.HAL_UART_Receive_IT  stm32f4xx_hal_uart.o
    0x080042c4   0x080042c4   0x00000002   Code   RO         5141    i.HAL_UART_RxCpltCallback  stm32f4xx_hal_uart.o
    0x080042c6   0x080042c6   0x000000a0   Code   RO         5143    i.HAL_UART_Transmit  stm32f4xx_hal_uart.o
    0x08004366   0x08004366   0x00000002   PAD
    0x08004368   0x08004368   0x00000084   Code   RO         5144    i.HAL_UART_Transmit_DMA  stm32f4xx_hal_uart.o
    0x080043ec   0x080043ec   0x00000002   Code   RO         5146    i.HAL_UART_TxCpltCallback  stm32f4xx_hal_uart.o
    0x080043ee   0x080043ee   0x00000002   Code   RO         5147    i.HAL_UART_TxHalfCpltCallback  stm32f4xx_hal_uart.o
    0x080043f0   0x080043f0   0x00000002   Code   RO          610    i.HardFault_Handler  stm32f4xx_it.o
    0x080043f2   0x080043f2   0x00000002   PAD
    0x080043f4   0x080043f4   0x00000038   Code   RO          813    i.IntToUnicode      usbd_desc.o
    0x0800442c   0x0800442c   0x000000e4   Code   RO          356    i.MX_ADC1_Init      adc.o
    0x08004510   0x08004510   0x0000003c   Code   RO          396    i.MX_DMA_Init       dma.o
    0x0800454c   0x0800454c   0x00000020   Code   RO          311    i.MX_FREERTOS_Init  freertos.o
    0x0800456c   0x0800456c   0x00000110   Code   RO          287    i.MX_GPIO_Init      gpio.o
    0x0800467c   0x0800467c   0x00000040   Code   RO          422    i.MX_I2C1_Init      i2c.o
    0x080046bc   0x080046bc   0x00000048   Code   RO          464    i.MX_SPI1_Init      spi.o
    0x08004704   0x08004704   0x000000fc   Code   RO          507    i.MX_TIM1_Init      tim.o
    0x08004800   0x08004800   0x00000068   Code   RO          508    i.MX_TIM4_Init      tim.o
    0x08004868   0x08004868   0x00000044   Code   RO          509    i.MX_TIM7_Init      tim.o
    0x080048ac   0x080048ac   0x00000038   Code   RO          566    i.MX_USART1_UART_Init  usart.o
    0x080048e4   0x080048e4   0x00000040   Code   RO          769    i.MX_USB_DEVICE_Init  usb_device.o
    0x08004924   0x08004924   0x00000002   Code   RO          611    i.MemManage_Handler  stm32f4xx_it.o
    0x08004926   0x08004926   0x00000002   Code   RO          612    i.NMI_Handler       stm32f4xx_it.o
    0x08004928   0x08004928   0x0000000c   Code   RO          613    i.OTG_FS_IRQHandler  stm32f4xx_it.o
    0x08004934   0x08004934   0x000000cc   Code   RO         2350    i.PCD_EP_OutXfrComplete_int  stm32f4xx_hal_pcd.o
    0x08004a00   0x08004a00   0x000000a2   Code   RO         2351    i.PCD_WriteEmptyTxFifo  stm32f4xx_hal_pcd.o
    0x08004aa2   0x08004aa2   0x00000054   Code   RO         1234    i.RevPack           foc.o
    0x08004af6   0x08004af6   0x0000005c   Code   RO         4831    i.SPI_EndRxTransaction  stm32f4xx_hal_spi.o
    0x08004b52   0x08004b52   0x00000002   PAD
    0x08004b54   0x08004b54   0x0000006c   Code   RO         4832    i.SPI_EndRxTxTransaction  stm32f4xx_hal_spi.o
    0x08004bc0   0x08004bc0   0x000000bc   Code   RO         4837    i.SPI_WaitFlagStateUntilTimeout  stm32f4xx_hal_spi.o
    0x08004c7c   0x08004c7c   0x0000000a   Code   RO         7423    i.SWAPBYTE          usbd_ctlreq.o
    0x08004c86   0x08004c86   0x00000002   PAD
    0x08004c88   0x08004c88   0x0000004c   Code   RO         1235    i.SectorJudge       foc.o
    0x08004cd4   0x08004cd4   0x0000000c   Code   RO          312    i.StartDefaultTask  freertos.o
    0x08004ce0   0x08004ce0   0x00000090   Code   RO         1236    i.Svpwm_ABC         foc.o
    0x08004d70   0x08004d70   0x0000001a   Code   RO         6616    i.SysTick_Handler   cmsis_os2.o
    0x08004d8a   0x08004d8a   0x00000002   PAD
    0x08004d8c   0x08004d8c   0x00000094   Code   RO           16    i.SystemClock_Config  main.o
    0x08004e20   0x08004e20   0x00000010   Code   RO         5469    i.SystemInit        system_stm32f4xx.o
    0x08004e30   0x08004e30   0x0000000c   Code   RO          614    i.TIM4_IRQHandler   stm32f4xx_it.o
    0x08004e3c   0x08004e3c   0x0000000c   Code   RO          615    i.TIM6_DAC_IRQHandler  stm32f4xx_it.o
    0x08004e48   0x08004e48   0x0000000c   Code   RO          616    i.TIM7_IRQHandler   stm32f4xx_it.o
    0x08004e54   0x08004e54   0x000000d0   Code   RO         1437    i.TIM_Base_SetConfig  stm32f4xx_hal_tim.o
    0x08004f24   0x08004f24   0x0000001a   Code   RO         1438    i.TIM_CCxChannelCmd  stm32f4xx_hal_tim.o
    0x08004f3e   0x08004f3e   0x0000001a   Code   RO         2087    i.TIM_CCxNChannelCmd  stm32f4xx_hal_tim_ex.o
    0x08004f58   0x08004f58   0x00000014   Code   RO         1448    i.TIM_ETR_SetConfig  stm32f4xx_hal_tim.o
    0x08004f6c   0x08004f6c   0x00000010   Code   RO         1449    i.TIM_ITRx_SetConfig  stm32f4xx_hal_tim.o
    0x08004f7c   0x08004f7c   0x00000060   Code   RO         1450    i.TIM_OC1_SetConfig  stm32f4xx_hal_tim.o
    0x08004fdc   0x08004fdc   0x0000006c   Code   RO         1451    i.TIM_OC2_SetConfig  stm32f4xx_hal_tim.o
    0x08005048   0x08005048   0x00000068   Code   RO         1452    i.TIM_OC3_SetConfig  stm32f4xx_hal_tim.o
    0x080050b0   0x080050b0   0x00000050   Code   RO         1453    i.TIM_OC4_SetConfig  stm32f4xx_hal_tim.o
    0x08005100   0x08005100   0x00000022   Code   RO         1455    i.TIM_TI1_ConfigInputStage  stm32f4xx_hal_tim.o
    0x08005122   0x08005122   0x00000024   Code   RO         1457    i.TIM_TI2_ConfigInputStage  stm32f4xx_hal_tim.o
    0x08005146   0x08005146   0x0000000e   Code   RO         5148    i.UART_DMAAbortOnError  stm32f4xx_hal_uart.o
    0x08005154   0x08005154   0x0000004a   Code   RO         5149    i.UART_DMAError     stm32f4xx_hal_uart.o
    0x0800519e   0x0800519e   0x00000042   Code   RO         5154    i.UART_DMATransmitCplt  stm32f4xx_hal_uart.o
    0x080051e0   0x080051e0   0x0000000a   Code   RO         5156    i.UART_DMATxHalfCplt  stm32f4xx_hal_uart.o
    0x080051ea   0x080051ea   0x0000004e   Code   RO         5158    i.UART_EndRxTransfer  stm32f4xx_hal_uart.o
    0x08005238   0x08005238   0x0000001c   Code   RO         5159    i.UART_EndTxTransfer  stm32f4xx_hal_uart.o
    0x08005254   0x08005254   0x000000c2   Code   RO         5160    i.UART_Receive_IT   stm32f4xx_hal_uart.o
    0x08005316   0x08005316   0x00000002   PAD
    0x08005318   0x08005318   0x0000010c   Code   RO         5161    i.UART_SetConfig    stm32f4xx_hal_uart.o
    0x08005424   0x08005424   0x00000036   Code   RO         5163    i.UART_Start_Receive_IT  stm32f4xx_hal_uart.o
    0x0800545a   0x0800545a   0x00000072   Code   RO         5164    i.UART_WaitOnFlagUntilTimeout  stm32f4xx_hal_uart.o
    0x080054cc   0x080054cc   0x0000000c   Code   RO          617    i.USART1_IRQHandler  stm32f4xx_it.o
    0x080054d8   0x080054d8   0x00000014   Code   RO         7264    i.USBD_ClrClassConfig  usbd_core.o
    0x080054ec   0x080054ec   0x00000004   Code   RO         7265    i.USBD_CoreFindEP   usbd_core.o
    0x080054f0   0x080054f0   0x00000004   Code   RO         7266    i.USBD_CoreFindIF   usbd_core.o
    0x080054f4   0x080054f4   0x00000010   Code   RO         7501    i.USBD_CtlContinueRx  usbd_ioreq.o
    0x08005504   0x08005504   0x00000010   Code   RO         7502    i.USBD_CtlContinueSendData  usbd_ioreq.o
    0x08005514   0x08005514   0x00000016   Code   RO         7424    i.USBD_CtlError     usbd_ctlreq.o
    0x0800552a   0x0800552a   0x00000016   Code   RO         7504    i.USBD_CtlReceiveStatus  usbd_ioreq.o
    0x08005540   0x08005540   0x0000001c   Code   RO         7505    i.USBD_CtlSendData  usbd_ioreq.o
    0x0800555c   0x0800555c   0x00000016   Code   RO         7506    i.USBD_CtlSendStatus  usbd_ioreq.o
    0x08005572   0x08005572   0x00000002   PAD
    0x08005574   0x08005574   0x00000020   Code   RO          814    i.USBD_FS_ConfigStrDescriptor  usbd_desc.o
    0x08005594   0x08005594   0x0000000c   Code   RO          815    i.USBD_FS_DeviceDescriptor  usbd_desc.o
    0x080055a0   0x080055a0   0x00000024   Code   RO          816    i.USBD_FS_InterfaceStrDescriptor  usbd_desc.o
    0x080055c4   0x080055c4   0x0000000c   Code   RO          817    i.USBD_FS_LangIDStrDescriptor  usbd_desc.o
    0x080055d0   0x080055d0   0x00000028   Code   RO          818    i.USBD_FS_ManufacturerStrDescriptor  usbd_desc.o
    0x080055f8   0x080055f8   0x0000002c   Code   RO          819    i.USBD_FS_ProductStrDescriptor  usbd_desc.o
    0x08005624   0x08005624   0x00000038   Code   RO          820    i.USBD_FS_SerialStrDescriptor  usbd_desc.o
    0x0800565c   0x0800565c   0x000000e6   Code   RO         7425    i.USBD_GetDescriptor  usbd_ctlreq.o
    0x08005742   0x08005742   0x0000003a   Code   RO         7268    i.USBD_GetEpDesc    usbd_core.o
    0x0800577c   0x0800577c   0x00000014   Code   RO         7426    i.USBD_GetLen       usbd_ctlreq.o
    0x08005790   0x08005790   0x0000000e   Code   RO         7269    i.USBD_GetNextDesc  usbd_core.o
    0x0800579e   0x0800579e   0x0000004e   Code   RO         7427    i.USBD_GetString    usbd_ctlreq.o
    0x080057ec   0x080057ec   0x00000018   Code   RO          912    i.USBD_Get_USB_Status  usbd_conf.o
    0x08005804   0x08005804   0x00000014   Code   RO         7561    i.USBD_HID_DataIn   usbd_hid.o
    0x08005818   0x08005818   0x00000048   Code   RO         7562    i.USBD_HID_DeInit   usbd_hid.o
    0x08005860   0x08005860   0x0000000c   Code   RO         7563    i.USBD_HID_GetDeviceQualifierDesc  usbd_hid.o
    0x0800586c   0x0800586c   0x00000020   Code   RO         7564    i.USBD_HID_GetFSCfgDesc  usbd_hid.o
    0x0800588c   0x0800588c   0x00000020   Code   RO         7565    i.USBD_HID_GetHSCfgDesc  usbd_hid.o
    0x080058ac   0x080058ac   0x00000020   Code   RO         7566    i.USBD_HID_GetOtherSpeedCfgDesc  usbd_hid.o
    0x080058cc   0x080058cc   0x00000074   Code   RO         7568    i.USBD_HID_Init     usbd_hid.o
    0x08005940   0x08005940   0x000000e0   Code   RO         7570    i.USBD_HID_Setup    usbd_hid.o
    0x08005a20   0x08005a20   0x00000026   Code   RO         7270    i.USBD_Init         usbd_core.o
    0x08005a46   0x08005a46   0x00000012   Code   RO          913    i.USBD_LL_ClearStallEP  usbd_conf.o
    0x08005a58   0x08005a58   0x00000012   Code   RO          914    i.USBD_LL_CloseEP   usbd_conf.o
    0x08005a6a   0x08005a6a   0x000000b8   Code   RO         7271    i.USBD_LL_DataInStage  usbd_core.o
    0x08005b22   0x08005b22   0x00000094   Code   RO         7272    i.USBD_LL_DataOutStage  usbd_core.o
    0x08005bb6   0x08005bb6   0x00000004   Code   RO         7273    i.USBD_LL_DevConnected  usbd_core.o
    0x08005bba   0x08005bba   0x0000001e   Code   RO         7274    i.USBD_LL_DevDisconnected  usbd_core.o
    0x08005bd8   0x08005bd8   0x00000060   Code   RO          919    i.USBD_LL_Init      usbd_conf.o
    0x08005c38   0x08005c38   0x0000001e   Code   RO          920    i.USBD_LL_IsStallEP  usbd_conf.o
    0x08005c56   0x08005c56   0x00000028   Code   RO         7275    i.USBD_LL_IsoINIncomplete  usbd_core.o
    0x08005c7e   0x08005c7e   0x00000028   Code   RO         7276    i.USBD_LL_IsoOUTIncomplete  usbd_core.o
    0x08005ca6   0x08005ca6   0x00000018   Code   RO          921    i.USBD_LL_OpenEP    usbd_conf.o
    0x08005cbe   0x08005cbe   0x00000012   Code   RO          922    i.USBD_LL_PrepareReceive  usbd_conf.o
    0x08005cd0   0x08005cd0   0x0000005e   Code   RO         7277    i.USBD_LL_Reset     usbd_core.o
    0x08005d2e   0x08005d2e   0x00000014   Code   RO         7278    i.USBD_LL_Resume    usbd_core.o
    0x08005d42   0x08005d42   0x0000001a   Code   RO         7279    i.USBD_LL_SOF       usbd_core.o
    0x08005d5c   0x08005d5c   0x00000006   Code   RO         7280    i.USBD_LL_SetSpeed  usbd_core.o
    0x08005d62   0x08005d62   0x00000012   Code   RO          923    i.USBD_LL_SetUSBAddress  usbd_conf.o
    0x08005d74   0x08005d74   0x00000060   Code   RO         7281    i.USBD_LL_SetupStage  usbd_core.o
    0x08005dd4   0x08005dd4   0x00000012   Code   RO          924    i.USBD_LL_StallEP   usbd_conf.o
    0x08005de6   0x08005de6   0x00000012   Code   RO          925    i.USBD_LL_Start     usbd_conf.o
    0x08005df8   0x08005df8   0x0000001a   Code   RO         7282    i.USBD_LL_Suspend   usbd_core.o
    0x08005e12   0x08005e12   0x00000012   Code   RO          927    i.USBD_LL_Transmit  usbd_conf.o
    0x08005e24   0x08005e24   0x0000002c   Code   RO         7428    i.USBD_ParseSetupRequest  usbd_ctlreq.o
    0x08005e50   0x08005e50   0x0000003a   Code   RO         7283    i.USBD_RegisterClass  usbd_core.o
    0x08005e8a   0x08005e8a   0x00000014   Code   RO         7285    i.USBD_SetClassConfig  usbd_core.o
    0x08005e9e   0x08005e9e   0x00000002   PAD
    0x08005ea0   0x08005ea0   0x000000b8   Code   RO         7429    i.USBD_SetConfig    usbd_ctlreq.o
    0x08005f58   0x08005f58   0x00000004   Code   RO         7286    i.USBD_Start        usbd_core.o
    0x08005f5c   0x08005f5c   0x0000012c   Code   RO         7430    i.USBD_StdDevReq    usbd_ctlreq.o
    0x08006088   0x08006088   0x00000166   Code   RO         7431    i.USBD_StdEPReq     usbd_ctlreq.o
    0x080061ee   0x080061ee   0x00000072   Code   RO         7432    i.USBD_StdItfReq    usbd_ctlreq.o
    0x08006260   0x08006260   0x00000002   Code   RO          928    i.USBD_static_free  usbd_conf.o
    0x08006262   0x08006262   0x00000002   PAD
    0x08006264   0x08006264   0x00000008   Code   RO          929    i.USBD_static_malloc  usbd_conf.o
    0x0800626c   0x0800626c   0x00000080   Code   RO         2596    i.USB_ActivateEndpoint  stm32f4xx_ll_usb.o
    0x080062ec   0x080062ec   0x0000001c   Code   RO         2598    i.USB_ActivateSetup  stm32f4xx_ll_usb.o
    0x08006308   0x08006308   0x00000084   Code   RO         2600    i.USB_CoreInit      stm32f4xx_ll_usb.o
    0x0800638c   0x0800638c   0x00000044   Code   RO         2601    i.USB_CoreReset     stm32f4xx_ll_usb.o
    0x080063d0   0x080063d0   0x000000cc   Code   RO         2604    i.USB_DeactivateEndpoint  stm32f4xx_ll_usb.o
    0x0800649c   0x0800649c   0x0000001c   Code   RO         2605    i.USB_DevConnect    stm32f4xx_ll_usb.o
    0x080064b8   0x080064b8   0x0000001c   Code   RO         2606    i.USB_DevDisconnect  stm32f4xx_ll_usb.o
    0x080064d4   0x080064d4   0x0000017c   Code   RO         2607    i.USB_DevInit       stm32f4xx_ll_usb.o
    0x08006650   0x08006650   0x0000000c   Code   RO         2608    i.USB_DisableGlobalInt  stm32f4xx_ll_usb.o
    0x0800665c   0x0800665c   0x00000058   Code   RO         2611    i.USB_EP0_OutStart  stm32f4xx_ll_usb.o
    0x080066b4   0x080066b4   0x00000058   Code   RO         2612    i.USB_EPClearStall  stm32f4xx_ll_usb.o
    0x0800670c   0x0800670c   0x00000058   Code   RO         2613    i.USB_EPSetStall    stm32f4xx_ll_usb.o
    0x08006764   0x08006764   0x00000238   Code   RO         2614    i.USB_EPStartXfer   stm32f4xx_ll_usb.o
    0x0800699c   0x0800699c   0x0000009e   Code   RO         2615    i.USB_EPStopXfer    stm32f4xx_ll_usb.o
    0x08006a3a   0x08006a3a   0x0000000c   Code   RO         2616    i.USB_EnableGlobalInt  stm32f4xx_ll_usb.o
    0x08006a46   0x08006a46   0x00000038   Code   RO         2617    i.USB_FlushRxFifo   stm32f4xx_ll_usb.o
    0x08006a7e   0x08006a7e   0x0000003c   Code   RO         2618    i.USB_FlushTxFifo   stm32f4xx_ll_usb.o
    0x08006aba   0x08006aba   0x0000001a   Code   RO         2620    i.USB_GetDevSpeed   stm32f4xx_ll_usb.o
    0x08006ad4   0x08006ad4   0x00000008   Code   RO         2622    i.USB_GetMode       stm32f4xx_ll_usb.o
    0x08006adc   0x08006adc   0x0000000e   Code   RO         2630    i.USB_ReadDevAllInEpInterrupt  stm32f4xx_ll_usb.o
    0x08006aea   0x08006aea   0x0000000e   Code   RO         2631    i.USB_ReadDevAllOutEpInterrupt  stm32f4xx_ll_usb.o
    0x08006af8   0x08006af8   0x00000024   Code   RO         2632    i.USB_ReadDevInEPInterrupt  stm32f4xx_ll_usb.o
    0x08006b1c   0x08006b1c   0x00000010   Code   RO         2633    i.USB_ReadDevOutEPInterrupt  stm32f4xx_ll_usb.o
    0x08006b2c   0x08006b2c   0x00000008   Code   RO         2634    i.USB_ReadInterrupts  stm32f4xx_ll_usb.o
    0x08006b34   0x08006b34   0x0000003e   Code   RO         2635    i.USB_ReadPacket    stm32f4xx_ll_usb.o
    0x08006b72   0x08006b72   0x0000005c   Code   RO         2637    i.USB_SetCurrentMode  stm32f4xx_ll_usb.o
    0x08006bce   0x08006bce   0x00000022   Code   RO         2638    i.USB_SetDevAddress  stm32f4xx_ll_usb.o
    0x08006bf0   0x08006bf0   0x000000e8   Code   RO         2640    i.USB_SetTurnaroundTime  stm32f4xx_ll_usb.o
    0x08006cd8   0x08006cd8   0x00000028   Code   RO         2643    i.USB_WritePacket   stm32f4xx_ll_usb.o
    0x08006d00   0x08006d00   0x00000002   Code   RO          618    i.UsageFault_Handler  stm32f4xx_it.o
    0x08006d02   0x08006d02   0x00000002   PAD
    0x08006d04   0x08006d04   0x0000009c   Code   RO         1237    i.V_Time            foc.o
    0x08006da0   0x08006da0   0x00000020   Code   RO         3660    i.__NVIC_SetPriority  stm32f4xx_hal_cortex.o
    0x08006dc0   0x08006dc0   0x00000018   Code   RO         1204    i.fputc             bsp_uart.o
    0x08006dd8   0x08006dd8   0x000000b8   Code   RO           17    i.main              main.o
    0x08006e90   0x08006e90   0x0000001a   Code   RO         6618    i.osDelay           cmsis_os2.o
    0x08006eaa   0x08006eaa   0x00000002   PAD
    0x08006eac   0x08006eac   0x00000024   Code   RO         6632    i.osKernelInitialize  cmsis_os2.o
    0x08006ed0   0x08006ed0   0x00000038   Code   RO         6635    i.osKernelStart     cmsis_os2.o
    0x08006f08   0x08006f08   0x0000008a   Code   RO         6677    i.osThreadNew       cmsis_os2.o
    0x08006f92   0x08006f92   0x00000002   PAD
    0x08006f94   0x08006f94   0x0000005c   Code   RO         6077    i.prvAddCurrentTaskToDelayedList  tasks.o
    0x08006ff0   0x08006ff0   0x000000d0   Code   RO         6078    i.prvAddNewTaskToReadyList  tasks.o
    0x080070c0   0x080070c0   0x00000058   Code   RO         6442    i.prvCheckForValidListAndQueue  timers.o
    0x08007118   0x08007118   0x00000026   Code   RO         5674    i.prvCopyDataFromQueue  queue.o
    0x0800713e   0x0800713e   0x0000006c   Code   RO         5675    i.prvCopyDataToQueue  queue.o
    0x080071aa   0x080071aa   0x00000034   Code   RO         6079    i.prvDeleteTCB      tasks.o
    0x080071de   0x080071de   0x00000002   PAD
    0x080071e0   0x080071e0   0x0000004c   Code   RO         7129    i.prvHeapInit       heap_4.o
    0x0800722c   0x0800722c   0x00000060   Code   RO         6080    i.prvIdleTask       tasks.o
    0x0800728c   0x0800728c   0x00000022   Code   RO         5677    i.prvInitialiseNewQueue  queue.o
    0x080072ae   0x080072ae   0x00000002   PAD
    0x080072b0   0x080072b0   0x000000b0   Code   RO         6081    i.prvInitialiseNewTask  tasks.o
    0x08007360   0x08007360   0x0000004c   Code   RO         7130    i.prvInsertBlockIntoFreeList  heap_4.o
    0x080073ac   0x080073ac   0x00000038   Code   RO         6444    i.prvInsertTimerInActiveList  timers.o
    0x080073e4   0x080073e4   0x0000001c   Code   RO         5678    i.prvIsQueueEmpty   queue.o
    0x08007400   0x08007400   0x000000fc   Code   RO         6445    i.prvProcessReceivedCommands  timers.o
    0x080074fc   0x080074fc   0x000000c0   Code   RO         6446    i.prvProcessTimerOrBlockTask  timers.o
    0x080075bc   0x080075bc   0x00000020   Code   RO         6083    i.prvResetNextTaskUnblockTime  tasks.o
    0x080075dc   0x080075dc   0x00000028   Code   RO         6447    i.prvSampleTimeNow  timers.o
    0x08007604   0x08007604   0x0000006c   Code   RO         6448    i.prvSwitchTimerLists  timers.o
    0x08007670   0x08007670   0x00000028   Code   RO         7185    i.prvTaskExitError  port.o
    0x08007698   0x08007698   0x00000024   Code   RO         6449    i.prvTimerTask      timers.o
    0x080076bc   0x080076bc   0x0000006a   Code   RO         5679    i.prvUnlockQueue    queue.o
    0x08007726   0x08007726   0x00000002   PAD
    0x08007728   0x08007728   0x000000dc   Code   RO         7131    i.pvPortMalloc      heap_4.o
    0x08007804   0x08007804   0x0000002c   Code   RO         7186    i.pxPortInitialiseStack  port.o
    0x08007830   0x08007830   0x0000003c   Code   RO         1135    i.spi1_read_byte    bsp_drv8301.o
    0x0800786c   0x0800786c   0x0000003c   Code   RO         1136    i.spi1_write_byte   bsp_drv8301.o
    0x080078a8   0x080078a8   0x00000026   Code   RO         5634    i.uxListRemove      list.o
    0x080078ce   0x080078ce   0x00000002   PAD
    0x080078d0   0x080078d0   0x00000014   Code   RO         6689    i.vApplicationGetIdleTaskMemory  cmsis_os2.o
    0x080078e4   0x080078e4   0x00000018   Code   RO         6690    i.vApplicationGetTimerTaskMemory  cmsis_os2.o
    0x080078fc   0x080078fc   0x00000016   Code   RO         5635    i.vListInitialise   list.o
    0x08007912   0x08007912   0x00000006   Code   RO         5636    i.vListInitialiseItem  list.o
    0x08007918   0x08007918   0x00000030   Code   RO         5637    i.vListInsert       list.o
    0x08007948   0x08007948   0x00000018   Code   RO         5638    i.vListInsertEnd    list.o
    0x08007960   0x08007960   0x00000040   Code   RO         7188    i.vPortEnterCritical  port.o
    0x080079a0   0x080079a0   0x00000028   Code   RO         7189    i.vPortExitCritical  port.o
    0x080079c8   0x080079c8   0x00000064   Code   RO         7132    i.vPortFree         heap_4.o
    0x08007a2c   0x08007a2c   0x00000024   Code   RO         7190    i.vPortSetupTimerInterrupt  port.o
    0x08007a50   0x08007a50   0x00000054   Code   RO         7191    i.vPortValidateInterruptPriority  port.o
    0x08007aa4   0x08007aa4   0x00000028   Code   RO         5685    i.vQueueAddToRegistry  queue.o
    0x08007acc   0x08007acc   0x00000044   Code   RO         5689    i.vQueueWaitForMessageRestricted  queue.o
    0x08007b10   0x08007b10   0x0000004c   Code   RO         6096    i.vTaskDelay        tasks.o
    0x08007b5c   0x08007b5c   0x00000010   Code   RO         6101    i.vTaskInternalSetTimeOutState  tasks.o
    0x08007b6c   0x08007b6c   0x0000000c   Code   RO         6102    i.vTaskMissedYield  tasks.o
    0x08007b78   0x08007b78   0x00000030   Code   RO         6104    i.vTaskPlaceOnEventList  tasks.o
    0x08007ba8   0x08007ba8   0x00000038   Code   RO         6105    i.vTaskPlaceOnEventListRestricted  tasks.o
    0x08007be0   0x08007be0   0x00000088   Code   RO         6113    i.vTaskStartScheduler  tasks.o
    0x08007c68   0x08007c68   0x00000010   Code   RO         6115    i.vTaskSuspendAll   tasks.o
    0x08007c78   0x08007c78   0x00000064   Code   RO         6116    i.vTaskSwitchContext  tasks.o
    0x08007cdc   0x08007cdc   0x000000f4   Code   RO         7192    i.xPortStartScheduler  port.o
    0x08007dd0   0x08007dd0   0x0000002c   Code   RO         7193    i.xPortSysTickHandler  port.o
    0x08007dfc   0x08007dfc   0x00000066   Code   RO         5695    i.xQueueGenericCreateStatic  queue.o
    0x08007e62   0x08007e62   0x00000002   PAD
    0x08007e64   0x08007e64   0x00000088   Code   RO         5696    i.xQueueGenericReset  queue.o
    0x08007eec   0x08007eec   0x00000160   Code   RO         5697    i.xQueueGenericSend  queue.o
    0x0800804c   0x0800804c   0x000000be   Code   RO         5698    i.xQueueGenericSendFromISR  queue.o
    0x0800810a   0x0800810a   0x00000002   PAD
    0x0800810c   0x0800810c   0x00000138   Code   RO         5707    i.xQueueReceive     queue.o
    0x08008244   0x08008244   0x00000074   Code   RO         6118    i.xTaskCheckForTimeOut  tasks.o
    0x080082b8   0x080082b8   0x0000005a   Code   RO         6119    i.xTaskCreate       tasks.o
    0x08008312   0x08008312   0x00000056   Code   RO         6120    i.xTaskCreateStatic  tasks.o
    0x08008368   0x08008368   0x0000001c   Code   RO         6124    i.xTaskGetSchedulerState  tasks.o
    0x08008384   0x08008384   0x0000000c   Code   RO         6125    i.xTaskGetTickCount  tasks.o
    0x08008390   0x08008390   0x000000c8   Code   RO         6127    i.xTaskIncrementTick  tasks.o
    0x08008458   0x08008458   0x00000080   Code   RO         6130    i.xTaskPriorityDisinherit  tasks.o
    0x080084d8   0x080084d8   0x00000070   Code   RO         6132    i.xTaskRemoveFromEventList  tasks.o
    0x08008548   0x08008548   0x000000c4   Code   RO         6133    i.xTaskResumeAll    tasks.o
    0x0800860c   0x0800860c   0x00000060   Code   RO         6458    i.xTimerCreateTimerTask  timers.o
    0x0800866c   0x0800866c   0x00000068   Code   RO         6459    i.xTimerGenericCommand  timers.o
    0x080086d4   0x080086d4   0x0000000a   Code   RO         8091    x$fpl$fpinit        fz_wm.l(fpinit.o)
    0x080086de   0x080086de   0x00000002   PAD
    0x080086e0   0x080086e0   0x00000024   Data   RO          313    .constdata          freertos.o
    0x08008704   0x08008704   0x00000008   Data   RO         3374    .constdata          stm32f4xx_hal_dma.o
    0x0800870c   0x0800870c   0x00000010   Data   RO         5470    .constdata          system_stm32f4xx.o
    0x0800871c   0x0800871c   0x00000008   Data   RO         5471    .constdata          system_stm32f4xx.o
    0x08008724   0x08008724   0x00000004   Data   RO         7884    .constdata          c_w.l(sys_io.o)
    0x08008728   0x08008728   0x00000004   Data   RO         7885    .constdata          c_w.l(sys_io.o)
    0x0800872c   0x0800872c   0x00000004   Data   RO         7886    .constdata          c_w.l(sys_io.o)
    0x08008730   0x08008730   0x0000000c   Data   RO          314    .conststring        freertos.o
    0x0800873c   0x0800873c   0x00000804   Data   RO         7766    .rodata.sinTable_f32  arm_cortexM4lf_math.lib(arm_common_tables.o)
    0x08008f40   0x08008f40   0x00000020   Data   RO         8167    Region$$Table       anon$$obj.o


    Execution Region RW_IRAM1 (Exec base: 0x20000000, Load base: 0x08008f60, Size: 0x00005f20, Max: 0x0001c000, ABSOLUTE, COMPRESSED[0x000000e0])

    Exec Addr    Load Addr    Size         Type   Attr      Idx    E Section Name        Object

    0x20000000   COMPRESSED   0x0000002c   Data   RW           20    .data               main.o
    0x2000002c   COMPRESSED   0x00000004   Data   RW          315    .data               freertos.o
    0x20000030   COMPRESSED   0x0000001c   Data   RW          822    .data               usbd_desc.o
    0x2000004c   COMPRESSED   0x00000032   Data   RW          823    .data               usbd_desc.o
    0x2000007e   COMPRESSED   0x00000002   PAD
    0x20000080   COMPRESSED   0x0000000c   Data   RW         3819    .data               stm32f4xx_hal.o
    0x2000008c   COMPRESSED   0x00000004   Data   RW         5472    .data               system_stm32f4xx.o
    0x20000090   COMPRESSED   0x0000003c   Data   RW         6136    .data               tasks.o
    0x200000cc   COMPRESSED   0x00000014   Data   RW         6467    .data               timers.o
    0x200000e0   COMPRESSED   0x00000004   Data   RW         6692    .data               cmsis_os2.o
    0x200000e4   COMPRESSED   0x00000020   Data   RW         7138    .data               heap_4.o
    0x20000104   COMPRESSED   0x0000000c   Data   RW         7194    .data               port.o
    0x20000110   COMPRESSED   0x00000001   Data   RW         7433    .data               usbd_ctlreq.o
    0x20000111   COMPRESSED   0x00000003   PAD
    0x20000114   COMPRESSED   0x00000038   Data   RW         7571    .data               usbd_hid.o
    0x2000014c   COMPRESSED   0x0000008a   Data   RW         7572    .data               usbd_hid.o
    0x200001d6   COMPRESSED   0x00000002   PAD
    0x200001d8   COMPRESSED   0x00000004   Data   RW         7844    .data               c_w.l(stdio_streams.o)
    0x200001dc   COMPRESSED   0x00000004   Data   RW         7845    .data               c_w.l(stdio_streams.o)
    0x200001e0   COMPRESSED   0x00000004   Data   RW         7846    .data               c_w.l(stdio_streams.o)
    0x200001e4        -       0x0000000c   Zero   RW           19    .bss                main.o
    0x200001f0        -       0x000000a8   Zero   RW          357    .bss                adc.o
    0x20000298        -       0x00000054   Zero   RW          423    .bss                i2c.o
    0x200002ec        -       0x00000058   Zero   RW          465    .bss                spi.o
    0x20000344        -       0x000000d8   Zero   RW          510    .bss                tim.o
    0x2000041c        -       0x000000a8   Zero   RW          567    .bss                usart.o
    0x200004c4        -       0x00000048   Zero   RW          733    .bss                stm32f4xx_hal_timebase_tim.o
    0x2000050c        -       0x000002dc   Zero   RW          770    .bss                usb_device.o
    0x200007e8        -       0x00000200   Zero   RW          821    .bss                usbd_desc.o
    0x200009e8        -       0x000004f8   Zero   RW          930    .bss                usbd_conf.o
    0x20000ee0        -       0x0000000e   Zero   RW         1107    .bss                bsp_adc.o
    0x20000eee   COMPRESSED   0x00000002   PAD
    0x20000ef0        -       0x00000040   Zero   RW         5711    .bss                queue.o
    0x20000f30        -       0x000004c4   Zero   RW         6135    .bss                tasks.o
    0x200013f4        -       0x00000118   Zero   RW         6466    .bss                timers.o
    0x2000150c        -       0x000006b8   Zero   RW         6691    .bss                cmsis_os2.o
    0x20001bc4        -       0x00003c00   Zero   RW         7137    .bss                heap_4.o
    0x200057c4        -       0x00000054   Zero   RW         7841    .bss                c_w.l(stdio_streams.o)
    0x20005818        -       0x00000054   Zero   RW         7842    .bss                c_w.l(stdio_streams.o)
    0x2000586c        -       0x00000054   Zero   RW         7843    .bss                c_w.l(stdio_streams.o)
    0x200058c0        -       0x00000060   Zero   RW         8041    .bss                c_w.l(libspace.o)
    0x20005920        -       0x00000200   Zero   RW            2    HEAP                startup_stm32f407xx.o
    0x20005b20        -       0x00000400   Zero   RW            1    STACK               startup_stm32f407xx.o


    Execution Region RW_IRAM2 (Exec base: 0x2001c000, Load base: 0x08009040, Size: 0x00000000, Max: 0x00004000, ABSOLUTE)

    **** No section assigned to this execution region ****


==============================================================================

Image component sizes


      Code (inc. data)   RO Data    RW Data    ZI Data      Debug   Object Name

       412         36          0          0        168       1939   adc.o
         0          0          0          0         14        500   bsp_adc.o
       276         64          0          0          0       2038   bsp_drv8301.o
        24          4          0          0          0        500   bsp_uart.o
       326         22          0          4       1720      65239   cmsis_os2.o
        60          4          0          0          0        782   dma.o
         0          0          0          0          0      19516   event_groups.o
       710         34          0          0          0       4817   foc.o
        44         14         48          4          0       1705   freertos.o
       272         18          0          0          0       1079   gpio.o
       472         24          0         32      15360       4887   heap_4.o
       168         26          0          0         84       1677   i2c.o
       138          0          0          0          0       3566   list.o
       644         88          0         44         12     750436   main.o
       786         82          0         12          0      11509   port.o
      1514         20          0          0         64      17424   queue.o
       176         22          0          0         88       1689   spi.o
        64         26        392          0       1536        844   startup_stm32f407xx.o
       116         18          0         12          0       8718   stm32f4xx_hal.o
       712         28          0          0          0       2879   stm32f4xx_hal_adc.o
       158         14          0          0          0      33054   stm32f4xx_hal_cortex.o
      1084         16          8          0          0       7346   stm32f4xx_hal_dma.o
       506         46          0          0          0       2192   stm32f4xx_hal_gpio.o
       392         16          0          0          0       3227   stm32f4xx_hal_i2c.o
        56          4          0          0          0        866   stm32f4xx_hal_msp.o
      2558         12          0          0          0      12916   stm32f4xx_hal_pcd.o
        78          0          0          0          0       2401   stm32f4xx_hal_pcd_ex.o
      1420         88          0          0          0       6397   stm32f4xx_hal_rcc.o
      1770         16          0          0          0       8418   stm32f4xx_hal_spi.o
      1974        136          0          0          0      17034   stm32f4xx_hal_tim.o
       450         56          0          0          0       4772   stm32f4xx_hal_tim_ex.o
       152         20          0          0         72       1479   stm32f4xx_hal_timebase_tim.o
      1970         26          0          0          0      15860   stm32f4xx_hal_uart.o
        96         42          0          0          0       6075   stm32f4xx_it.o
      2708        116          0          0          0      23268   stm32f4xx_ll_usb.o
         0          0          0          0          0        432   stream_buffer.o
        16          4         24          4          0       1127   system_stm32f4xx.o
      2084        168          0         60       1220      26920   tasks.o
       676         60          0          0        216       3886   tim.o
       972         80          0         20        280      32159   timers.o
       236         30          0          0        168       1797   usart.o
        64         12          0          0        732        800   usb_device.o
       634         24          0          0       1272      16236   usbd_conf.o
       934          0          0          0          0      15375   usbd_core.o
      1360         28          0          1          0      15332   usbd_ctlreq.o
       288        104          0         78        512       6185   usbd_desc.o
       540         36          0        194          0       7839   usbd_hid.o
       104          0          0          0          0       3820   usbd_ioreq.o

    ----------------------------------------------------------------------
     30252       1684        504        472      23520    1178957   Object Totals
         0          0         32          0          0          0   (incl. Generated)
        58          0          0          7          2          0   (incl. Padding)

    ----------------------------------------------------------------------

      Code (inc. data)   RO Data    RW Data    ZI Data      Debug   Library Member Name

         0          0       2052          0          0       6294   arm_common_tables.o
       152         12          0          0          0       1104   arm_cos_f32.o
       144         12          0          0          0       1092   arm_sin_f32.o
        90          0          0          0          0          0   __dczerorl2.o
         8          0          0          0          0         68   __main.o
       104          0          0          0          0         84   __printf.o
         0          0          0          0          0          0   __rtentry.o
        12          0          0          0          0          0   __rtentry2.o
         6          0          0          0          0          0   __rtentry4.o
        52          8          0          0          0          0   __scatter.o
        28          0          0          0          0          0   __scatter_zi.o
        48          6          0          0          0         96   _printf_char_common.o
        36          4          0          0          0         80   _printf_char_file.o
         6          0          0          0          0          0   _printf_d.o
       120         16          0          0          0         92   _printf_dec.o
       178          0          0          0          0         88   _printf_intcommon.o
         0          0          0          0          0          0   _printf_percent.o
         4          0          0          0          0          0   _printf_percent_end.o
        16          0          0          0          0         68   aeabi_memset.o
        10          0          0          0          0         68   defsig_exit.o
        50          0          0          0          0         88   defsig_general.o
        80         58          0          0          0         76   defsig_rtmem_inner.o
        14          0          0          0          0         80   defsig_rtmem_outer.o
        52         38          0          0          0         76   defsig_rtred_inner.o
        14          0          0          0          0         80   defsig_rtred_outer.o
        18          0          0          0          0         80   exit.o
        76          0          0          0          0         88   fclose.o
         8          0          0          0          0         68   ferror.o
       236          4          0          0          0        128   fopen.o
       248          6          0          0          0         84   fseek.o
        66          0          0          0          0         76   ftell.o
        94          0          0          0          0         80   h1_alloc.o
        52          0          0          0          0         68   h1_extend.o
        78          0          0          0          0         80   h1_free.o
        14          0          0          0          0         84   h1_init.o
         6          0          0          0          0        152   heapauxi.o
         4          0          0          0          0        136   hguard.o
         0          0          0          0          0          0   indicate_semi.o
       138          0          0          0          0        168   init_alloc.o
       312         46          0          0          0        112   initio.o
         2          0          0          0          0          0   libinit.o
        18          0          0          0          0          0   libinit2.o
         2          0          0          0          0          0   libshutdown.o
         6          0          0          0          0          0   libshutdown2.o
         8          4          0          0         96         68   libspace.o
       238          0          0          0          0        100   lludivv7m.o
         0          0          0          0          0          0   maybetermalloc1.o
        24          4          0          0          0         84   noretval__2printf.o
         8          4          0          0          0         68   rt_errno_addr_intlibspace.o
         8          4          0          0          0         68   rt_heap_descriptor_intlibspace.o
        68          0          0          0          0         68   rt_memclr.o
        78          0          0          0          0         80   rt_memclr_w.o
       138          0          0          0          0         68   rt_memcpy_v6.o
       100          0          0          0          0         80   rt_memcpy_w.o
         2          0          0          0          0          0   rtexit.o
        10          0          0          0          0          0   rtexit2.o
        70          0          0          0          0         80   setvbuf.o
       240          6          0          0          0        156   stdio.o
         0          0          0         12        252          0   stdio_streams.o
        62          0          0          0          0         76   strlen.o
        12          4          0          0          0         68   sys_exit.o
       102          0         12          0          0        240   sys_io.o
        74          0          0          0          0         80   sys_stackheap_outer.o
        14          0          0          0          0         76   sys_wrch.o
         2          0          0          0          0         68   use_no_semi.o
        10          0          0          0          0        116   fpinit.o

    ----------------------------------------------------------------------
      3884        236       2064         12        348      12582   Library Totals
        14          0          0          0          0          0   (incl. Padding)

    ----------------------------------------------------------------------

      Code (inc. data)   RO Data    RW Data    ZI Data      Debug   Library Name

       296         24       2052          0          0       8490   arm_cortexM4lf_math.lib
      3564        212         12         12        348       3976   c_w.l
        10          0          0          0          0        116   fz_wm.l

    ----------------------------------------------------------------------
      3884        236       2064         12        348      12582   Library Totals

    ----------------------------------------------------------------------

==============================================================================


      Code (inc. data)   RO Data    RW Data    ZI Data      Debug   

     34136       1920       2568        484      23868    1158191   Grand Totals
     34136       1920       2568        224      23868    1158191   ELF Image Totals (compressed)
     34136       1920       2568        224          0          0   ROM Totals

==============================================================================

    Total RO  Size (Code + RO Data)                36704 (  35.84kB)
    Total RW  Size (RW Data + ZI Data)             24352 (  23.78kB)
    Total ROM Size (Code + RO Data + RW Data)      36928 (  36.06kB)

==============================================================================

