<html>
<body>
<pre>
<h1>µVision Build Log</h1>
<h2>Tool Versions:</h2>
IDE-Version: ¦ÌVision V5.39.0.0
Copyright (C) 2023 ARM Ltd and ARM Germany GmbH. All rights reserved.
License Information: 11 11, 11, LIC=03C6R-KKCC3-Y8GFK-ZN0B8-S84HT-2NF3S
 
Tool Versions:
Toolchain:       MDK-ARM Plus  Version: 5.39.0.0
Toolchain Path:  C:\Users\Me\Software_Tool\Keil5\ARM\ARMCC\Bin
C Compiler:      Armcc.exe V5.06 update 7 (build 960)
Assembler:       Armasm.exe V5.06 update 7 (build 960)
Linker/Locator:  ArmLink.exe V5.06 update 7 (build 960)
Library Manager: ArmAr.exe V5.06 update 7 (build 960)
Hex Converter:   FromElf.exe V5.06 update 7 (build 960)
CPU DLL:         SARMCM3.DLL V5.39.0.0
Dialog DLL:      DCM.DLL V1.17.5.0
Target DLL:      STLink\ST-LINKIII-KEIL_SWO.dll V3.2.0.0
Dialog DLL:      TCM.DLL V1.56.4.0
 
<h2>Project:</h2>
C:\Users\Me\Desktop\Code\foc_usb\01_example\stm32-usb-keyboard-master\Keyboard_Software\MDK-ARM\USB_Keyboard.uvprojx
Project File Date:  11/21/2024

<h2>Output:</h2>
*** Using Compiler 'V5.06 update 7 (build 960)', folder: 'C:\Users\Me\Software_Tool\Keil5\ARM\ARMCC\Bin'
Build target 'USB_Keyboard'
assembling startup_stm32f103xe.s...
compiling stm32f1xx_it.c...
compiling stm32f1xx_hal_msp.c...
compiling usart.c...
compiling stm32f1xx_hal_rcc_ex.c...
compiling main.c...
compiling usbd_desc.c...
compiling stm32f1xx_hal_rcc.c...
compiling gpio.c...
compiling stm32f1xx_hal_pcd_ex.c...
compiling stm32f1xx_ll_usb.c...
compiling stm32f1xx_hal_gpio_ex.c...
compiling stm32f1xx_hal.c...
compiling usbd_conf.c...
compiling stm32f1xx_hal_pcd.c...
compiling usb_device.c...
compiling stm32f1xx_hal_gpio.c...
compiling stm32f1xx_hal_dma.c...
compiling stm32f1xx_hal_exti.c...
compiling usbd_hid.c...
compiling usbd_ioreq.c...
compiling stm32f1xx_hal_tim.c...
compiling stm32f1xx_hal_cortex.c...
compiling system_stm32f1xx.c...
compiling usbd_ctlreq.c...
compiling stm32f1xx_hal_flash.c...
compiling bsp_usart.c...
compiling stm32f1xx_hal_pwr.c...
compiling stm32f1xx_hal_flash_ex.c...
compiling usbd_core.c...
compiling stm32f1xx_hal_tim_ex.c...
compiling stm32f1xx_hal_uart.c...
compiling bsp_led.c...
compiling bsp_key.c...
..\User\bsp_key\bsp_key.c(36): warning:  #1-D: last line of file ends without a newline
  }
..\User\bsp_key\bsp_key.c: 1 warning, 0 errors
linking...
Program Size: Code=14884 RO-data=360 RW-data=468 ZI-data=3692  
FromELF: creating hex file...
"USB_Keyboard\USB_Keyboard.axf" - 0 Error(s), 1 Warning(s).

<h2>Software Packages used:</h2>

Package Vendor: ARM
                http://www.keil.com/pack/ARM.CMSIS.5.9.0.pack
                ARM::CMSIS@5.9.0
                CMSIS (Common Microcontroller Software Interface Standard)
   * Component: CORE Version: 5.6.0

Package Vendor: Keil
                https://www.keil.com/pack/Keil.STM32F1xx_DFP.2.4.1.pack
                Keil::STM32F1xx_DFP@2.4.1
                STMicroelectronics STM32F1 Series Device Support, Drivers and Examples

<h2>Collection of Component include folders:</h2>
  ./RTE/_USB_Keyboard
  C:/Users/Me/Software_Tool/Keil5/Pack/ARM/CMSIS/5.9.0/CMSIS/Core/Include
  C:/Users/Me/Software_Tool/Keil5/Pack/Keil/STM32F1xx_DFP/2.4.1/Device/Include

<h2>Collection of Component Files used:</h2>

   * Component: ARM::CMSIS:CORE@5.6.0
      Include file:  CMSIS/Core/Include/tz_context.h
Build Time Elapsed:  00:00:08
</pre>
</body>
</html>
