Component: ARM Compiler 5.06 update 7 (build 960) Tool: armlink [4d3601]

==============================================================================

Section Cross References

    startup_stm32f407xx.o(RESET) refers to startup_stm32f407xx.o(STACK) for __initial_sp
    startup_stm32f407xx.o(RESET) refers to startup_stm32f407xx.o(.text) for Reset_Handler
    startup_stm32f407xx.o(RESET) refers to stm32f4xx_it.o(i.NMI_Handler) for NMI_Handler
    startup_stm32f407xx.o(RESET) refers to stm32f4xx_it.o(i.HardFault_Handler) for HardFault_Handler
    startup_stm32f407xx.o(RESET) refers to stm32f4xx_it.o(i.MemManage_Handler) for MemManage_Handler
    startup_stm32f407xx.o(RESET) refers to stm32f4xx_it.o(i.BusFault_Handler) for BusFault_Handler
    startup_stm32f407xx.o(RESET) refers to stm32f4xx_it.o(i.UsageFault_Handler) for UsageFault_Handler
    startup_stm32f407xx.o(RESET) refers to stm32f4xx_it.o(i.SVC_Handler) for SVC_Handler
    startup_stm32f407xx.o(RESET) refers to stm32f4xx_it.o(i.DebugMon_Handler) for DebugMon_Handler
    startup_stm32f407xx.o(RESET) refers to stm32f4xx_it.o(i.PendSV_Handler) for PendSV_Handler
    startup_stm32f407xx.o(RESET) refers to stm32f4xx_it.o(i.SysTick_Handler) for SysTick_Handler
    startup_stm32f407xx.o(RESET) refers to stm32f4xx_it.o(i.TIM4_IRQHandler) for TIM4_IRQHandler
    startup_stm32f407xx.o(RESET) refers to stm32f4xx_it.o(i.USART1_IRQHandler) for USART1_IRQHandler
    startup_stm32f407xx.o(RESET) refers to stm32f4xx_it.o(i.TIM6_DAC_IRQHandler) for TIM6_DAC_IRQHandler
    startup_stm32f407xx.o(RESET) refers to stm32f4xx_it.o(i.TIM7_IRQHandler) for TIM7_IRQHandler
    startup_stm32f407xx.o(RESET) refers to stm32f4xx_it.o(i.DMA2_Stream0_IRQHandler) for DMA2_Stream0_IRQHandler
    startup_stm32f407xx.o(RESET) refers to stm32f4xx_it.o(i.OTG_FS_IRQHandler) for OTG_FS_IRQHandler
    startup_stm32f407xx.o(RESET) refers to stm32f4xx_it.o(i.DMA2_Stream7_IRQHandler) for DMA2_Stream7_IRQHandler
    startup_stm32f407xx.o(.text) refers to system_stm32f4xx.o(i.SystemInit) for SystemInit
    startup_stm32f407xx.o(.text) refers to entry.o(.ARM.Collect$$$$00000000) for __main
    main.o(i.HAL_TIM_PeriodElapsedCallback) refers to stm32f4xx_hal.o(i.HAL_IncTick) for HAL_IncTick
    main.o(i.HAL_TIM_PeriodElapsedCallback) refers to foc.o(i.Svpwm_ABC) for Svpwm_ABC
    main.o(i.HAL_TIM_PeriodElapsedCallback) refers to stm32f4xx_hal_uart.o(i.HAL_UART_Transmit_DMA) for HAL_UART_Transmit_DMA
    main.o(i.HAL_TIM_PeriodElapsedCallback) refers to bsp_adc.o(.bss) for dmaDataBuffer
    main.o(i.HAL_TIM_PeriodElapsedCallback) refers to main.o(.data) for .data
    main.o(i.HAL_TIM_PeriodElapsedCallback) refers to main.o(.bss) for .bss
    main.o(i.HAL_TIM_PeriodElapsedCallback) refers to usart.o(.bss) for huart1
    main.o(i.SystemClock_Config) refers to memseta.o(.text) for __aeabi_memclr4
    main.o(i.SystemClock_Config) refers to stm32f4xx_hal_rcc.o(i.HAL_RCC_OscConfig) for HAL_RCC_OscConfig
    main.o(i.SystemClock_Config) refers to stm32f4xx_hal_rcc.o(i.HAL_RCC_ClockConfig) for HAL_RCC_ClockConfig
    main.o(i.main) refers to stm32f4xx_hal.o(i.HAL_Init) for HAL_Init
    main.o(i.main) refers to main.o(i.SystemClock_Config) for SystemClock_Config
    main.o(i.main) refers to gpio.o(i.MX_GPIO_Init) for MX_GPIO_Init
    main.o(i.main) refers to dma.o(i.MX_DMA_Init) for MX_DMA_Init
    main.o(i.main) refers to usb_device.o(i.MX_USB_DEVICE_Init) for MX_USB_DEVICE_Init
    main.o(i.main) refers to usart.o(i.MX_USART1_UART_Init) for MX_USART1_UART_Init
    main.o(i.main) refers to spi.o(i.MX_SPI1_Init) for MX_SPI1_Init
    main.o(i.main) refers to i2c.o(i.MX_I2C1_Init) for MX_I2C1_Init
    main.o(i.main) refers to tim.o(i.MX_TIM4_Init) for MX_TIM4_Init
    main.o(i.main) refers to adc.o(i.MX_ADC1_Init) for MX_ADC1_Init
    main.o(i.main) refers to tim.o(i.MX_TIM1_Init) for MX_TIM1_Init
    main.o(i.main) refers to tim.o(i.MX_TIM7_Init) for MX_TIM7_Init
    main.o(i.main) refers to stm32f4xx_hal.o(i.HAL_Delay) for HAL_Delay
    main.o(i.main) refers to stm32f4xx_hal_uart.o(i.HAL_UART_Receive_IT) for HAL_UART_Receive_IT
    main.o(i.main) refers to bsp_drv8301.o(i.Drv8301_Init) for Drv8301_Init
    main.o(i.main) refers to stm32f4xx_hal_tim.o(i.HAL_TIM_PWM_Start) for HAL_TIM_PWM_Start
    main.o(i.main) refers to stm32f4xx_hal_tim_ex.o(i.HAL_TIMEx_PWMN_Start) for HAL_TIMEx_PWMN_Start
    main.o(i.main) refers to bsp_adc.o(i.DMA_ADC_Init) for DMA_ADC_Init
    main.o(i.main) refers to stm32f4xx_hal_tim.o(i.HAL_TIM_Base_Start_IT) for HAL_TIM_Base_Start_IT
    main.o(i.main) refers to main.o(.data) for .data
    main.o(i.main) refers to usart.o(.bss) for huart1
    main.o(i.main) refers to tim.o(.bss) for htim1
    main.o(i.main) refers to adc.o(.bss) for hadc1
    gpio.o(i.MX_GPIO_Init) refers to memseta.o(.text) for __aeabi_memclr4
    gpio.o(i.MX_GPIO_Init) refers to stm32f4xx_hal_gpio.o(i.HAL_GPIO_WritePin) for HAL_GPIO_WritePin
[...]
    i.USB_EP0_OutStart                       0x08005a6c   Section        0  stm32f4xx_ll_usb.o(i.USB_EP0_OutStart)
    i.USB_EPClearStall                       0x08005ac4   Section        0  stm32f4xx_ll_usb.o(i.USB_EPClearStall)
    i.USB_EPSetStall                         0x08005b1c   Section        0  stm32f4xx_ll_usb.o(i.USB_EPSetStall)
    i.USB_EPStartXfer                        0x08005b74   Section        0  stm32f4xx_ll_usb.o(i.USB_EPStartXfer)
    i.USB_EPStopXfer                         0x08005da4   Section        0  stm32f4xx_ll_usb.o(i.USB_EPStopXfer)
    i.USB_EnableGlobalInt                    0x08005e42   Section        0  stm32f4xx_ll_usb.o(i.USB_EnableGlobalInt)
    i.USB_FlushRxFifo                        0x08005e4e   Section        0  stm32f4xx_ll_usb.o(i.USB_FlushRxFifo)
    i.USB_FlushTxFifo                        0x08005e86   Section        0  stm32f4xx_ll_usb.o(i.USB_FlushTxFifo)
    i.USB_GetDevSpeed                        0x08005ec2   Section        0  stm32f4xx_ll_usb.o(i.USB_GetDevSpeed)
    i.USB_GetMode                            0x08005edc   Section        0  stm32f4xx_ll_usb.o(i.USB_GetMode)
    i.USB_ReadDevAllInEpInterrupt            0x08005ee4   Section        0  stm32f4xx_ll_usb.o(i.USB_ReadDevAllInEpInterrupt)
    i.USB_ReadDevAllOutEpInterrupt           0x08005ef2   Section        0  stm32f4xx_ll_usb.o(i.USB_ReadDevAllOutEpInterrupt)
    i.USB_ReadDevInEPInterrupt               0x08005f00   Section        0  stm32f4xx_ll_usb.o(i.USB_ReadDevInEPInterrupt)
    i.USB_ReadDevOutEPInterrupt              0x08005f24   Section        0  stm32f4xx_ll_usb.o(i.USB_ReadDevOutEPInterrupt)
    i.USB_ReadInterrupts                     0x08005f34   Section        0  stm32f4xx_ll_usb.o(i.USB_ReadInterrupts)
    i.USB_ReadPacket                         0x08005f3c   Section        0  stm32f4xx_ll_usb.o(i.USB_ReadPacket)
    i.USB_SetCurrentMode                     0x08005f7a   Section        0  stm32f4xx_ll_usb.o(i.USB_SetCurrentMode)
    i.USB_SetDevAddress                      0x08005fd6   Section        0  stm32f4xx_ll_usb.o(i.USB_SetDevAddress)
    i.USB_SetTurnaroundTime                  0x08005ff8   Section        0  stm32f4xx_ll_usb.o(i.USB_SetTurnaroundTime)
    i.USB_WritePacket                        0x080060e0   Section        0  stm32f4xx_ll_usb.o(i.USB_WritePacket)
    i.UsageFault_Handler                     0x08006108   Section        0  stm32f4xx_it.o(i.UsageFault_Handler)
    i.V_Time                                 0x0800610c   Section        0  foc.o(i.V_Time)
    i.__0printf$1                            0x080061a8   Section        0  printf1.o(i.__0printf$1)
    i.__NVIC_SetPriority                     0x080061c8   Section        0  stm32f4xx_hal_cortex.o(i.__NVIC_SetPriority)
    __NVIC_SetPriority                       0x080061c9   Thumb Code    32  stm32f4xx_hal_cortex.o(i.__NVIC_SetPriority)
    i.__scatterload_copy                     0x080061e8   Section       14  handlers.o(i.__scatterload_copy)
    i.__scatterload_null                     0x080061f6   Section        2  handlers.o(i.__scatterload_null)
    i.__scatterload_zeroinit                 0x080061f8   Section       14  handlers.o(i.__scatterload_zeroinit)
    i._printf_core                           0x08006208   Section        0  printf1.o(i._printf_core)
    _printf_core                             0x08006209   Thumb Code   336  printf1.o(i._printf_core)
    i.fputc                                  0x0800635c   Section        0  bsp_uart.o(i.fputc)
    i.main                                   0x08006374   Section        0  main.o(i.main)
    i.spi1_read_byte                         0x08006430   Section        0  bsp_drv8301.o(i.spi1_read_byte)
    i.spi1_write_byte                        0x0800646c   Section        0  bsp_drv8301.o(i.spi1_write_byte)
    .constdata                               0x080064a8   Section        8  stm32f4xx_hal_dma.o(.constdata)
    flagBitshiftOffset                       0x080064a8   Data           8  stm32f4xx_hal_dma.o(.constdata)
    .constdata                               0x080064b0   Section       16  system_stm32f4xx.o(.constdata)
    .constdata                               0x080064c0   Section        8  system_stm32f4xx.o(.constdata)
    .data                                    0x20000000   Section       44  main.o(.data)
    .data                                    0x2000002c   Section       28  usbd_desc.o(.data)
    .data                                    0x20000048   Section       50  usbd_desc.o(.data)
    .data                                    0x2000007c   Section       12  stm32f4xx_hal.o(.data)
    .data                                    0x20000088   Section        4  system_stm32f4xx.o(.data)
    .data                                    0x2000008c   Section        1  usbd_ctlreq.o(.data)
    cfgidx                                   0x2000008c   Data           1  usbd_ctlreq.o(.data)
    .data                                    0x20000090   Section       56  usbd_hid.o(.data)
    .data                                    0x200000c8   Section      138  usbd_hid.o(.data)
    HIDInEpAdd                               0x200000c8   Data           1  usbd_hid.o(.data)
    USBD_HID_CfgDesc                         0x200000cc   Data          34  usbd_hid.o(.data)
    USBD_HID_Desc                            0x200000f0   Data           9  usbd_hid.o(.data)
    USBD_HID_DeviceQualifierDesc             0x200000fc   Data          10  usbd_hid.o(.data)
    HID_MOUSE_ReportDesc                     0x20000108   Data          74  usbd_hid.o(.data)
    .data                                    0x20000154   Section        4  stdout.o(.data)
    .bss                                     0x20000158   Section       12  main.o(.bss)
    .bss                                     0x20000164   Section      168  adc.o(.bss)
    .bss                                     0x2000020c   Section       84  i2c.o(.bss)
    .bss                                     0x20000260   Section       88  spi.o(.bss)
    .bss                                     0x200002b8   Section      216  tim.o(.bss)
    .bss                                     0x20000390   Section      168  usart.o(.bss)
    .bss                                     0x20000438   Section       72  stm32f4xx_hal_timebase_tim.o(.bss)
    .bss                                     0x20000480   Section      732  usb_device.o(.bss)
    .bss                                     0x2000075c   Section      512  usbd_desc.o(.bss)
    .bss                                     0x2000095c   Section     1272  usbd_conf.o(.bss)
    mem                                      0x2000095c   Data          20  usbd_conf.o(.bss)
    .bss                                     0x20000e54   Section       14  bsp_adc.o(.bss)
    STACK                                    0x20000e68   Section     1024  startup_stm32f407xx.o(STACK)

    Global Symbols

    Symbol Name                              Value     Ov Type        Size  Object(Section)

    BuildAttributes$$THM_ISAv4$E$P$D$K$B$S$7EM$VFPi3$EXTD16$VFPS$VFMA$PE$A:L22UL41UL21$X:L11$S22US41US21$IEEE1$IW$USESV6$~STKCKD$USESV7$~SHL$OSPACE$ROPI$EBA8$MICROLIB$REQ8$PRES8$EABIv2 0x00000000   Number         0  anon$$obj.o ABSOLUTE
    __ARM_use_no_argv                        0x00000000   Number         0  main.o ABSOLUTE
    _printf_a                                0x00000000   Number         0  stubs.o ABSOLUTE
    _printf_c                                0x00000000   Number         0  stubs.o ABSOLUTE
    _printf_charcount                        0x00000000   Number         0  stubs.o ABSOLUTE
    _printf_d                                0x00000000   Number         0  stubs.o ABSOLUTE
    _printf_e                                0x00000000   Number         0  stubs.o ABSOLUTE
    _printf_f                                0x00000000   Number         0  stubs.o ABSOLUTE
    _printf_flags                            0x00000000   Number         0  stubs.o ABSOLUTE
    _printf_fp_dec                           0x00000000   Number         0  stubs.o ABSOLUTE
    _printf_fp_hex                           0x00000000   Number         0  stubs.o ABSOLUTE
    _printf_g                                0x00000000   Number         0  stubs.o ABSOLUTE
    _printf_i                                0x00000000   Number         0  stubs.o ABSOLUTE
    _printf_int_dec                          0x00000000   Number         0  stubs.o ABSOLUTE
    _printf_l                                0x00000000   Number         0  stubs.o ABSOLUTE
    _printf_lc                               0x00000000   Number         0  stubs.o ABSOLUTE
    _printf_ll                               0x00000000   Number         0  stubs.o ABSOLUTE
    _printf_lld                              0x00000000   Number         0  stubs.o ABSOLUTE
    _printf_lli                              0x00000000   Number         0  stubs.o ABSOLUTE
    _printf_llo                              0x00000000   Number         0  stubs.o ABSOLUTE
    _printf_llu                              0x00000000   Number         0  stubs.o ABSOLUTE
    _printf_llx                              0x00000000   Number         0  stubs.o ABSOLUTE
    _printf_longlong_dec                     0x00000000   Number         0  stubs.o ABSOLUTE
    _printf_longlong_hex                     0x00000000   Number         0  stubs.o ABSOLUTE
    _printf_longlong_oct                     0x00000000   Number         0  stubs.o ABSOLUTE
    _printf_ls                               0x00000000   Number         0  stubs.o ABSOLUTE
    _printf_mbtowc                           0x00000000   Number         0  stubs.o ABSOLUTE
    _printf_n                                0x00000000   Number         0  stubs.o ABSOLUTE
    _printf_o                                0x00000000   Number         0  stubs.o ABSOLUTE
    _printf_p                                0x00000000   Number         0  stubs.o ABSOLUTE
    _printf_percent                          0x00000000   Number         0  stubs.o ABSOLUTE
    _printf_pre_padding                      0x00000000   Number         0  stubs.o ABSOLUTE
    _printf_return_value                     0x00000000   Number         0  stubs.o ABSOLUTE
    _printf_s                                0x00000000   Number         0  stubs.o ABSOLUTE
    _printf_sizespec                         0x00000000   Number         0  stubs.o ABSOLUTE
    _printf_str                              0x00000000   Number         0  stubs.o ABSOLUTE
    _printf_truncate_signed                  0x00000000   Number         0  stubs.o ABSOLUTE
    _printf_truncate_unsigned                0x00000000   Number         0  stubs.o ABSOLUTE
    _printf_u                                0x00000000   Number         0  stubs.o ABSOLUTE
    _printf_wc                               0x00000000   Number         0  stubs.o ABSOLUTE
    _printf_wctomb                           0x00000000   Number         0  stubs.o ABSOLUTE
    _printf_widthprec                        0x00000000   Number         0  stubs.o ABSOLUTE
    _printf_x                                0x00000000   Number         0  stubs.o ABSOLUTE
    __arm_fini_                               - Undefined Weak Reference
    __cpp_initialize__aeabi_                  - Undefined Weak Reference
    __cxa_finalize                            - Undefined Weak Reference
    _clock_init                               - Undefined Weak Reference
    _microlib_exit                            - Undefined Weak Reference
    __Vectors_Size                           0x00000188   Number         0  startup_stm32f407xx.o ABSOLUTE
    __Vectors                                0x08000000   Data           4  startup_stm32f407xx.o(RESET)
    __Vectors_End                            0x08000188   Data           0  startup_stm32f407xx.o(RESET)
    __main                                   0x08000189   Thumb Code     0  entry.o(.ARM.Collect$$$$00000000)
    _main_stk                                0x08000189   Thumb Code     0  entry2.o(.ARM.Collect$$$$00000001)
    _main_scatterload                        0x0800018d   Thumb Code     0  entry5.o(.ARM.Collect$$$$00000004)
    __main_after_scatterload                 0x08000191   Thumb Code     0  entry5.o(.ARM.Collect$$$$00000004)
    _main_clock                              0x08000191   Thumb Code     0  entry7b.o(.ARM.Collect$$$$00000008)
    _main_cpp_init                           0x08000191   Thumb Code     0  entry8b.o(.ARM.Collect$$$$0000000A)
    _main_init                               0x08000191   Thumb Code     0  entry9a.o(.ARM.Collect$$$$0000000B)
    __rt_lib_shutdown_fini                   0x08000199   Thumb Code     0  entry12b.o(.ARM.Collect$$$$0000000E)
    __rt_final_cpp                           0x0800019d   Thumb Code     0  entry10a.o(.ARM.Collect$$$$0000000F)
    __rt_final_exit                          0x0800019d   Thumb Code     0  entry11a.o(.ARM.Collect$$$$00000011)
    Reset_Handler                            0x080001a1   Thumb Code     8  startup_stm32f407xx.o(.text)
    ADC_IRQHandler                           0x080001bb   Thumb Code     0  startup_stm32f407xx.o(.text)
    CAN1_RX0_IRQHandler                      0x080001bb   Thumb Code     0  startup_stm32f407xx.o(.text)
    CAN1_RX1_IRQHandler                      0x080001bb   Thumb Code     0  startup_stm32f407xx.o(.text)
    CAN1_SCE_IRQHandler                      0x080001bb   Thumb Code     0  startup_stm32f407xx.o(.text)
    CAN1_TX_IRQHandler                       0x080001bb   Thumb Code     0  startup_stm32f407xx.o(.text)
    CAN2_RX0_IRQHandler                      0x080001bb   Thumb Code     0  startup_stm32f407xx.o(.text)
    CAN2_RX1_IRQHandler                      0x080001bb   Thumb Code     0  startup_stm32f407xx.o(.text)
    CAN2_SCE_IRQHandler                      0x080001bb   Thumb Code     0  startup_stm32f407xx.o(.text)
    CAN2_TX_IRQHandler                       0x080001bb   Thumb Code     0  startup_stm32f407xx.o(.text)
    DCMI_IRQHandler                          0x080001bb   Thumb Code     0  startup_stm32f407xx.o(.text)
    DMA1_Stream0_IRQHandler                  0x080001bb   Thumb Code     0  startup_stm32f407xx.o(.text)
    DMA1_Stream1_IRQHandler                  0x080001bb   Thumb Code     0  startup_stm32f407xx.o(.text)
    DMA1_Stream2_IRQHandler                  0x080001bb   Thumb Code     0  startup_stm32f407xx.o(.text)
    DMA1_Stream3_IRQHandler                  0x080001bb   Thumb Code     0  startup_stm32f407xx.o(.text)
    DMA1_Stream4_IRQHandler                  0x080001bb   Thumb Code     0  startup_stm32f407xx.o(.text)
    DMA1_Stream5_IRQHandler                  0x080001bb   Thumb Code     0  startup_stm32f407xx.o(.text)
    DMA1_Stream6_IRQHandler                  0x080001bb   Thumb Code     0  startup_stm32f407xx.o(.text)
    DMA1_Stream7_IRQHandler                  0x080001bb   Thumb Code     0  startup_stm32f407xx.o(.text)
    DMA2_Stream1_IRQHandler                  0x080001bb   Thumb Code     0  startup_stm32f407xx.o(.text)
    DMA2_Stream2_IRQHandler                  0x080001bb   Thumb Code     0  startup_stm32f407xx.o(.text)
    DMA2_Stream3_IRQHandler                  0x080001bb   Thumb Code     0  startup_stm32f407xx.o(.text)
    DMA2_Stream4_IRQHandler                  0x080001bb   Thumb Code     0  startup_stm32f407xx.o(.text)
    DMA2_Stream5_IRQHandler                  0x080001bb   Thumb Code     0  startup_stm32f407xx.o(.text)
    DMA2_Stream6_IRQHandler                  0x080001bb   Thumb Code     0  startup_stm32f407xx.o(.text)
    ETH_IRQHandler                           0x080001bb   Thumb Code     0  startup_stm32f407xx.o(.text)
    ETH_WKUP_IRQHandler                      0x080001bb   Thumb Code     0  startup_stm32f407xx.o(.text)
    EXTI0_IRQHandler                         0x080001bb   Thumb Code     0  startup_stm32f407xx.o(.text)
    EXTI15_10_IRQHandler                     0x080001bb   Thumb Code     0  startup_stm32f407xx.o(.text)
    EXTI1_IRQHandler                         0x080001bb   Thumb Code     0  startup_stm32f407xx.o(.text)
    EXTI2_IRQHandler                         0x080001bb   Thumb Code     0  startup_stm32f407xx.o(.text)
    EXTI3_IRQHandler                         0x080001bb   Thumb Code     0  startup_stm32f407xx.o(.text)
    EXTI4_IRQHandler                         0x080001bb   Thumb Code     0  startup_stm32f407xx.o(.text)
    EXTI9_5_IRQHandler                       0x080001bb   Thumb Code     0  startup_stm32f407xx.o(.text)
    FLASH_IRQHandler                         0x080001bb   Thumb Code     0  startup_stm32f407xx.o(.text)
    FMC_IRQHandler                           0x080001bb   Thumb Code     0  startup_stm32f407xx.o(.text)
    FPU_IRQHandler                           0x080001bb   Thumb Code     0  startup_stm32f407xx.o(.text)
    HASH_RNG_IRQHandler                      0x080001bb   Thumb Code     0  startup_stm32f407xx.o(.text)
    I2C1_ER_IRQHandler                       0x080001bb   Thumb Code     0  startup_stm32f407xx.o(.text)
    I2C1_EV_IRQHandler                       0x080001bb   Thumb Code     0  startup_stm32f407xx.o(.text)
    I2C2_ER_IRQHandler                       0x080001bb   Thumb Code     0  startup_stm32f407xx.o(.text)
    I2C2_EV_IRQHandler                       0x080001bb   Thumb Code     0  startup_stm32f407xx.o(.text)
    I2C3_ER_IRQHandler                       0x080001bb   Thumb Code     0  startup_stm32f407xx.o(.text)
    I2C3_EV_IRQHandler                       0x080001bb   Thumb Code     0  startup_stm32f407xx.o(.text)
    OTG_FS_WKUP_IRQHandler                   0x080001bb   Thumb Code     0  startup_stm32f407xx.o(.text)
    OTG_HS_EP1_IN_IRQHandler                 0x080001bb   Thumb Code     0  startup_stm32f407xx.o(.text)
    OTG_HS_EP1_OUT_IRQHandler                0x080001bb   Thumb Code     0  startup_stm32f407xx.o(.text)
    OTG_HS_IRQHandler                        0x080001bb   Thumb Code     0  startup_stm32f407xx.o(.text)
    OTG_HS_WKUP_IRQHandler                   0x080001bb   Thumb Code     0  startup_stm32f407xx.o(.text)
    PVD_IRQHandler                           0x080001bb   Thumb Code     0  startup_stm32f407xx.o(.text)
    RCC_IRQHandler                           0x080001bb   Thumb Code     0  startup_stm32f407xx.o(.text)
    RTC_Alarm_IRQHandler                     0x080001bb   Thumb Code     0  startup_stm32f407xx.o(.text)
    RTC_WKUP_IRQHandler                      0x080001bb   Thumb Code     0  startup_stm32f407xx.o(.text)
    SDIO_IRQHandler                          0x080001bb   Thumb Code     0  startup_stm32f407xx.o(.text)
    SPI1_IRQHandler                          0x080001bb   Thumb Code     0  startup_stm32f407xx.o(.text)
    SPI2_IRQHandler                          0x080001bb   Thumb Code     0  startup_stm32f407xx.o(.text)
    SPI3_IRQHandler                          0x080001bb   Thumb Code     0  startup_stm32f407xx.o(.text)
    TAMP_STAMP_IRQHandler                    0x080001bb   Thumb Code     0  startup_stm32f407xx.o(.text)
    TIM1_BRK_TIM9_IRQHandler                 0x080001bb   Thumb Code     0  startup_stm32f407xx.o(.text)
    TIM1_CC_IRQHandler                       0x080001bb   Thumb Code     0  startup_stm32f407xx.o(.text)
    TIM1_TRG_COM_TIM11_IRQHandler            0x080001bb   Thumb Code     0  startup_stm32f407xx.o(.text)
    TIM1_UP_TIM10_IRQHandler                 0x080001bb   Thumb Code     0  startup_stm32f407xx.o(.text)
    TIM2_IRQHandler                          0x080001bb   Thumb Code     0  startup_stm32f407xx.o(.text)
    TIM3_IRQHandler                          0x080001bb   Thumb Code     0  startup_stm32f407xx.o(.text)
    TIM5_IRQHandler                          0x080001bb   Thumb Code     0  startup_stm32f407xx.o(.text)
    TIM8_BRK_TIM12_IRQHandler                0x080001bb   Thumb Code     0  startup_stm32f407xx.o(.text)
    TIM8_CC_IRQHandler                       0x080001bb   Thumb Code     0  startup_stm32f407xx.o(.text)
    TIM8_TRG_COM_TIM14_IRQHandler            0x080001bb   Thumb Code     0  startup_stm32f407xx.o(.text)
    TIM8_UP_TIM13_IRQHandler                 0x080001bb   Thumb Code     0  startup_stm32f407xx.o(.text)
    UART4_IRQHandler                         0x080001bb   Thumb Code     0  startup_stm32f407xx.o(.text)
    UART5_IRQHandler                         0x080001bb   Thumb Code     0  startup_stm32f407xx.o(.text)
    USART2_IRQHandler                        0x080001bb   Thumb Code     0  startup_stm32f407xx.o(.text)
    USART3_IRQHandler                        0x080001bb   Thumb Code     0  startup_stm32f407xx.o(.text)
    USART6_IRQHandler                        0x080001bb   Thumb Code     0  startup_stm32f407xx.o(.text)
    WWDG_IRQHandler                          0x080001bb   Thumb Code     0  startup_stm32f407xx.o(.text)
    __aeabi_uldivmod                         0x080001c5   Thumb Code    98  uldiv.o(.text)
    __aeabi_memset                           0x08000227   Thumb Code    14  memseta.o(.text)
    __aeabi_memset4                          0x08000227   Thumb Code     0  memseta.o(.text)
    __aeabi_memset8                          0x08000227   Thumb Code     0  memseta.o(.text)
    __aeabi_memclr                           0x08000235   Thumb Code     4  memseta.o(.text)
    __aeabi_memclr4                          0x08000235   Thumb Code     0  memseta.o(.text)
    __aeabi_memclr8                          0x08000235   Thumb Code     0  memseta.o(.text)
    _memset$wrapper                          0x08000239   Thumb Code    18  memseta.o(.text)
    __aeabi_uidiv                            0x0800024b   Thumb Code     0  uidiv.o(.text)
    __aeabi_uidivmod                         0x0800024b   Thumb Code    44  uidiv.o(.text)
    __aeabi_llsl                             0x08000277   Thumb Code    30  llshl.o(.text)
    _ll_shift_l                              0x08000277   Thumb Code     0  llshl.o(.text)
    __aeabi_llsr                             0x08000295   Thumb Code    32  llushr.o(.text)
    _ll_ushift_r                             0x08000295   Thumb Code     0  llushr.o(.text)
    __scatterload                            0x080002b5   Thumb Code    28  init.o(.text)
    __scatterload_rt2                        0x080002b5   Thumb Code     0  init.o(.text)
    __decompress                             0x080002d9   Thumb Code     0  __dczerorl2.o(.text)
    __decompress1                            0x080002d9   Thumb Code    86  __dczerorl2.o(.text)
    arm_cos_f32                              0x08000331   Thumb Code   152  arm_cos_f32.o(.text.arm_cos_f32)
    arm_sin_f32                              0x080003c9   Thumb Code   144  arm_sin_f32.o(.text.arm_sin_f32)
    BusFault_Handler                         0x08000611   Thumb Code     2  stm32f4xx_it.o(i.BusFault_Handler)
    CCR_ABC_Value                            0x08000613   Thumb Code   250  foc.o(i.CCR_ABC_Value)
    DMA2_Stream0_IRQHandler                  0x0800070d   Thumb Code     6  stm32f4xx_it.o(i.DMA2_Stream0_IRQHandler)
    DMA2_Stream7_IRQHandler                  0x08000719   Thumb Code     6  stm32f4xx_it.o(i.DMA2_Stream7_IRQHandler)
    DMA_ADC_Init                             0x08000725   Thumb Code     8  bsp_adc.o(i.DMA_ADC_Init)
    DebugMon_Handler                         0x080007d5   Thumb Code     2  stm32f4xx_it.o(i.DebugMon_Handler)
    Drv8301_Init                             0x080007d9   Thumb Code   112  bsp_drv8301.o(i.Drv8301_Init)
    Error_Handler                            0x08000875   Thumb Code     4  main.o(i.Error_Handler)
    HAL_ADC_ConfigChannel                    0x08000879   Thumb Code   316  stm32f4xx_hal_adc.o(i.HAL_ADC_ConfigChannel)
    HAL_ADC_ConvCpltCallback                 0x080009c5   Thumb Code     2  main.o(i.HAL_ADC_ConvCpltCallback)
    HAL_ADC_ConvHalfCpltCallback             0x080009c7   Thumb Code     2  stm32f4xx_hal_adc.o(i.HAL_ADC_ConvHalfCpltCallback)
    HAL_ADC_ErrorCallback                    0x080009c9   Thumb Code     2  stm32f4xx_hal_adc.o(i.HAL_ADC_ErrorCallback)
    HAL_ADC_Init                             0x080009cb   Thumb Code    84  stm32f4xx_hal_adc.o(i.HAL_ADC_Init)
    HAL_ADC_MspInit                          0x08000a21   Thumb Code   160  adc.o(i.HAL_ADC_MspInit)
    HAL_ADC_Start_DMA                        0x08000ad9   Thumb Code   302  stm32f4xx_hal_adc.o(i.HAL_ADC_Start_DMA)
    HAL_DMA_Abort                            0x08000c2d   Thumb Code   146  stm32f4xx_hal_dma.o(i.HAL_DMA_Abort)
    HAL_DMA_Abort_IT                         0x08000cbf   Thumb Code    36  stm32f4xx_hal_dma.o(i.HAL_DMA_Abort_IT)
    HAL_DMA_IRQHandler                       0x08000ce5   Thumb Code   412  stm32f4xx_hal_dma.o(i.HAL_DMA_IRQHandler)
    HAL_DMA_Init                             0x08000e85   Thumb Code   206  stm32f4xx_hal_dma.o(i.HAL_DMA_Init)
    HAL_DMA_Start_IT                         0x08000f59   Thumb Code   110  stm32f4xx_hal_dma.o(i.HAL_DMA_Start_IT)
    HAL_Delay                                0x08000fc9   Thumb Code    32  stm32f4xx_hal.o(i.HAL_Delay)
    HAL_GPIO_Init                            0x08000fed   Thumb Code   450  stm32f4xx_hal_gpio.o(i.HAL_GPIO_Init)
    HAL_GPIO_WritePin                        0x080011dd   Thumb Code    10  stm32f4xx_hal_gpio.o(i.HAL_GPIO_WritePin)
    HAL_GetTick                              0x080011e9   Thumb Code     6  stm32f4xx_hal.o(i.HAL_GetTick)
    HAL_I2C_Init                             0x080011f5   Thumb Code   376  stm32f4xx_hal_i2c.o(i.HAL_I2C_Init)
    HAL_I2C_MspInit                          0x0800137d   Thumb Code    92  i2c.o(i.HAL_I2C_MspInit)
    HAL_IncTick                              0x080013e5   Thumb Code    12  stm32f4xx_hal.o(i.HAL_IncTick)
    HAL_Init                                 0x080013f5   Thumb Code    48  stm32f4xx_hal.o(i.HAL_Init)
    HAL_InitTick                             0x08001429   Thumb Code   132  stm32f4xx_hal_timebase_tim.o(i.HAL_InitTick)
    HAL_MspInit                              0x080014c1   Thumb Code    42  stm32f4xx_hal_msp.o(i.HAL_MspInit)
    HAL_NVIC_EnableIRQ                       0x080014f1   Thumb Code    26  stm32f4xx_hal_cortex.o(i.HAL_NVIC_EnableIRQ)
    HAL_NVIC_SetPriority                     0x0800150d   Thumb Code    60  stm32f4xx_hal_cortex.o(i.HAL_NVIC_SetPriority)
    HAL_NVIC_SetPriorityGrouping             0x0800154d   Thumb Code    26  stm32f4xx_hal_cortex.o(i.HAL_NVIC_SetPriorityGrouping)
    HAL_PCDEx_LPM_Callback                   0x08001571   Thumb Code     2  stm32f4xx_hal_pcd_ex.o(i.HAL_PCDEx_LPM_Callback)
    HAL_PCDEx_SetRxFiFo                      0x08001573   Thumb Code     8  stm32f4xx_hal_pcd_ex.o(i.HAL_PCDEx_SetRxFiFo)
    HAL_PCDEx_SetTxFiFo                      0x0800157b   Thumb Code    68  stm32f4xx_hal_pcd_ex.o(i.HAL_PCDEx_SetTxFiFo)
    HAL_PCD_ConnectCallback                  0x080015bf   Thumb Code     8  usbd_conf.o(i.HAL_PCD_ConnectCallback)
    HAL_PCD_DataInStageCallback              0x080015c7   Thumb Code    18  usbd_conf.o(i.HAL_PCD_DataInStageCallback)
    HAL_PCD_DataOutStageCallback             0x080015d9   Thumb Code    20  usbd_conf.o(i.HAL_PCD_DataOutStageCallback)
    HAL_PCD_DisconnectCallback               0x080015ed   Thumb Code     8  usbd_conf.o(i.HAL_PCD_DisconnectCallback)
    HAL_PCD_EP_Abort                         0x080015f5   Thumb Code    30  stm32f4xx_hal_pcd.o(i.HAL_PCD_EP_Abort)
    HAL_PCD_EP_Close                         0x08001613   Thumb Code    74  stm32f4xx_hal_pcd.o(i.HAL_PCD_EP_Close)
    HAL_PCD_EP_ClrStall                      0x0800165d   Thumb Code    90  stm32f4xx_hal_pcd.o(i.HAL_PCD_EP_ClrStall)
    HAL_PCD_EP_Open                          0x080016b7   Thumb Code    94  stm32f4xx_hal_pcd.o(i.HAL_PCD_EP_Open)
    HAL_PCD_EP_Receive                       0x08001715   Thumb Code    56  stm32f4xx_hal_pcd.o(i.HAL_PCD_EP_Receive)
    HAL_PCD_EP_SetStall                      0x0800174d   Thumb Code   114  stm32f4xx_hal_pcd.o(i.HAL_PCD_EP_SetStall)
    HAL_PCD_EP_Transmit                      0x080017bf   Thumb Code    50  stm32f4xx_hal_pcd.o(i.HAL_PCD_EP_Transmit)
    HAL_PCD_IRQHandler                       0x080017f1   Thumb Code  1372  stm32f4xx_hal_pcd.o(i.HAL_PCD_IRQHandler)
    HAL_PCD_ISOINIncompleteCallback          0x08001d4d   Thumb Code     8  usbd_conf.o(i.HAL_PCD_ISOINIncompleteCallback)
    HAL_PCD_ISOOUTIncompleteCallback         0x08001d55   Thumb Code     8  usbd_conf.o(i.HAL_PCD_ISOOUTIncompleteCallback)
    HAL_PCD_Init                             0x08001d5d   Thumb Code   204  stm32f4xx_hal_pcd.o(i.HAL_PCD_Init)
    HAL_PCD_MspInit                          0x08001e29   Thumb Code   122  usbd_conf.o(i.HAL_PCD_MspInit)
    HAL_PCD_ResetCallback                    0x08001ead   Thumb Code    44  usbd_conf.o(i.HAL_PCD_ResetCallback)
    HAL_PCD_ResumeCallback                   0x08001ed9   Thumb Code     8  usbd_conf.o(i.HAL_PCD_ResumeCallback)
    HAL_PCD_SOFCallback                      0x08001ee1   Thumb Code     8  usbd_conf.o(i.HAL_PCD_SOFCallback)
    HAL_PCD_SetAddress                       0x08001ee9   Thumb Code    38  stm32f4xx_hal_pcd.o(i.HAL_PCD_SetAddress)
    HAL_PCD_SetupStageCallback               0x08001f0f   Thumb Code    14  usbd_conf.o(i.HAL_PCD_SetupStageCallback)
    HAL_PCD_Start                            0x08001f1d   Thumb Code    66  stm32f4xx_hal_pcd.o(i.HAL_PCD_Start)
    HAL_PCD_SuspendCallback                  0x08001f61   Thumb Code    44  usbd_conf.o(i.HAL_PCD_SuspendCallback)
    HAL_RCC_ClockConfig                      0x08001f91   Thumb Code   288  stm32f4xx_hal_rcc.o(i.HAL_RCC_ClockConfig)
    HAL_RCC_GetClockConfig                   0x080020c5   Thumb Code    54  stm32f4xx_hal_rcc.o(i.HAL_RCC_GetClockConfig)
    HAL_RCC_GetHCLKFreq                      0x08002105   Thumb Code     6  stm32f4xx_hal_rcc.o(i.HAL_RCC_GetHCLKFreq)
    HAL_RCC_GetPCLK1Freq                     0x08002111   Thumb Code    20  stm32f4xx_hal_rcc.o(i.HAL_RCC_GetPCLK1Freq)
    HAL_RCC_GetPCLK2Freq                     0x08002131   Thumb Code    20  stm32f4xx_hal_rcc.o(i.HAL_RCC_GetPCLK2Freq)
    HAL_RCC_GetSysClockFreq                  0x08002151   Thumb Code    88  stm32f4xx_hal_rcc.o(i.HAL_RCC_GetSysClockFreq)
    HAL_RCC_OscConfig                        0x080021b1   Thumb Code   856  stm32f4xx_hal_rcc.o(i.HAL_RCC_OscConfig)
    HAL_SPI_Init                             0x0800251d   Thumb Code   188  stm32f4xx_hal_spi.o(i.HAL_SPI_Init)
    HAL_SPI_MspInit                          0x080025d9   Thumb Code    92  spi.o(i.HAL_SPI_MspInit)
    HAL_SPI_Receive                          0x08002641   Thumb Code   342  stm32f4xx_hal_spi.o(i.HAL_SPI_Receive)
    HAL_SPI_Transmit                         0x08002797   Thumb Code   366  stm32f4xx_hal_spi.o(i.HAL_SPI_Transmit)
    HAL_SPI_TransmitReceive                  0x08002905   Thumb Code   494  stm32f4xx_hal_spi.o(i.HAL_SPI_TransmitReceive)
    HAL_TIMEx_BreakCallback                  0x08002af3   Thumb Code     2  stm32f4xx_hal_tim_ex.o(i.HAL_TIMEx_BreakCallback)
    HAL_TIMEx_CommutCallback                 0x08002af5   Thumb Code     2  stm32f4xx_hal_tim_ex.o(i.HAL_TIMEx_CommutCallback)
    HAL_TIMEx_ConfigBreakDeadTime            0x08002af7   Thumb Code    84  stm32f4xx_hal_tim_ex.o(i.HAL_TIMEx_ConfigBreakDeadTime)
    HAL_TIMEx_MasterConfigSynchronization    0x08002b4d   Thumb Code   116  stm32f4xx_hal_tim_ex.o(i.HAL_TIMEx_MasterConfigSynchronization)
    HAL_TIMEx_PWMN_Start                     0x08002bdd   Thumb Code   164  stm32f4xx_hal_tim_ex.o(i.HAL_TIMEx_PWMN_Start)
    HAL_TIM_Base_Init                        0x08002c9d   Thumb Code    90  stm32f4xx_hal_tim.o(i.HAL_TIM_Base_Init)
    HAL_TIM_Base_MspInit                     0x08002cf9   Thumb Code   112  tim.o(i.HAL_TIM_Base_MspInit)
    HAL_TIM_Base_Start_IT                    0x08002d79   Thumb Code   100  stm32f4xx_hal_tim.o(i.HAL_TIM_Base_Start_IT)
    HAL_TIM_ConfigClockSource                0x08002df9   Thumb Code   220  stm32f4xx_hal_tim.o(i.HAL_TIM_ConfigClockSource)
    HAL_TIM_IC_CaptureCallback               0x08002ed5   Thumb Code     2  stm32f4xx_hal_tim.o(i.HAL_TIM_IC_CaptureCallback)
    HAL_TIM_IRQHandler                       0x08002ed7   Thumb Code   304  stm32f4xx_hal_tim.o(i.HAL_TIM_IRQHandler)
    HAL_TIM_MspPostInit                      0x08003009   Thumb Code   108  tim.o(i.HAL_TIM_MspPostInit)
    HAL_TIM_OC_DelayElapsedCallback          0x08003085   Thumb Code     2  stm32f4xx_hal_tim.o(i.HAL_TIM_OC_DelayElapsedCallback)
    HAL_TIM_PWM_ConfigChannel                0x08003087   Thumb Code   204  stm32f4xx_hal_tim.o(i.HAL_TIM_PWM_ConfigChannel)
    HAL_TIM_PWM_Init                         0x08003153   Thumb Code    90  stm32f4xx_hal_tim.o(i.HAL_TIM_PWM_Init)
    HAL_TIM_PWM_MspInit                      0x080031ad   Thumb Code     2  stm32f4xx_hal_tim.o(i.HAL_TIM_PWM_MspInit)
    HAL_TIM_PWM_PulseFinishedCallback        0x080031af   Thumb Code     2  stm32f4xx_hal_tim.o(i.HAL_TIM_PWM_PulseFinishedCallback)
    HAL_TIM_PWM_Start                        0x080031b1   Thumb Code   172  stm32f4xx_hal_tim.o(i.HAL_TIM_PWM_Start)
    HAL_TIM_PeriodElapsedCallback            0x08003279   Thumb Code   252  main.o(i.HAL_TIM_PeriodElapsedCallback)
    HAL_TIM_TriggerCallback                  0x080033ad   Thumb Code     2  stm32f4xx_hal_tim.o(i.HAL_TIM_TriggerCallback)
    HAL_UARTEx_RxEventCallback               0x080033af   Thumb Code     2  stm32f4xx_hal_uart.o(i.HAL_UARTEx_RxEventCallback)
    HAL_UART_ErrorCallback                   0x080033b1   Thumb Code     2  stm32f4xx_hal_uart.o(i.HAL_UART_ErrorCallback)
    HAL_UART_IRQHandler                      0x080033b5   Thumb Code   618  stm32f4xx_hal_uart.o(i.HAL_UART_IRQHandler)
    HAL_UART_Init                            0x08003625   Thumb Code   100  stm32f4xx_hal_uart.o(i.HAL_UART_Init)
    HAL_UART_MspInit                         0x08003689   Thumb Code   158  usart.o(i.HAL_UART_MspInit)
    HAL_UART_Receive_IT                      0x0800373d   Thumb Code    28  stm32f4xx_hal_uart.o(i.HAL_UART_Receive_IT)
    HAL_UART_RxCpltCallback                  0x08003759   Thumb Code     2  stm32f4xx_hal_uart.o(i.HAL_UART_RxCpltCallback)
    HAL_UART_Transmit                        0x0800375b   Thumb Code   160  stm32f4xx_hal_uart.o(i.HAL_UART_Transmit)
    HAL_UART_Transmit_DMA                    0x080037fd   Thumb Code   106  stm32f4xx_hal_uart.o(i.HAL_UART_Transmit_DMA)
    HAL_UART_TxCpltCallback                  0x08003875   Thumb Code     2  stm32f4xx_hal_uart.o(i.HAL_UART_TxCpltCallback)
    HAL_UART_TxHalfCpltCallback              0x08003877   Thumb Code     2  stm32f4xx_hal_uart.o(i.HAL_UART_TxHalfCpltCallback)
    HardFault_Handler                        0x08003879   Thumb Code     2  stm32f4xx_it.o(i.HardFault_Handler)
    MX_ADC1_Init                             0x080038b5   Thumb Code   216  adc.o(i.MX_ADC1_Init)
    MX_DMA_Init                              0x08003999   Thumb Code    56  dma.o(i.MX_DMA_Init)
    MX_GPIO_Init                             0x080039d5   Thumb Code   254  gpio.o(i.MX_GPIO_Init)
    MX_I2C1_Init                             0x08003ae5   Thumb Code    50  i2c.o(i.MX_I2C1_Init)
    MX_SPI1_Init                             0x08003b25   Thumb Code    62  spi.o(i.MX_SPI1_Init)
    MX_TIM1_Init                             0x08003b6d   Thumb Code   242  tim.o(i.MX_TIM1_Init)
    MX_TIM4_Init                             0x08003c69   Thumb Code    96  tim.o(i.MX_TIM4_Init)
    MX_TIM7_Init                             0x08003cd1   Thumb Code    58  tim.o(i.MX_TIM7_Init)
    MX_USART1_UART_Init                      0x08003d15   Thumb Code    48  usart.o(i.MX_USART1_UART_Init)
    MX_USB_DEVICE_Init                       0x08003d4d   Thumb Code    52  usb_device.o(i.MX_USB_DEVICE_Init)
    MemManage_Handler                        0x08003d8d   Thumb Code     2  stm32f4xx_it.o(i.MemManage_Handler)
    NMI_Handler                              0x08003d8f   Thumb Code     2  stm32f4xx_it.o(i.NMI_Handler)
    OTG_FS_IRQHandler                        0x08003d91   Thumb Code     6  stm32f4xx_it.o(i.OTG_FS_IRQHandler)
    PendSV_Handler                           0x08003f0b   Thumb Code     2  stm32f4xx_it.o(i.PendSV_Handler)
    RevPack                                  0x08003f0d   Thumb Code    84  foc.o(i.RevPack)
    SVC_Handler                              0x080040e1   Thumb Code     2  stm32f4xx_it.o(i.SVC_Handler)
    SectorJudge                              0x080040ed   Thumb Code    68  foc.o(i.SectorJudge)
    Svpwm_ABC                                0x08004139   Thumb Code   134  foc.o(i.Svpwm_ABC)
    SysTick_Handler                          0x080041c9   Thumb Code     2  stm32f4xx_it.o(i.SysTick_Handler)
    SystemClock_Config                       0x080041cd   Thumb Code   140  main.o(i.SystemClock_Config)
    SystemInit                               0x08004261   Thumb Code    12  system_stm32f4xx.o(i.SystemInit)
    TIM4_IRQHandler                          0x08004271   Thumb Code     6  stm32f4xx_it.o(i.TIM4_IRQHandler)
    TIM6_DAC_IRQHandler                      0x0800427d   Thumb Code     6  stm32f4xx_it.o(i.TIM6_DAC_IRQHandler)
    TIM7_IRQHandler                          0x08004289   Thumb Code     6  stm32f4xx_it.o(i.TIM7_IRQHandler)
    TIM_Base_SetConfig                       0x08004295   Thumb Code   170  stm32f4xx_hal_tim.o(i.TIM_Base_SetConfig)
    TIM_CCxChannelCmd                        0x0800436d   Thumb Code    26  stm32f4xx_hal_tim.o(i.TIM_CCxChannelCmd)
    TIM_ETR_SetConfig                        0x080043a1   Thumb Code    20  stm32f4xx_hal_tim.o(i.TIM_ETR_SetConfig)
    TIM_OC2_SetConfig                        0x08004425   Thumb Code    98  stm32f4xx_hal_tim.o(i.TIM_OC2_SetConfig)
    UART_Start_Receive_IT                    0x0800486d   Thumb Code    54  stm32f4xx_hal_uart.o(i.UART_Start_Receive_IT)
    USART1_IRQHandler                        0x08004915   Thumb Code     6  stm32f4xx_it.o(i.USART1_IRQHandler)
    USBD_ClrClassConfig                      0x08004921   Thumb Code    20  usbd_core.o(i.USBD_ClrClassConfig)
    USBD_CoreFindEP                          0x08004935   Thumb Code     4  usbd_core.o(i.USBD_CoreFindEP)
    USBD_CoreFindIF                          0x08004939   Thumb Code     4  usbd_core.o(i.USBD_CoreFindIF)
    USBD_CtlContinueRx                       0x0800493d   Thumb Code    16  usbd_ioreq.o(i.USBD_CtlContinueRx)
    USBD_CtlContinueSendData                 0x0800494d   Thumb Code    16  usbd_ioreq.o(i.USBD_CtlContinueSendData)
    USBD_CtlError                            0x0800495d   Thumb Code    22  usbd_ctlreq.o(i.USBD_CtlError)
    USBD_CtlReceiveStatus                    0x08004973   Thumb Code    22  usbd_ioreq.o(i.USBD_CtlReceiveStatus)
    USBD_CtlSendData                         0x08004989   Thumb Code    26  usbd_ioreq.o(i.USBD_CtlSendData)
    USBD_CtlSendStatus                       0x080049a3   Thumb Code    22  usbd_ioreq.o(i.USBD_CtlSendStatus)
    USBD_FS_ConfigStrDescriptor              0x080049b9   Thumb Code    16  usbd_desc.o(i.USBD_FS_ConfigStrDescriptor)
    USBD_FS_DeviceDescriptor                 0x080049d9   Thumb Code     8  usbd_desc.o(i.USBD_FS_DeviceDescriptor)
    USBD_FS_InterfaceStrDescriptor           0x080049e5   Thumb Code    16  usbd_desc.o(i.USBD_FS_InterfaceStrDescriptor)
    USBD_FS_LangIDStrDescriptor              0x08004a09   Thumb Code     8  usbd_desc.o(i.USBD_FS_LangIDStrDescriptor)
    USBD_FS_ManufacturerStrDescriptor        0x08004a15   Thumb Code    16  usbd_desc.o(i.USBD_FS_ManufacturerStrDescriptor)
    USBD_FS_ProductStrDescriptor             0x08004a3d   Thumb Code    16  usbd_desc.o(i.USBD_FS_ProductStrDescriptor)
    USBD_FS_SerialStrDescriptor              0x08004a69   Thumb Code    48  usbd_desc.o(i.USBD_FS_SerialStrDescriptor)
    USBD_GetEpDesc                           0x08004b87   Thumb Code    58  usbd_core.o(i.USBD_GetEpDesc)
    USBD_GetNextDesc                         0x08004bc1   Thumb Code    14  usbd_core.o(i.USBD_GetNextDesc)
    USBD_GetString                           0x08004bcf   Thumb Code    72  usbd_ctlreq.o(i.USBD_GetString)
    USBD_Get_USB_Status                      0x08004c17   Thumb Code    24  usbd_conf.o(i.USBD_Get_USB_Status)
    USBD_Init                                0x08004e4d   Thumb Code    38  usbd_core.o(i.USBD_Init)
    USBD_LL_ClearStallEP                     0x08004e73   Thumb Code    18  usbd_conf.o(i.USBD_LL_ClearStallEP)
    USBD_LL_CloseEP                          0x08004e85   Thumb Code    18  usbd_conf.o(i.USBD_LL_CloseEP)
    USBD_LL_DataInStage                      0x08004e97   Thumb Code   182  usbd_core.o(i.USBD_LL_DataInStage)
    USBD_LL_DataOutStage                     0x08004f4d   Thumb Code   142  usbd_core.o(i.USBD_LL_DataOutStage)
    USBD_LL_DevConnected                     0x08004fdb   Thumb Code     4  usbd_core.o(i.USBD_LL_DevConnected)
    USBD_LL_DevDisconnected                  0x08004fdf   Thumb Code    30  usbd_core.o(i.USBD_LL_DevDisconnected)
    USBD_LL_Init                             0x08004ffd   Thumb Code    90  usbd_conf.o(i.USBD_LL_Init)
    USBD_LL_IsStallEP                        0x0800505d   Thumb Code    30  usbd_conf.o(i.USBD_LL_IsStallEP)
    USBD_LL_IsoINIncomplete                  0x0800507b   Thumb Code    40  usbd_core.o(i.USBD_LL_IsoINIncomplete)
    USBD_LL_IsoOUTIncomplete                 0x080050a3   Thumb Code    40  usbd_core.o(i.USBD_LL_IsoOUTIncomplete)
    USBD_LL_OpenEP                           0x080050cb   Thumb Code    24  usbd_conf.o(i.USBD_LL_OpenEP)
    USBD_LL_PrepareReceive                   0x080050e3   Thumb Code    18  usbd_conf.o(i.USBD_LL_PrepareReceive)
    USBD_LL_Reset                            0x080050f5   Thumb Code    92  usbd_core.o(i.USBD_LL_Reset)
    USBD_LL_Resume                           0x08005151   Thumb Code    20  usbd_core.o(i.USBD_LL_Resume)
    USBD_LL_SOF                              0x08005165   Thumb Code    26  usbd_core.o(i.USBD_LL_SOF)
    USBD_LL_SetSpeed                         0x0800517f   Thumb Code     6  usbd_core.o(i.USBD_LL_SetSpeed)
    USBD_LL_SetUSBAddress                    0x08005185   Thumb Code    18  usbd_conf.o(i.USBD_LL_SetUSBAddress)
    USBD_LL_SetupStage                       0x08005197   Thumb Code    96  usbd_core.o(i.USBD_LL_SetupStage)
    USBD_LL_StallEP                          0x080051f7   Thumb Code    18  usbd_conf.o(i.USBD_LL_StallEP)
    USBD_LL_Start                            0x08005209   Thumb Code    18  usbd_conf.o(i.USBD_LL_Start)
    USBD_LL_Suspend                          0x0800521b   Thumb Code    26  usbd_core.o(i.USBD_LL_Suspend)
    USBD_LL_Transmit                         0x08005235   Thumb Code    18  usbd_conf.o(i.USBD_LL_Transmit)
    USBD_ParseSetupRequest                   0x08005247   Thumb Code    44  usbd_ctlreq.o(i.USBD_ParseSetupRequest)
    USBD_RegisterClass                       0x08005273   Thumb Code    58  usbd_core.o(i.USBD_RegisterClass)
    USBD_SetClassConfig                      0x080052ad   Thumb Code    20  usbd_core.o(i.USBD_SetClassConfig)
    USBD_Start                               0x08005379   Thumb Code     4  usbd_core.o(i.USBD_Start)
    USBD_StdDevReq                           0x0800537d   Thumb Code   300  usbd_ctlreq.o(i.USBD_StdDevReq)
    USBD_StdEPReq                            0x080054a9   Thumb Code   352  usbd_ctlreq.o(i.USBD_StdEPReq)
    USBD_StdItfReq                           0x08005609   Thumb Code   114  usbd_ctlreq.o(i.USBD_StdItfReq)
    USBD_static_free                         0x0800567b   Thumb Code     2  usbd_conf.o(i.USBD_static_free)
    USBD_static_malloc                       0x0800567d   Thumb Code     4  usbd_conf.o(i.USBD_static_malloc)
    USB_ActivateEndpoint                     0x08005685   Thumb Code   122  stm32f4xx_ll_usb.o(i.USB_ActivateEndpoint)
    USB_ActivateSetup                        0x08005705   Thumb Code    28  stm32f4xx_ll_usb.o(i.USB_ActivateSetup)
    USB_CoreInit                             0x08005721   Thumb Code   126  stm32f4xx_ll_usb.o(i.USB_CoreInit)
    USB_DeactivateEndpoint                   0x080057e1   Thumb Code   194  stm32f4xx_ll_usb.o(i.USB_DeactivateEndpoint)
    USB_DevConnect                           0x080058ad   Thumb Code    28  stm32f4xx_ll_usb.o(i.USB_DevConnect)
    USB_DevDisconnect                        0x080058c9   Thumb Code    28  stm32f4xx_ll_usb.o(i.USB_DevDisconnect)
    USB_DevInit                              0x080058e5   Thumb Code   370  stm32f4xx_ll_usb.o(i.USB_DevInit)
    USB_DisableGlobalInt                     0x08005a61   Thumb Code    12  stm32f4xx_ll_usb.o(i.USB_DisableGlobalInt)
    USB_EP0_OutStart                         0x08005a6d   Thumb Code    84  stm32f4xx_ll_usb.o(i.USB_EP0_OutStart)
    USB_EPClearStall                         0x08005ac5   Thumb Code    88  stm32f4xx_ll_usb.o(i.USB_EPClearStall)
    USB_EPSetStall                           0x08005b1d   Thumb Code    88  stm32f4xx_ll_usb.o(i.USB_EPSetStall)
    USB_EPStartXfer                          0x08005b75   Thumb Code   554  stm32f4xx_ll_usb.o(i.USB_EPStartXfer)
    USB_EPStopXfer                           0x08005da5   Thumb Code   158  stm32f4xx_ll_usb.o(i.USB_EPStopXfer)
    USB_EnableGlobalInt                      0x08005e43   Thumb Code    12  stm32f4xx_ll_usb.o(i.USB_EnableGlobalInt)
    USB_FlushRxFifo                          0x08005e4f   Thumb Code    56  stm32f4xx_ll_usb.o(i.USB_FlushRxFifo)
    USB_FlushTxFifo                          0x08005e87   Thumb Code    60  stm32f4xx_ll_usb.o(i.USB_FlushTxFifo)
    USB_GetDevSpeed                          0x08005ec3   Thumb Code    26  stm32f4xx_ll_usb.o(i.USB_GetDevSpeed)
    USB_GetMode                              0x08005edd   Thumb Code     8  stm32f4xx_ll_usb.o(i.USB_GetMode)
    USB_ReadDevAllInEpInterrupt              0x08005ee5   Thumb Code    14  stm32f4xx_ll_usb.o(i.USB_ReadDevAllInEpInterrupt)
    USB_ReadDevAllOutEpInterrupt             0x08005ef3   Thumb Code    14  stm32f4xx_ll_usb.o(i.USB_ReadDevAllOutEpInterrupt)
    USB_ReadDevInEPInterrupt                 0x08005f01   Thumb Code    36  stm32f4xx_ll_usb.o(i.USB_ReadDevInEPInterrupt)
    USB_ReadDevOutEPInterrupt                0x08005f25   Thumb Code    16  stm32f4xx_ll_usb.o(i.USB_ReadDevOutEPInterrupt)
    USB_ReadInterrupts                       0x08005f35   Thumb Code     8  stm32f4xx_ll_usb.o(i.USB_ReadInterrupts)
    USB_ReadPacket                           0x08005f3d   Thumb Code    62  stm32f4xx_ll_usb.o(i.USB_ReadPacket)
    USB_SetCurrentMode                       0x08005f7b   Thumb Code    92  stm32f4xx_ll_usb.o(i.USB_SetCurrentMode)
    USB_SetDevAddress                        0x08005fd7   Thumb Code    34  stm32f4xx_ll_usb.o(i.USB_SetDevAddress)
    USB_SetTurnaroundTime                    0x08005ff9   Thumb Code   158  stm32f4xx_ll_usb.o(i.USB_SetTurnaroundTime)
    USB_WritePacket                          0x080060e1   Thumb Code    40  stm32f4xx_ll_usb.o(i.USB_WritePacket)
    UsageFault_Handler                       0x08006109   Thumb Code     2  stm32f4xx_it.o(i.UsageFault_Handler)
    V_Time                                   0x0800610d   Thumb Code   148  foc.o(i.V_Time)
    __0printf$1                              0x080061a9   Thumb Code    22  printf1.o(i.__0printf$1)
    __1printf$1                              0x080061a9   Thumb Code     0  printf1.o(i.__0printf$1)
    __2printf                                0x080061a9   Thumb Code     0  printf1.o(i.__0printf$1)
    __scatterload_copy                       0x080061e9   Thumb Code    14  handlers.o(i.__scatterload_copy)
    __scatterload_null                       0x080061f7   Thumb Code     2  handlers.o(i.__scatterload_null)
    __scatterload_zeroinit                   0x080061f9   Thumb Code    14  handlers.o(i.__scatterload_zeroinit)
    fputc                                    0x0800635d   Thumb Code    20  bsp_uart.o(i.fputc)
    main                                     0x08006375   Thumb Code   158  main.o(i.main)
    spi1_read_byte                           0x08006431   Thumb Code    50  bsp_drv8301.o(i.spi1_read_byte)
    spi1_write_byte                          0x0800646d   Thumb Code    50  bsp_drv8301.o(i.spi1_write_byte)
    AHBPrescTable                            0x080064b0   Data          16  system_stm32f4xx.o(.constdata)
    APBPrescTable                            0x080064c0   Data           8  system_stm32f4xx.o(.constdata)
    sinTable_f32                             0x080064c8   Data        2052  arm_common_tables.o(.rodata.sinTable_f32)
    Region$$Table$$Base                      0x08006ccc   Number         0  anon$$obj.o(Region$$Table)
    Region$$Table$$Limit                     0x08006cec   Number         0  anon$$obj.o(Region$$Table)
    Tpwm                                     0x20000000   Data           2  main.o(.data)
    aRxBuffer                                0x20000002   Data           3  main.o(.data)
    theta                                    0x20000008   Data           4  main.o(.data)
    FOC_Speed                                0x2000000c   Data           4  main.o(.data)
    Vbus                                     0x20000010   Data           4  main.o(.data)
    One_rad                                  0x20000014   Data           4  main.o(.data)
    ARR7                                     0x20000018   Data           4  main.o(.data)
    temp_Data                                0x2000001c   Data          16  main.o(.data)
    FS_Desc                                  0x2000002c   Data          28  usbd_desc.o(.data)
    USBD_LangIDDesc                          0x20000048   Data           4  usbd_desc.o(.data)
    USBD_FS_DeviceDesc                       0x2000004c   Data          18  usbd_desc.o(.data)
    USBD_StringSerial                        0x20000060   Data          26  usbd_desc.o(.data)
    uwTickFreq                               0x2000007c   Data           1  stm32f4xx_hal.o(.data)
    uwTickPrio                               0x20000080   Data           4  stm32f4xx_hal.o(.data)
    uwTick                                   0x20000084   Data           4  stm32f4xx_hal.o(.data)
    SystemCoreClock                          0x20000088   Data           4  system_stm32f4xx.o(.data)
    USBD_HID                                 0x20000090   Data          56  usbd_hid.o(.data)
    __stdout                                 0x20000154   Data           4  stdout.o(.data)
    Iabc_temp                                0x20000158   Data          12  main.o(.bss)
    hadc1                                    0x20000164   Data          72  adc.o(.bss)
    hdma_adc1                                0x200001ac   Data          96  adc.o(.bss)
    hi2c1                                    0x2000020c   Data          84  i2c.o(.bss)
    hspi1                                    0x20000260   Data          88  spi.o(.bss)
    htim1                                    0x200002b8   Data          72  tim.o(.bss)
    htim4                                    0x20000300   Data          72  tim.o(.bss)
    htim7                                    0x20000348   Data          72  tim.o(.bss)
    huart1                                   0x20000390   Data          72  usart.o(.bss)
    hdma_usart1_tx                           0x200003d8   Data          96  usart.o(.bss)
    htim6                                    0x20000438   Data          72  stm32f4xx_hal_timebase_tim.o(.bss)
    hUsbDeviceFS                             0x20000480   Data         732  usb_device.o(.bss)
    USBD_StrDesc                             0x2000075c   Data         512  usbd_desc.o(.bss)
    hpcd_USB_OTG_FS                          0x20000970   Data        1252  usbd_conf.o(.bss)
    dmaDataBuffer                            0x20000e54   Data          14  bsp_adc.o(.bss)
    __initial_sp                             0x20001268   Data           0  startup_stm32f407xx.o(STACK)



==============================================================================

Memory Map of the image

  Image Entry point : 0x08000189

  Load Region LR_IROM1 (Base: 0x08000000, Size: 0x00006e44, Max: 0x00100000, ABSOLUTE, COMPRESSED[0x00006dc4])

    Execution Region ER_IROM1 (Exec base: 0x08000000, Load base: 0x08000000, Size: 0x00006cec, Max: 0x00100000, ABSOLUTE)

    Exec Addr    Load Addr    Size         Type   Attr      Idx    E Section Name        Object

    0x08000000   0x08000000   0x00000188   Data   RO            3    RESET               startup_stm32f407xx.o
    0x08000188   0x08000188   0x00000000   Code   RO         5946  * .ARM.Collect$$$$00000000  mc_w.l(entry.o)
    0x08000188   0x08000188   0x00000004   Code   RO         6220    .ARM.Collect$$$$00000001  mc_w.l(entry2.o)
    0x0800018c   0x0800018c   0x00000004   Code   RO         6223    .ARM.Collect$$$$00000004  mc_w.l(entry5.o)
    0x08000190   0x08000190   0x00000000   Code   RO         6225    .ARM.Collect$$$$00000008  mc_w.l(entry7b.o)
    0x08000190   0x08000190   0x00000000   Code   RO         6227    .ARM.Collect$$$$0000000A  mc_w.l(entry8b.o)
    0x08000190   0x08000190   0x00000008   Code   RO         6228    .ARM.Collect$$$$0000000B  mc_w.l(entry9a.o)
    0x08000198   0x08000198   0x00000004   Code   RO         6235    .ARM.Collect$$$$0000000E  mc_w.l(entry12b.o)
    0x0800019c   0x0800019c   0x00000000   Code   RO         6230    .ARM.Collect$$$$0000000F  mc_w.l(entry10a.o)
    0x0800019c   0x0800019c   0x00000000   Code   RO         6232    .ARM.Collect$$$$00000011  mc_w.l(entry11a.o)
    0x0800019c   0x0800019c   0x00000004   Code   RO         6221    .ARM.Collect$$$$00002712  mc_w.l(entry2.o)
    0x080001a0   0x080001a0   0x00000024   Code   RO            4    .text               startup_stm32f407xx.o
    0x080001c4   0x080001c4   0x00000062   Code   RO         5949    .text               mc_w.l(uldiv.o)
    0x08000226   0x08000226   0x00000024   Code   RO         5951    .text               mc_w.l(memseta.o)
    0x0800024a   0x0800024a   0x0000002c   Code   RO         6237    .text               mc_w.l(uidiv.o)
    0x08000276   0x08000276   0x0000001e   Code   RO         6239    .text               mc_w.l(llshl.o)
    0x08000294   0x08000294   0x00000020   Code   RO         6241    .text               mc_w.l(llushr.o)
    0x080002b4   0x080002b4   0x00000024   Code   RO         6254    .text               mc_w.l(init.o)
    0x080002d8   0x080002d8   0x00000056   Code   RO         6266    .text               mc_w.l(__dczerorl2.o)
    0x0800032e   0x0800032e   0x00000002   PAD
    0x08000330   0x08000330   0x00000098   Code   RO         5809    .text.arm_cos_f32   arm_cortexM4lf_math.lib(arm_cos_f32.o)
    0x080003c8   0x080003c8   0x00000090   Code   RO         5818    .text.arm_sin_f32   arm_cortexM4lf_math.lib(arm_sin_f32.o)
    0x08000458   0x08000458   0x0000006e   Code   RO         2771    i.ADC_DMAConvCplt   stm32f4xx_hal_adc.o
    0x080004c6   0x080004c6   0x00000016   Code   RO         2772    i.ADC_DMAError      stm32f4xx_hal_adc.o
    0x080004dc   0x080004dc   0x0000000a   Code   RO         2773    i.ADC_DMAHalfConvCplt  stm32f4xx_hal_adc.o
    0x080004e6   0x080004e6   0x00000002   PAD
    0x080004e8   0x080004e8   0x00000128   Code   RO         2774    i.ADC_Init          stm32f4xx_hal_adc.o
    0x08000610   0x08000610   0x00000002   Code   RO          530    i.BusFault_Handler  stm32f4xx_it.o
    0x08000612   0x08000612   0x000000fa   Code   RO         5242    i.CCR_ABC_Value     foc.o
    0x0800070c   0x0800070c   0x0000000c   Code   RO          531    i.DMA2_Stream0_IRQHandler  stm32f4xx_it.o
    0x08000718   0x08000718   0x0000000c   Code   RO          532    i.DMA2_Stream7_IRQHandler  stm32f4xx_it.o
    0x08000724   0x08000724   0x0000000c   Code   RO         5412    i.DMA_ADC_Init      bsp_adc.o
    0x08000730   0x08000730   0x00000028   Code   RO         2092    i.DMA_CalcBaseAndBitshift  stm32f4xx_hal_dma.o
    0x08000758   0x08000758   0x00000054   Code   RO         2093    i.DMA_CheckFifoParam  stm32f4xx_hal_dma.o
    0x080007ac   0x080007ac   0x00000028   Code   RO         2094    i.DMA_SetConfig     stm32f4xx_hal_dma.o
    0x080007d4   0x080007d4   0x00000002   Code   RO          533    i.DebugMon_Handler  stm32f4xx_it.o
    0x080007d6   0x080007d6   0x00000002   PAD
    0x080007d8   0x080007d8   0x0000009c   Code   RO         5306    i.Drv8301_Init      bsp_drv8301.o
    0x08000874   0x08000874   0x00000004   Code   RO           13    i.Error_Handler     main.o
    0x08000878   0x08000878   0x0000014c   Code   RO         2776    i.HAL_ADC_ConfigChannel  stm32f4xx_hal_adc.o
    0x080009c4   0x080009c4   0x00000002   Code   RO           14    i.HAL_ADC_ConvCpltCallback  main.o
    0x080009c6   0x080009c6   0x00000002   Code   RO         2778    i.HAL_ADC_ConvHalfCpltCallback  stm32f4xx_hal_adc.o
    0x080009c8   0x080009c8   0x00000002   Code   RO         2780    i.HAL_ADC_ErrorCallback  stm32f4xx_hal_adc.o
    0x080009ca   0x080009ca   0x00000054   Code   RO         2785    i.HAL_ADC_Init      stm32f4xx_hal_adc.o
    0x08000a1e   0x08000a1e   0x00000002   PAD
    0x08000a20   0x08000a20   0x000000b8   Code   RO          279    i.HAL_ADC_MspInit   adc.o
    0x08000ad8   0x08000ad8   0x00000154   Code   RO         2792    i.HAL_ADC_Start_DMA  stm32f4xx_hal_adc.o
    0x08000c2c   0x08000c2c   0x00000092   Code   RO         2095    i.HAL_DMA_Abort     stm32f4xx_hal_dma.o
    0x08000cbe   0x08000cbe   0x00000024   Code   RO         2096    i.HAL_DMA_Abort_IT  stm32f4xx_hal_dma.o
    0x08000ce2   0x08000ce2   0x00000002   PAD
    0x08000ce4   0x08000ce4   0x000001a0   Code   RO         2100    i.HAL_DMA_IRQHandler  stm32f4xx_hal_dma.o
    0x08000e84   0x08000e84   0x000000d4   Code   RO         2101    i.HAL_DMA_Init      stm32f4xx_hal_dma.o
    0x08000f58   0x08000f58   0x0000006e   Code   RO         2105    i.HAL_DMA_Start_IT  stm32f4xx_hal_dma.o
    0x08000fc6   0x08000fc6   0x00000002   PAD
    0x08000fc8   0x08000fc8   0x00000024   Code   RO         2520    i.HAL_Delay         stm32f4xx_hal.o
    0x08000fec   0x08000fec   0x000001f0   Code   RO         1988    i.HAL_GPIO_Init     stm32f4xx_hal_gpio.o
    0x080011dc   0x080011dc   0x0000000a   Code   RO         1992    i.HAL_GPIO_WritePin  stm32f4xx_hal_gpio.o
    0x080011e6   0x080011e6   0x00000002   PAD
    0x080011e8   0x080011e8   0x0000000c   Code   RO         2526    i.HAL_GetTick       stm32f4xx_hal.o
    0x080011f4   0x080011f4   0x00000188   Code   RO         3060    i.HAL_I2C_Init      stm32f4xx_hal_i2c.o
    0x0800137c   0x0800137c   0x00000068   Code   RO          345    i.HAL_I2C_MspInit   i2c.o
    0x080013e4   0x080013e4   0x00000010   Code   RO         2532    i.HAL_IncTick       stm32f4xx_hal.o
    0x080013f4   0x080013f4   0x00000034   Code   RO         2533    i.HAL_Init          stm32f4xx_hal.o
    0x08001428   0x08001428   0x00000098   Code   RO          672    i.HAL_InitTick      stm32f4xx_hal_timebase_tim.o
    0x080014c0   0x080014c0   0x00000030   Code   RO          648    i.HAL_MspInit       stm32f4xx_hal_msp.o
    0x080014f0   0x080014f0   0x0000001a   Code   RO         2378    i.HAL_NVIC_EnableIRQ  stm32f4xx_hal_cortex.o
    0x0800150a   0x0800150a   0x00000002   PAD
    0x0800150c   0x0800150c   0x00000040   Code   RO         2384    i.HAL_NVIC_SetPriority  stm32f4xx_hal_cortex.o
    0x0800154c   0x0800154c   0x00000024   Code   RO         2385    i.HAL_NVIC_SetPriorityGrouping  stm32f4xx_hal_cortex.o
    0x08001570   0x08001570   0x00000002   Code   RO         1287    i.HAL_PCDEx_LPM_Callback  stm32f4xx_hal_pcd_ex.o
    0x08001572   0x08001572   0x00000008   Code   RO         1288    i.HAL_PCDEx_SetRxFiFo  stm32f4xx_hal_pcd_ex.o
    0x0800157a   0x0800157a   0x00000044   Code   RO         1289    i.HAL_PCDEx_SetTxFiFo  stm32f4xx_hal_pcd_ex.o
    0x080015be   0x080015be   0x00000008   Code   RO          841    i.HAL_PCD_ConnectCallback  usbd_conf.o
    0x080015c6   0x080015c6   0x00000012   Code   RO          842    i.HAL_PCD_DataInStageCallback  usbd_conf.o
    0x080015d8   0x080015d8   0x00000014   Code   RO          843    i.HAL_PCD_DataOutStageCallback  usbd_conf.o
    0x080015ec   0x080015ec   0x00000008   Code   RO          844    i.HAL_PCD_DisconnectCallback  usbd_conf.o
    0x080015f4   0x080015f4   0x0000001e   Code   RO         1057    i.HAL_PCD_EP_Abort  stm32f4xx_hal_pcd.o
    0x08001612   0x08001612   0x0000004a   Code   RO         1058    i.HAL_PCD_EP_Close  stm32f4xx_hal_pcd.o
    0x0800165c   0x0800165c   0x0000005a   Code   RO         1059    i.HAL_PCD_EP_ClrStall  stm32f4xx_hal_pcd.o
    0x080016b6   0x080016b6   0x0000005e   Code   RO         1062    i.HAL_PCD_EP_Open   stm32f4xx_hal_pcd.o
    0x08001714   0x08001714   0x00000038   Code   RO         1063    i.HAL_PCD_EP_Receive  stm32f4xx_hal_pcd.o
    0x0800174c   0x0800174c   0x00000072   Code   RO         1064    i.HAL_PCD_EP_SetStall  stm32f4xx_hal_pcd.o
    0x080017be   0x080017be   0x00000032   Code   RO         1065    i.HAL_PCD_EP_Transmit  stm32f4xx_hal_pcd.o
    0x080017f0   0x080017f0   0x0000055c   Code   RO         1067    i.HAL_PCD_IRQHandler  stm32f4xx_hal_pcd.o
    0x08001d4c   0x08001d4c   0x00000008   Code   RO          845    i.HAL_PCD_ISOINIncompleteCallback  usbd_conf.o
    0x08001d54   0x08001d54   0x00000008   Code   RO          846    i.HAL_PCD_ISOOUTIncompleteCallback  usbd_conf.o
    0x08001d5c   0x08001d5c   0x000000cc   Code   RO         1070    i.HAL_PCD_Init      stm32f4xx_hal_pcd.o
    0x08001e28   0x08001e28   0x00000084   Code   RO          848    i.HAL_PCD_MspInit   usbd_conf.o
    0x08001eac   0x08001eac   0x0000002c   Code   RO          849    i.HAL_PCD_ResetCallback  usbd_conf.o
    0x08001ed8   0x08001ed8   0x00000008   Code   RO          850    i.HAL_PCD_ResumeCallback  usbd_conf.o
    0x08001ee0   0x08001ee0   0x00000008   Code   RO          851    i.HAL_PCD_SOFCallback  usbd_conf.o
    0x08001ee8   0x08001ee8   0x00000026   Code   RO         1076    i.HAL_PCD_SetAddress  stm32f4xx_hal_pcd.o
    0x08001f0e   0x08001f0e   0x0000000e   Code   RO          852    i.HAL_PCD_SetupStageCallback  usbd_conf.o
    0x08001f1c   0x08001f1c   0x00000042   Code   RO         1079    i.HAL_PCD_Start     stm32f4xx_hal_pcd.o
    0x08001f5e   0x08001f5e   0x00000002   PAD
    0x08001f60   0x08001f60   0x00000030   Code   RO          853    i.HAL_PCD_SuspendCallback  usbd_conf.o
    0x08001f90   0x08001f90   0x00000134   Code   RO         1634    i.HAL_RCC_ClockConfig  stm32f4xx_hal_rcc.o
    0x080020c4   0x080020c4   0x00000040   Code   RO         1638    i.HAL_RCC_GetClockConfig  stm32f4xx_hal_rcc.o
    0x08002104   0x08002104   0x0000000c   Code   RO         1639    i.HAL_RCC_GetHCLKFreq  stm32f4xx_hal_rcc.o
    0x08002110   0x08002110   0x00000020   Code   RO         1641    i.HAL_RCC_GetPCLK1Freq  stm32f4xx_hal_rcc.o
    0x08002130   0x08002130   0x00000020   Code   RO         1642    i.HAL_RCC_GetPCLK2Freq  stm32f4xx_hal_rcc.o
    0x08002150   0x08002150   0x00000060   Code   RO         1643    i.HAL_RCC_GetSysClockFreq  stm32f4xx_hal_rcc.o
    0x080021b0   0x080021b0   0x0000036c   Code   RO         1646    i.HAL_RCC_OscConfig  stm32f4xx_hal_rcc.o
    0x0800251c   0x0800251c   0x000000bc   Code   RO         3515    i.HAL_SPI_Init      stm32f4xx_hal_spi.o
    0x080025d8   0x080025d8   0x00000068   Code   RO          387    i.HAL_SPI_MspInit   spi.o
    0x08002640   0x08002640   0x00000156   Code   RO         3518    i.HAL_SPI_Receive   stm32f4xx_hal_spi.o
    0x08002796   0x08002796   0x0000016e   Code   RO         3523    i.HAL_SPI_Transmit  stm32f4xx_hal_spi.o
    0x08002904   0x08002904   0x000001ee   Code   RO         3524    i.HAL_SPI_TransmitReceive  stm32f4xx_hal_spi.o
    0x08002af2   0x08002af2   0x00000002   Code   RO         4532    i.HAL_TIMEx_BreakCallback  stm32f4xx_hal_tim_ex.o
    0x08002af4   0x08002af4   0x00000002   Code   RO         4533    i.HAL_TIMEx_CommutCallback  stm32f4xx_hal_tim_ex.o
    0x08002af6   0x08002af6   0x00000054   Code   RO         4535    i.HAL_TIMEx_ConfigBreakDeadTime  stm32f4xx_hal_tim_ex.o
    0x08002b4a   0x08002b4a   0x00000002   PAD
    0x08002b4c   0x08002b4c   0x00000090   Code   RO         4551    i.HAL_TIMEx_MasterConfigSynchronization  stm32f4xx_hal_tim_ex.o
    0x08002bdc   0x08002bdc   0x000000c0   Code   RO         4562    i.HAL_TIMEx_PWMN_Start  stm32f4xx_hal_tim_ex.o
    0x08002c9c   0x08002c9c   0x0000005a   Code   RO         3828    i.HAL_TIM_Base_Init  stm32f4xx_hal_tim.o
    0x08002cf6   0x08002cf6   0x00000002   PAD
    0x08002cf8   0x08002cf8   0x00000080   Code   RO          429    i.HAL_TIM_Base_MspInit  tim.o
    0x08002d78   0x08002d78   0x00000080   Code   RO         3833    i.HAL_TIM_Base_Start_IT  stm32f4xx_hal_tim.o
    0x08002df8   0x08002df8   0x000000dc   Code   RO         3837    i.HAL_TIM_ConfigClockSource  stm32f4xx_hal_tim.o
    0x08002ed4   0x08002ed4   0x00000002   Code   RO         3862    i.HAL_TIM_IC_CaptureCallback  stm32f4xx_hal_tim.o
    0x08002ed6   0x08002ed6   0x00000130   Code   RO         3876    i.HAL_TIM_IRQHandler  stm32f4xx_hal_tim.o
    0x08003006   0x08003006   0x00000002   PAD
    0x08003008   0x08003008   0x0000007c   Code   RO          430    i.HAL_TIM_MspPostInit  tim.o
    0x08003084   0x08003084   0x00000002   Code   RO         3879    i.HAL_TIM_OC_DelayElapsedCallback  stm32f4xx_hal_tim.o
    0x08003086   0x08003086   0x000000cc   Code   RO         3900    i.HAL_TIM_PWM_ConfigChannel  stm32f4xx_hal_tim.o
    0x08003152   0x08003152   0x0000005a   Code   RO         3903    i.HAL_TIM_PWM_Init  stm32f4xx_hal_tim.o
    0x080031ac   0x080031ac   0x00000002   Code   RO         3905    i.HAL_TIM_PWM_MspInit  stm32f4xx_hal_tim.o
    0x080031ae   0x080031ae   0x00000002   Code   RO         3906    i.HAL_TIM_PWM_PulseFinishedCallback  stm32f4xx_hal_tim.o
    0x080031b0   0x080031b0   0x000000c8   Code   RO         3908    i.HAL_TIM_PWM_Start  stm32f4xx_hal_tim.o
    0x08003278   0x08003278   0x00000134   Code   RO           15    i.HAL_TIM_PeriodElapsedCallback  main.o
    0x080033ac   0x080033ac   0x00000002   Code   RO         3919    i.HAL_TIM_TriggerCallback  stm32f4xx_hal_tim.o
    0x080033ae   0x080033ae   0x00000002   Code   RO         4811    i.HAL_UARTEx_RxEventCallback  stm32f4xx_hal_uart.o
    0x080033b0   0x080033b0   0x00000002   Code   RO         4825    i.HAL_UART_ErrorCallback  stm32f4xx_hal_uart.o
    0x080033b2   0x080033b2   0x00000002   PAD
    0x080033b4   0x080033b4   0x00000270   Code   RO         4828    i.HAL_UART_IRQHandler  stm32f4xx_hal_uart.o
    0x08003624   0x08003624   0x00000064   Code   RO         4829    i.HAL_UART_Init     stm32f4xx_hal_uart.o
    0x08003688   0x08003688   0x000000b4   Code   RO          489    i.HAL_UART_MspInit  usart.o
    0x0800373c   0x0800373c   0x0000001c   Code   RO         4834    i.HAL_UART_Receive_IT  stm32f4xx_hal_uart.o
    0x08003758   0x08003758   0x00000002   Code   RO         4835    i.HAL_UART_RxCpltCallback  stm32f4xx_hal_uart.o
    0x0800375a   0x0800375a   0x000000a0   Code   RO         4837    i.HAL_UART_Transmit  stm32f4xx_hal_uart.o
    0x080037fa   0x080037fa   0x00000002   PAD
    0x080037fc   0x080037fc   0x00000078   Code   RO         4838    i.HAL_UART_Transmit_DMA  stm32f4xx_hal_uart.o
    0x08003874   0x08003874   0x00000002   Code   RO         4840    i.HAL_UART_TxCpltCallback  stm32f4xx_hal_uart.o
    0x08003876   0x08003876   0x00000002   Code   RO         4841    i.HAL_UART_TxHalfCpltCallback  stm32f4xx_hal_uart.o
    0x08003878   0x08003878   0x00000002   Code   RO          534    i.HardFault_Handler  stm32f4xx_it.o
    0x0800387a   0x0800387a   0x00000002   PAD
    0x0800387c   0x0800387c   0x00000038   Code   RO          755    i.IntToUnicode      usbd_desc.o
    0x080038b4   0x080038b4   0x000000e4   Code   RO          280    i.MX_ADC1_Init      adc.o
    0x08003998   0x08003998   0x0000003c   Code   RO          320    i.MX_DMA_Init       dma.o
    0x080039d4   0x080039d4   0x00000110   Code   RO          254    i.MX_GPIO_Init      gpio.o
    0x08003ae4   0x08003ae4   0x00000040   Code   RO          346    i.MX_I2C1_Init      i2c.o
    0x08003b24   0x08003b24   0x00000048   Code   RO          388    i.MX_SPI1_Init      spi.o
    0x08003b6c   0x08003b6c   0x000000fc   Code   RO          431    i.MX_TIM1_Init      tim.o
    0x08003c68   0x08003c68   0x00000068   Code   RO          432    i.MX_TIM4_Init      tim.o
    0x08003cd0   0x08003cd0   0x00000044   Code   RO          433    i.MX_TIM7_Init      tim.o
    0x08003d14   0x08003d14   0x00000038   Code   RO          490    i.MX_USART1_UART_Init  usart.o
    0x08003d4c   0x08003d4c   0x00000040   Code   RO          711    i.MX_USB_DEVICE_Init  usb_device.o
    0x08003d8c   0x08003d8c   0x00000002   Code   RO          535    i.MemManage_Handler  stm32f4xx_it.o
    0x08003d8e   0x08003d8e   0x00000002   Code   RO          536    i.NMI_Handler       stm32f4xx_it.o
    0x08003d90   0x08003d90   0x0000000c   Code   RO          537    i.OTG_FS_IRQHandler  stm32f4xx_it.o
    0x08003d9c   0x08003d9c   0x000000cc   Code   RO         1083    i.PCD_EP_OutXfrComplete_int  stm32f4xx_hal_pcd.o
    0x08003e68   0x08003e68   0x000000a2   Code   RO         1084    i.PCD_WriteEmptyTxFifo  stm32f4xx_hal_pcd.o
    0x08003f0a   0x08003f0a   0x00000002   Code   RO          538    i.PendSV_Handler    stm32f4xx_it.o
    0x08003f0c   0x08003f0c   0x00000054   Code   RO         5243    i.RevPack           foc.o
    0x08003f60   0x08003f60   0x0000005c   Code   RO         3552    i.SPI_EndRxTransaction  stm32f4xx_hal_spi.o
    0x08003fbc   0x08003fbc   0x0000006c   Code   RO         3553    i.SPI_EndRxTxTransaction  stm32f4xx_hal_spi.o
    0x08004028   0x08004028   0x000000b8   Code   RO         3558    i.SPI_WaitFlagStateUntilTimeout  stm32f4xx_hal_spi.o
    0x080040e0   0x080040e0   0x00000002   Code   RO          539    i.SVC_Handler       stm32f4xx_it.o
    0x080040e2   0x080040e2   0x0000000a   Code   RO         5601    i.SWAPBYTE          usbd_ctlreq.o
    0x080040ec   0x080040ec   0x0000004c   Code   RO         5244    i.SectorJudge       foc.o
    0x08004138   0x08004138   0x00000090   Code   RO         5245    i.Svpwm_ABC         foc.o
    0x080041c8   0x080041c8   0x00000002   Code   RO          540    i.SysTick_Handler   stm32f4xx_it.o
    0x080041ca   0x080041ca   0x00000002   PAD
    0x080041cc   0x080041cc   0x00000094   Code   RO           16    i.SystemClock_Config  main.o
    0x08004260   0x08004260   0x00000010   Code   RO         5163    i.SystemInit        system_stm32f4xx.o
    0x08004270   0x08004270   0x0000000c   Code   RO          541    i.TIM4_IRQHandler   stm32f4xx_it.o
    0x0800427c   0x0800427c   0x0000000c   Code   RO          542    i.TIM6_DAC_IRQHandler  stm32f4xx_it.o
    0x08004288   0x08004288   0x0000000c   Code   RO          543    i.TIM7_IRQHandler   stm32f4xx_it.o
    0x08004294   0x08004294   0x000000d8   Code   RO         3921    i.TIM_Base_SetConfig  stm32f4xx_hal_tim.o
    0x0800436c   0x0800436c   0x0000001a   Code   RO         3922    i.TIM_CCxChannelCmd  stm32f4xx_hal_tim.o
    0x08004386   0x08004386   0x0000001a   Code   RO         4571    i.TIM_CCxNChannelCmd  stm32f4xx_hal_tim_ex.o
    0x080043a0   0x080043a0   0x00000014   Code   RO         3932    i.TIM_ETR_SetConfig  stm32f4xx_hal_tim.o
    0x080043b4   0x080043b4   0x00000010   Code   RO         3933    i.TIM_ITRx_SetConfig  stm32f4xx_hal_tim.o
    0x080043c4   0x080043c4   0x00000060   Code   RO         3934    i.TIM_OC1_SetConfig  stm32f4xx_hal_tim.o
    0x08004424   0x08004424   0x0000006c   Code   RO         3935    i.TIM_OC2_SetConfig  stm32f4xx_hal_tim.o
    0x08004490   0x08004490   0x00000068   Code   RO         3936    i.TIM_OC3_SetConfig  stm32f4xx_hal_tim.o
    0x080044f8   0x080044f8   0x00000050   Code   RO         3937    i.TIM_OC4_SetConfig  stm32f4xx_hal_tim.o
    0x08004548   0x08004548   0x00000022   Code   RO         3939    i.TIM_TI1_ConfigInputStage  stm32f4xx_hal_tim.o
    0x0800456a   0x0800456a   0x00000024   Code   RO         3941    i.TIM_TI2_ConfigInputStage  stm32f4xx_hal_tim.o
    0x0800458e   0x0800458e   0x00000010   Code   RO         4842    i.UART_DMAAbortOnError  stm32f4xx_hal_uart.o
    0x0800459e   0x0800459e   0x0000004a   Code   RO         4843    i.UART_DMAError     stm32f4xx_hal_uart.o
    0x080045e8   0x080045e8   0x00000042   Code   RO         4848    i.UART_DMATransmitCplt  stm32f4xx_hal_uart.o
    0x0800462a   0x0800462a   0x0000000a   Code   RO         4850    i.UART_DMATxHalfCplt  stm32f4xx_hal_uart.o
    0x08004634   0x08004634   0x0000004e   Code   RO         4852    i.UART_EndRxTransfer  stm32f4xx_hal_uart.o
    0x08004682   0x08004682   0x0000001c   Code   RO         4853    i.UART_EndTxTransfer  stm32f4xx_hal_uart.o
    0x0800469e   0x0800469e   0x000000c2   Code   RO         4854    i.UART_Receive_IT   stm32f4xx_hal_uart.o
    0x08004760   0x08004760   0x0000010c   Code   RO         4855    i.UART_SetConfig    stm32f4xx_hal_uart.o
    0x0800486c   0x0800486c   0x00000036   Code   RO         4857    i.UART_Start_Receive_IT  stm32f4xx_hal_uart.o
    0x080048a2   0x080048a2   0x00000072   Code   RO         4858    i.UART_WaitOnFlagUntilTimeout  stm32f4xx_hal_uart.o
    0x08004914   0x08004914   0x0000000c   Code   RO          544    i.USART1_IRQHandler  stm32f4xx_it.o
    0x08004920   0x08004920   0x00000014   Code   RO         5442    i.USBD_ClrClassConfig  usbd_core.o
    0x08004934   0x08004934   0x00000004   Code   RO         5443    i.USBD_CoreFindEP   usbd_core.o
    0x08004938   0x08004938   0x00000004   Code   RO         5444    i.USBD_CoreFindIF   usbd_core.o
    0x0800493c   0x0800493c   0x00000010   Code   RO         5674    i.USBD_CtlContinueRx  usbd_ioreq.o
    0x0800494c   0x0800494c   0x00000010   Code   RO         5675    i.USBD_CtlContinueSendData  usbd_ioreq.o
    0x0800495c   0x0800495c   0x00000016   Code   RO         5602    i.USBD_CtlError     usbd_ctlreq.o
    0x08004972   0x08004972   0x00000016   Code   RO         5677    i.USBD_CtlReceiveStatus  usbd_ioreq.o
    0x08004988   0x08004988   0x0000001a   Code   RO         5678    i.USBD_CtlSendData  usbd_ioreq.o
    0x080049a2   0x080049a2   0x00000016   Code   RO         5679    i.USBD_CtlSendStatus  usbd_ioreq.o
    0x080049b8   0x080049b8   0x00000020   Code   RO          756    i.USBD_FS_ConfigStrDescriptor  usbd_desc.o
    0x080049d8   0x080049d8   0x0000000c   Code   RO          757    i.USBD_FS_DeviceDescriptor  usbd_desc.o
    0x080049e4   0x080049e4   0x00000024   Code   RO          758    i.USBD_FS_InterfaceStrDescriptor  usbd_desc.o
    0x08004a08   0x08004a08   0x0000000c   Code   RO          759    i.USBD_FS_LangIDStrDescriptor  usbd_desc.o
    0x08004a14   0x08004a14   0x00000028   Code   RO          760    i.USBD_FS_ManufacturerStrDescriptor  usbd_desc.o
    0x08004a3c   0x08004a3c   0x0000002c   Code   RO          761    i.USBD_FS_ProductStrDescriptor  usbd_desc.o
    0x08004a68   0x08004a68   0x00000038   Code   RO          762    i.USBD_FS_SerialStrDescriptor  usbd_desc.o
    0x08004aa0   0x08004aa0   0x000000e6   Code   RO         5603    i.USBD_GetDescriptor  usbd_ctlreq.o
    0x08004b86   0x08004b86   0x0000003a   Code   RO         5446    i.USBD_GetEpDesc    usbd_core.o
    0x08004bc0   0x08004bc0   0x0000000e   Code   RO         5447    i.USBD_GetNextDesc  usbd_core.o
    0x08004bce   0x08004bce   0x00000048   Code   RO         5604    i.USBD_GetString    usbd_ctlreq.o
    0x08004c16   0x08004c16   0x00000018   Code   RO          854    i.USBD_Get_USB_Status  usbd_conf.o
    0x08004c2e   0x08004c2e   0x00000014   Code   RO         5734    i.USBD_HID_DataIn   usbd_hid.o
    0x08004c42   0x08004c42   0x00000002   PAD
    0x08004c44   0x08004c44   0x00000048   Code   RO         5735    i.USBD_HID_DeInit   usbd_hid.o
    0x08004c8c   0x08004c8c   0x0000000c   Code   RO         5736    i.USBD_HID_GetDeviceQualifierDesc  usbd_hid.o
    0x08004c98   0x08004c98   0x00000020   Code   RO         5737    i.USBD_HID_GetFSCfgDesc  usbd_hid.o
    0x08004cb8   0x08004cb8   0x00000020   Code   RO         5738    i.USBD_HID_GetHSCfgDesc  usbd_hid.o
    0x08004cd8   0x08004cd8   0x00000020   Code   RO         5739    i.USBD_HID_GetOtherSpeedCfgDesc  usbd_hid.o
    0x08004cf8   0x08004cf8   0x00000074   Code   RO         5741    i.USBD_HID_Init     usbd_hid.o
    0x08004d6c   0x08004d6c   0x000000e0   Code   RO         5743    i.USBD_HID_Setup    usbd_hid.o
    0x08004e4c   0x08004e4c   0x00000026   Code   RO         5448    i.USBD_Init         usbd_core.o
    0x08004e72   0x08004e72   0x00000012   Code   RO          855    i.USBD_LL_ClearStallEP  usbd_conf.o
    0x08004e84   0x08004e84   0x00000012   Code   RO          856    i.USBD_LL_CloseEP   usbd_conf.o
    0x08004e96   0x08004e96   0x000000b6   Code   RO         5449    i.USBD_LL_DataInStage  usbd_core.o
    0x08004f4c   0x08004f4c   0x0000008e   Code   RO         5450    i.USBD_LL_DataOutStage  usbd_core.o
    0x08004fda   0x08004fda   0x00000004   Code   RO         5451    i.USBD_LL_DevConnected  usbd_core.o
    0x08004fde   0x08004fde   0x0000001e   Code   RO         5452    i.USBD_LL_DevDisconnected  usbd_core.o
    0x08004ffc   0x08004ffc   0x00000060   Code   RO          861    i.USBD_LL_Init      usbd_conf.o
    0x0800505c   0x0800505c   0x0000001e   Code   RO          862    i.USBD_LL_IsStallEP  usbd_conf.o
    0x0800507a   0x0800507a   0x00000028   Code   RO         5453    i.USBD_LL_IsoINIncomplete  usbd_core.o
    0x080050a2   0x080050a2   0x00000028   Code   RO         5454    i.USBD_LL_IsoOUTIncomplete  usbd_core.o
    0x080050ca   0x080050ca   0x00000018   Code   RO          863    i.USBD_LL_OpenEP    usbd_conf.o
    0x080050e2   0x080050e2   0x00000012   Code   RO          864    i.USBD_LL_PrepareReceive  usbd_conf.o
    0x080050f4   0x080050f4   0x0000005c   Code   RO         5455    i.USBD_LL_Reset     usbd_core.o
    0x08005150   0x08005150   0x00000014   Code   RO         5456    i.USBD_LL_Resume    usbd_core.o
    0x08005164   0x08005164   0x0000001a   Code   RO         5457    i.USBD_LL_SOF       usbd_core.o
    0x0800517e   0x0800517e   0x00000006   Code   RO         5458    i.USBD_LL_SetSpeed  usbd_core.o
    0x08005184   0x08005184   0x00000012   Code   RO          865    i.USBD_LL_SetUSBAddress  usbd_conf.o
    0x08005196   0x08005196   0x00000060   Code   RO         5459    i.USBD_LL_SetupStage  usbd_core.o
    0x080051f6   0x080051f6   0x00000012   Code   RO          866    i.USBD_LL_StallEP   usbd_conf.o
    0x08005208   0x08005208   0x00000012   Code   RO          867    i.USBD_LL_Start     usbd_conf.o
    0x0800521a   0x0800521a   0x0000001a   Code   RO         5460    i.USBD_LL_Suspend   usbd_core.o
    0x08005234   0x08005234   0x00000012   Code   RO          869    i.USBD_LL_Transmit  usbd_conf.o
    0x08005246   0x08005246   0x0000002c   Code   RO         5605    i.USBD_ParseSetupRequest  usbd_ctlreq.o
    0x08005272   0x08005272   0x0000003a   Code   RO         5461    i.USBD_RegisterClass  usbd_core.o
    0x080052ac   0x080052ac   0x00000014   Code   RO         5463    i.USBD_SetClassConfig  usbd_core.o
    0x080052c0   0x080052c0   0x000000b8   Code   RO         5606    i.USBD_SetConfig    usbd_ctlreq.o
    0x08005378   0x08005378   0x00000004   Code   RO         5464    i.USBD_Start        usbd_core.o
    0x0800537c   0x0800537c   0x0000012c   Code   RO         5607    i.USBD_StdDevReq    usbd_ctlreq.o
    0x080054a8   0x080054a8   0x00000160   Code   RO         5608    i.USBD_StdEPReq     usbd_ctlreq.o
    0x08005608   0x08005608   0x00000072   Code   RO         5609    i.USBD_StdItfReq    usbd_ctlreq.o
    0x0800567a   0x0800567a   0x00000002   Code   RO          870    i.USBD_static_free  usbd_conf.o
    0x0800567c   0x0800567c   0x00000008   Code   RO          871    i.USBD_static_malloc  usbd_conf.o
    0x08005684   0x08005684   0x00000080   Code   RO         1329    i.USB_ActivateEndpoint  stm32f4xx_ll_usb.o
    0x08005704   0x08005704   0x0000001c   Code   RO         1331    i.USB_ActivateSetup  stm32f4xx_ll_usb.o
    0x08005720   0x08005720   0x00000084   Code   RO         1333    i.USB_CoreInit      stm32f4xx_ll_usb.o
    0x080057a4   0x080057a4   0x0000003c   Code   RO         1334    i.USB_CoreReset     stm32f4xx_ll_usb.o
    0x080057e0   0x080057e0   0x000000cc   Code   RO         1337    i.USB_DeactivateEndpoint  stm32f4xx_ll_usb.o
    0x080058ac   0x080058ac   0x0000001c   Code   RO         1338    i.USB_DevConnect    stm32f4xx_ll_usb.o
    0x080058c8   0x080058c8   0x0000001c   Code   RO         1339    i.USB_DevDisconnect  stm32f4xx_ll_usb.o
    0x080058e4   0x080058e4   0x0000017c   Code   RO         1340    i.USB_DevInit       stm32f4xx_ll_usb.o
    0x08005a60   0x08005a60   0x0000000c   Code   RO         1341    i.USB_DisableGlobalInt  stm32f4xx_ll_usb.o
    0x08005a6c   0x08005a6c   0x00000058   Code   RO         1344    i.USB_EP0_OutStart  stm32f4xx_ll_usb.o
    0x08005ac4   0x08005ac4   0x00000058   Code   RO         1345    i.USB_EPClearStall  stm32f4xx_ll_usb.o
    0x08005b1c   0x08005b1c   0x00000058   Code   RO         1346    i.USB_EPSetStall    stm32f4xx_ll_usb.o
    0x08005b74   0x08005b74   0x00000230   Code   RO         1347    i.USB_EPStartXfer   stm32f4xx_ll_usb.o
    0x08005da4   0x08005da4   0x0000009e   Code   RO         1348    i.USB_EPStopXfer    stm32f4xx_ll_usb.o
    0x08005e42   0x08005e42   0x0000000c   Code   RO         1349    i.USB_EnableGlobalInt  stm32f4xx_ll_usb.o
    0x08005e4e   0x08005e4e   0x00000038   Code   RO         1350    i.USB_FlushRxFifo   stm32f4xx_ll_usb.o
    0x08005e86   0x08005e86   0x0000003c   Code   RO         1351    i.USB_FlushTxFifo   stm32f4xx_ll_usb.o
    0x08005ec2   0x08005ec2   0x0000001a   Code   RO         1353    i.USB_GetDevSpeed   stm32f4xx_ll_usb.o
    0x08005edc   0x08005edc   0x00000008   Code   RO         1355    i.USB_GetMode       stm32f4xx_ll_usb.o
    0x08005ee4   0x08005ee4   0x0000000e   Code   RO         1363    i.USB_ReadDevAllInEpInterrupt  stm32f4xx_ll_usb.o
    0x08005ef2   0x08005ef2   0x0000000e   Code   RO         1364    i.USB_ReadDevAllOutEpInterrupt  stm32f4xx_ll_usb.o
    0x08005f00   0x08005f00   0x00000024   Code   RO         1365    i.USB_ReadDevInEPInterrupt  stm32f4xx_ll_usb.o
    0x08005f24   0x08005f24   0x00000010   Code   RO         1366    i.USB_ReadDevOutEPInterrupt  stm32f4xx_ll_usb.o
    0x08005f34   0x08005f34   0x00000008   Code   RO         1367    i.USB_ReadInterrupts  stm32f4xx_ll_usb.o
    0x08005f3c   0x08005f3c   0x0000003e   Code   RO         1368    i.USB_ReadPacket    stm32f4xx_ll_usb.o
    0x08005f7a   0x08005f7a   0x0000005c   Code   RO         1370    i.USB_SetCurrentMode  stm32f4xx_ll_usb.o
    0x08005fd6   0x08005fd6   0x00000022   Code   RO         1371    i.USB_SetDevAddress  stm32f4xx_ll_usb.o
    0x08005ff8   0x08005ff8   0x000000e8   Code   RO         1373    i.USB_SetTurnaroundTime  stm32f4xx_ll_usb.o
    0x080060e0   0x080060e0   0x00000028   Code   RO         1376    i.USB_WritePacket   stm32f4xx_ll_usb.o
    0x08006108   0x08006108   0x00000002   Code   RO          545    i.UsageFault_Handler  stm32f4xx_it.o
    0x0800610a   0x0800610a   0x00000002   PAD
    0x0800610c   0x0800610c   0x0000009c   Code   RO         5246    i.V_Time            foc.o
    0x080061a8   0x080061a8   0x00000020   Code   RO         5998    i.__0printf$1       mc_w.l(printf1.o)
    0x080061c8   0x080061c8   0x00000020   Code   RO         2391    i.__NVIC_SetPriority  stm32f4xx_hal_cortex.o
    0x080061e8   0x080061e8   0x0000000e   Code   RO         6260    i.__scatterload_copy  mc_w.l(handlers.o)
    0x080061f6   0x080061f6   0x00000002   Code   RO         6261    i.__scatterload_null  mc_w.l(handlers.o)
    0x080061f8   0x080061f8   0x0000000e   Code   RO         6262    i.__scatterload_zeroinit  mc_w.l(handlers.o)
    0x08006206   0x08006206   0x00000002   PAD
    0x08006208   0x08006208   0x00000154   Code   RO         6005    i._printf_core      mc_w.l(printf1.o)
    0x0800635c   0x0800635c   0x00000018   Code   RO         5383    i.fputc             bsp_uart.o
    0x08006374   0x08006374   0x000000bc   Code   RO           17    i.main              main.o
    0x08006430   0x08006430   0x0000003c   Code   RO         5308    i.spi1_read_byte    bsp_drv8301.o
    0x0800646c   0x0800646c   0x0000003c   Code   RO         5309    i.spi1_write_byte   bsp_drv8301.o
    0x080064a8   0x080064a8   0x00000008   Data   RO         2107    .constdata          stm32f4xx_hal_dma.o
    0x080064b0   0x080064b0   0x00000010   Data   RO         5164    .constdata          system_stm32f4xx.o
    0x080064c0   0x080064c0   0x00000008   Data   RO         5165    .constdata          system_stm32f4xx.o
    0x080064c8   0x080064c8   0x00000804   Data   RO         5939    .rodata.sinTable_f32  arm_cortexM4lf_math.lib(arm_common_tables.o)
    0x08006ccc   0x08006ccc   0x00000020   Data   RO         6258    Region$$Table       anon$$obj.o


    Execution Region RW_IRAM1 (Exec base: 0x20000000, Load base: 0x08006cec, Size: 0x00001268, Max: 0x0001c000, ABSOLUTE, COMPRESSED[0x000000d8])

    Exec Addr    Load Addr    Size         Type   Attr      Idx    E Section Name        Object

    0x20000000   COMPRESSED   0x0000002c   Data   RW           20    .data               main.o
    0x2000002c   COMPRESSED   0x0000001c   Data   RW          764    .data               usbd_desc.o
    0x20000048   COMPRESSED   0x00000032   Data   RW          765    .data               usbd_desc.o
    0x2000007a   COMPRESSED   0x00000002   PAD
    0x2000007c   COMPRESSED   0x0000000c   Data   RW         2540    .data               stm32f4xx_hal.o
    0x20000088   COMPRESSED   0x00000004   Data   RW         5166    .data               system_stm32f4xx.o
    0x2000008c   COMPRESSED   0x00000001   Data   RW         5610    .data               usbd_ctlreq.o
    0x2000008d   COMPRESSED   0x00000003   PAD
    0x20000090   COMPRESSED   0x00000038   Data   RW         5744    .data               usbd_hid.o
    0x200000c8   COMPRESSED   0x0000008a   Data   RW         5745    .data               usbd_hid.o
    0x20000152   COMPRESSED   0x00000002   PAD
    0x20000154   COMPRESSED   0x00000004   Data   RW         6236    .data               mc_w.l(stdout.o)
    0x20000158        -       0x0000000c   Zero   RW           19    .bss                main.o
    0x20000164        -       0x000000a8   Zero   RW          281    .bss                adc.o
    0x2000020c        -       0x00000054   Zero   RW          347    .bss                i2c.o
    0x20000260        -       0x00000058   Zero   RW          389    .bss                spi.o
    0x200002b8        -       0x000000d8   Zero   RW          434    .bss                tim.o
    0x20000390        -       0x000000a8   Zero   RW          491    .bss                usart.o
    0x20000438        -       0x00000048   Zero   RW          675    .bss                stm32f4xx_hal_timebase_tim.o
    0x20000480        -       0x000002dc   Zero   RW          712    .bss                usb_device.o
    0x2000075c        -       0x00000200   Zero   RW          763    .bss                usbd_desc.o
    0x2000095c        -       0x000004f8   Zero   RW          872    .bss                usbd_conf.o
    0x20000e54        -       0x0000000e   Zero   RW         5413    .bss                bsp_adc.o
    0x20000e62   COMPRESSED   0x00000006   PAD
    0x20000e68        -       0x00000400   Zero   RW            1    STACK               startup_stm32f407xx.o


    Execution Region RW_IRAM2 (Exec base: 0x2001c000, Load base: 0x08006dc4, Size: 0x00000000, Max: 0x00004000, ABSOLUTE)

    **** No section assigned to this execution region ****


==============================================================================

Image component sizes


      Code (inc. data)   RO Data    RW Data    ZI Data      Debug   Object Name

       412         36          0          0        168       2035   adc.o
        12          4          0          0         14       1091   bsp_adc.o
       276         64          0          0          0       2202   bsp_drv8301.o
        24          4          0          0          0        536   bsp_uart.o
        60          4          0          0          0        830   dma.o
       710         34          0          0          0       5057   foc.o
       272         18          0          0          0       1119   gpio.o
       168         26          0          0         84       1769   i2c.o
       650         94          0         44         12     740407   main.o
       176         22          0          0         88       1781   spi.o
        36          8        392          0       1024        860   startup_stm32f407xx.o
       116         18          0         12          0       8878   stm32f4xx_hal.o
      1198         66          0          0          0       7122   stm32f4xx_hal_adc.o
       158         14          0          0          0      33158   stm32f4xx_hal_cortex.o
      1084         16          8          0          0       7554   stm32f4xx_hal_dma.o
       506         46          0          0          0       2264   stm32f4xx_hal_gpio.o
       392         16          0          0          0       3271   stm32f4xx_hal_i2c.o
        48          6          0          0          0        906   stm32f4xx_hal_msp.o
      2554         12          0          0          0      13236   stm32f4xx_hal_pcd.o
        78          0          0          0          0       2489   stm32f4xx_hal_pcd_ex.o
      1420         88          0          0          0       6561   stm32f4xx_hal_rcc.o
      1774         14          0          0          0       8738   stm32f4xx_hal_spi.o
      1982        138          0          0          0      17594   stm32f4xx_hal_tim.o
       450         56          0          0          0       4936   stm32f4xx_hal_tim_ex.o
       152         20          0          0         72       1547   stm32f4xx_hal_timebase_tim.o
      1944         30          0          0          0      16316   stm32f4xx_hal_uart.o
       102         42          0          0          0       7824   stm32f4xx_it.o
      2692        116          0          0          0      23928   stm32f4xx_ll_usb.o
        16          4         24          4          0       1199   system_stm32f4xx.o
       676         60          0          0        216       4046   tim.o
       236         30          0          0        168       1893   usart.o
        64         12          0          0        732        844   usb_device.o
       634         24          0          0       1272      16852   usbd_conf.o
       924          0          0          0          0      15971   usbd_core.o
      1328         28          0          1          0      15148   usbd_ctlreq.o
       288        104          0         78        512       6409   usbd_desc.o
       540         40          0        194          0       8107   usbd_hid.o
       102          0          0          0          0       3956   usbd_ioreq.o

    ----------------------------------------------------------------------
     24288       1314        456        340       4368     998434   Object Totals
         0          0         32          0          0          0   (incl. Generated)
        34          0          0          7          6          0   (incl. Padding)

    ----------------------------------------------------------------------

      Code (inc. data)   RO Data    RW Data    ZI Data      Debug   Library Member Name

         0          0       2052          0          0       6294   arm_common_tables.o
       152         12          0          0          0       1104   arm_cos_f32.o
       144         12          0          0          0       1092   arm_sin_f32.o
        86          0          0          0          0          0   __dczerorl2.o
         0          0          0          0          0          0   entry.o
         0          0          0          0          0          0   entry10a.o
         0          0          0          0          0          0   entry11a.o
         4          0          0          0          0          0   entry12b.o
         8          4          0          0          0          0   entry2.o
         4          0          0          0          0          0   entry5.o
         0          0          0          0          0          0   entry7b.o
         0          0          0          0          0          0   entry8b.o
         8          4          0          0          0          0   entry9a.o
        30          0          0          0          0          0   handlers.o
        36          8          0          0          0         68   init.o
        30          0          0          0          0         68   llshl.o
        32          0          0          0          0         68   llushr.o
        36          0          0          0          0        108   memseta.o
       372         14          0          0          0        184   printf1.o
         0          0          0          4          0          0   stdout.o
        44          0          0          0          0         80   uidiv.o
        98          0          0          0          0         92   uldiv.o

    ----------------------------------------------------------------------
      1088         54       2052          4          0       9158   Library Totals
         4          0          0          0          0          0   (incl. Padding)

    ----------------------------------------------------------------------

      Code (inc. data)   RO Data    RW Data    ZI Data      Debug   Library Name

       296         24       2052          0          0       8490   arm_cortexM4lf_math.lib
       788         30          0          4          0        668   mc_w.l

    ----------------------------------------------------------------------
      1088         54       2052          4          0       9158   Library Totals

    ----------------------------------------------------------------------

==============================================================================


      Code (inc. data)   RO Data    RW Data    ZI Data      Debug   

     25376       1368       2508        344       4368     982600   Grand Totals
     25376       1368       2508        216       4368     982600   ELF Image Totals (compressed)
     25376       1368       2508        216          0          0   ROM Totals

==============================================================================

    Total RO  Size (Code + RO Data)                27884 (  27.23kB)
    Total RW  Size (RW Data + ZI Data)              4712 (   4.60kB)
    Total ROM Size (Code + RO Data + RW Data)      28100 (  27.44kB)

==============================================================================

